{
  "generated_at_utc": "2026-07-15T08:43:06.132377+00:00",
  "manifest": "/home/cihebi/抗菌肽/数据集/batch/5-team/pipeline_v2/deepmine/dbaasp_strict_pilot/papers/PMC11292031/work/review/gate_manifest.worker6.current.abs.json",
  "paper_count": 1,
  "review_status": {
    "accepted_with_cautions": 1
  },
  "counts": {
    "activity_records": 16,
    "mechanism_claims": 5
  },
  "issue_log_counts": {
    "issue_log_parse_error": 14
  },
  "risk_counts": {
    "issue_log_parse_error": 14
  },
  "risk_examples": {
    "issue_log_parse_error": [
      {
        "count": 14
      }
    ]
  },
  "publication_grade_pass": false
}
