[1/3] true rework queue doi__10.1038_ncomms4067
[2/3] true rework queue doi__10.1093_infdis_jiv325
[3/3] true rework queue doi__10.3390_v11010056
{
  "ok": true,
  "summary_path": "/root/work/抗菌肽/数据库/batch/4-team/reports/true_rework_queue_needs_targeted_owner_remaining11_lane01_20260620T130635Z_20260620T133412Z.json",
  "latest_path": "/root/work/抗菌肽/数据库/batch/4-team/reports/true_rework_queue_needs_targeted_owner_remaining11_lane01_20260620T130635Z_latest.json",
  "terminal_status_counts": {
    "accepted_after_rework": 1,
    "blocked_after_best_effort": 2
  },
  "result_status_counts": {
    "accepted_after_rework": 1,
    "infrastructure_codex_worker_failed": 2
  },
  "refined_status_counts": {
    "accepted_after_rework_attempt1": 1,
    "unclassified_queue_status": 2
  },
  "followup_queue_manifest_paths": {
    "infra_recovery": "/root/work/抗菌肽/数据库/batch/4-team/reports/followup_queues/true_rework_queue_needs_targeted_owner_remaining11_lane01_20260620T130635Z_20260620T133412Z_infra_recovery.json",
    "watchdog_retry": "/root/work/抗菌肽/数据库/batch/4-team/reports/followup_queues/true_rework_queue_needs_targeted_owner_remaining11_lane01_20260620T130635Z_20260620T133412Z_watchdog_retry.json",
    "source_staging_needed": "/root/work/抗菌肽/数据库/batch/4-team/reports/followup_queues/true_rework_queue_needs_targeted_owner_remaining11_lane01_20260620T130635Z_20260620T133412Z_source_staging_needed.json",
    "parser_manual_extraction_needed": "/root/work/抗菌肽/数据库/batch/4-team/reports/followup_queues/true_rework_queue_needs_targeted_owner_remaining11_lane01_20260620T130635Z_20260620T133412Z_parser_manual_extraction_needed.json",
    "owner_context_rework_needed": "/root/work/抗菌肽/数据库/batch/4-team/reports/followup_queues/true_rework_queue_needs_targeted_owner_remaining11_lane01_20260620T130635Z_20260620T133412Z_owner_context_rework_needed.json"
  },
  "accepted_sample_audit_manifest_path": "/root/work/抗菌肽/数据库/batch/4-team/reports/followup_queues/true_rework_queue_needs_targeted_owner_remaining11_lane01_20260620T130635Z_20260620T133412Z_accepted_sample_audit.json"
}
