[1/2] true rework queue doi__10.1073_pnas.2210990119
[2/2] true rework queue doi__10.1371_journal.pone.0080050
{
  "ok": true,
  "summary_path": "/root/work/抗菌肽/数据库/batch/4-team/reports/true_rework_queue_needs_targeted_owner_remaining11_lane04_20260620T130635Z_20260620T132156Z.json",
  "latest_path": "/root/work/抗菌肽/数据库/batch/4-team/reports/true_rework_queue_needs_targeted_owner_remaining11_lane04_20260620T130635Z_latest.json",
  "terminal_status_counts": {
    "accepted_after_rework": 1,
    "blocked_after_best_effort": 1
  },
  "result_status_counts": {
    "accepted_after_rework": 1,
    "infrastructure_codex_worker_failed": 1
  },
  "refined_status_counts": {
    "accepted_after_rework_attempt1": 1,
    "unclassified_queue_status": 1
  },
  "followup_queue_manifest_paths": {
    "infra_recovery": "/root/work/抗菌肽/数据库/batch/4-team/reports/followup_queues/true_rework_queue_needs_targeted_owner_remaining11_lane04_20260620T130635Z_20260620T132156Z_infra_recovery.json",
    "watchdog_retry": "/root/work/抗菌肽/数据库/batch/4-team/reports/followup_queues/true_rework_queue_needs_targeted_owner_remaining11_lane04_20260620T130635Z_20260620T132156Z_watchdog_retry.json",
    "source_staging_needed": "/root/work/抗菌肽/数据库/batch/4-team/reports/followup_queues/true_rework_queue_needs_targeted_owner_remaining11_lane04_20260620T130635Z_20260620T132156Z_source_staging_needed.json",
    "parser_manual_extraction_needed": "/root/work/抗菌肽/数据库/batch/4-team/reports/followup_queues/true_rework_queue_needs_targeted_owner_remaining11_lane04_20260620T130635Z_20260620T132156Z_parser_manual_extraction_needed.json",
    "owner_context_rework_needed": "/root/work/抗菌肽/数据库/batch/4-team/reports/followup_queues/true_rework_queue_needs_targeted_owner_remaining11_lane04_20260620T130635Z_20260620T132156Z_owner_context_rework_needed.json"
  },
  "accepted_sample_audit_manifest_path": "/root/work/抗菌肽/数据库/batch/4-team/reports/followup_queues/true_rework_queue_needs_targeted_owner_remaining11_lane04_20260620T130635Z_20260620T132156Z_accepted_sample_audit.json"
}
