{
  "packet_root": "/home/cihebi/抗菌肽/数据集/batch/5-team/pipeline_v2/deepmine/dbaasp_strict_pilot/packets",
  "paper_count": 1,
  "material_status_counts": {
    "material_extracted_complete": 1
  },
  "analysis_status_counts": {
    "analysis_adjudicated_with_cautions": 1
  },
  "open_rework_ticket_count": 0,
  "total_locator_count": 191,
  "total_extraction_error_count": 0,
  "hard_finding_count": 0,
  "hard_finding_papers": [],
  "results": [
    {
      "paper_id": "PMC12229353",
      "packet_root": "/home/cihebi/抗菌肽/数据集/batch/5-team/pipeline_v2/deepmine/dbaasp_strict_pilot/packets/PMC12229353",
      "material_status": "material_extracted_complete",
      "analysis_status": "analysis_adjudicated_with_cautions",
      "missing_packet_files": [],
      "missing_final_files": [],
      "locator_count": 191,
      "extraction_error_count": 0,
      "open_rework_ticket_count": 0,
      "open_rework_ticket_ids": [],
      "database_row_counts": {
        "dbaasp_machine_extracted_rows": 36,
        "dbaasp_review_queue_rows": 0,
        "dbaasp_empty_done_rows": 0,
        "codex_exec_sessions": 0,
        "linked_article_records": 0,
        "linked_assay_records": 0,
        "linked_sequence_records": 0,
        "linked_literature_records": 0
      },
      "hard_findings": []
    }
  ]
}
