{
  "generated_at_utc": "2026-07-13T08:52:34.914343+00:00",
  "manifest": "/home/cihebi/抗菌肽/数据集/batch/5-team/pipeline_v2/deepmine/dbaasp_strict_pilot/papers/PMC12229353/work/review/one_paper_manifest.json",
  "paper_count": 1,
  "review_status": {
    "needs_targeted_rework": 1
  },
  "counts": {
    "activity_records": 88,
    "mechanism_claims": 7
  },
  "issue_log_counts": {},
  "risk_counts": {
    "cell_locator_coverage_mismatch": 1,
    "cell_observation_field_mismatch": 4,
    "cell_observation_record_count_mismatch": 24,
    "non_table_observation_record_count_mismatch": 12,
    "open_rework_targets": 1,
    "source_located_toxicity_candidate_excluded_without_records": 6,
    "table_observation_count_mismatch": 1
  },
  "risk_examples": {
    "cell_locator_coverage_mismatch": [
      {
        "paper_id": "PMC12229353",
        "source_locator": "xml:table-wrap:1",
        "expected_cell_count": 28,
        "citing_record_count": 16,
        "complete_cell_locator_count": 16,
        "unique_cell_locator_count": 9,
        "missing_record_ids": [],
        "missing_required_cells": [
          "row=2|column=5",
          "row=3|column=3",
          "row=3|column=4",
          "row=4|column=2",
          "row=4|column=3",
          "row=4|column=5",
          "row=5|column=2",
          "row=5|column=3",
          "row=5|column=5",
          "row=7|column=3",
          "row=7|column=4",
          "row=7|column=5",
          "row=8|column=2",
          "row=8|column=4",
          "row=8|column=5",
          "row=9|column=2",
          "row=9|column=3",
          "row=9|column=4",
          "row=9|column=5"
        ],
        "unexpected_cells": []
      }
    ],
    "cell_observation_field_mismatch": [
      {
        "paper_id": "PMC12229353",
        "source_locator": "xml:table-wrap:1:row=2|column=4",
        "record_id": "PMC12229353-W2-ACT-T1-0010",
        "field_mismatches": [
          "treatment"
        ],
        "expected_fields": {
          "endpoint": "MIC",
          "raw_unit": "μM",
          "raw_value": "2",
          "target_species": "Klebsiella pneumoniae",
          "target_strain_or_isolate": "KCTC 2208",
          "treatment": "Magainin 2"
        },
        "observed_fields": {
          "endpoint": "MIC",
          "raw_unit": "μM",
          "raw_value": "2",
          "target_species": "Klebsiella pneumoniae",
          "target_strain_or_isolate": "KCTC 2208",
          "treatment": null
        }
      },
      {
        "paper_id": "PMC12229353",
        "source_locator": "xml:table-wrap:1:row=4|column=4",
        "record_id": "PMC12229353-W2-ACT-T1-0014",
        "field_mismatches": [
          "treatment"
        ],
        "expected_fields": {
          "endpoint": "MIC",
          "raw_unit": "μM",
          "raw_value": "8",
          "target_species": "Salmonella typhimurium",
          "target_strain_or_isolate": "ATCC 14028",
          "treatment": "Magainin 2"
        },
        "observed_fields": {
          "endpoint": "MIC",
          "raw_unit": "μM",
          "raw_value": "8",
          "target_species": "Salmonella typhimurium",
          "target_strain_or_isolate": "ATCC 14028",
          "treatment": null
        }
      },
      {
        "paper_id": "PMC12229353",
        "source_locator": "xml:table-wrap:1:row=5|column=4",
        "record_id": "PMC12229353-W2-ACT-T1-0015",
        "field_mismatches": [
          "endpoint",
          "treatment"
        ],
        "expected_fields": {
          "endpoint": "MIC",
          "raw_unit": "μM",
          "raw_value": "2",
          "target_species": "Acinetobacter baumannii",
          "target_strain_or_isolate": "KCTC 2508",
          "treatment": "Magainin 2"
        },
        "observed_fields": {
          "endpoint": "MBC",
          "raw_unit": "μM",
          "raw_value": "2",
          "target_species": "Acinetobacter baumannii",
          "target_strain_or_isolate": "KCTC 2508",
          "treatment": null
        }
      },
      {
        "paper_id": "PMC12229353",
        "source_locator": "xml:table-wrap:1:row=8|column=3",
        "record_id": "PMC12229353-W2-ACT-T1-0006",
        "field_mismatches": [
          "treatment"
        ],
        "expected_fields": {
          "endpoint": "MBC",
          "raw_unit": "μM",
          "raw_value": "8",
          "target_species": "Bacillus cereus",
          "target_strain_or_isolate": "KCTC 1012",
          "treatment": "Mastoparan-S"
        },
        "observed_fields": {
          "endpoint": "MBC",
          "raw_unit": "μM",
          "raw_value": "8",
          "target_species": "Bacillus cereus",
          "target_strain_or_isolate": "KCTC 1012",
          "treatment": null
        }
      }
    ],
    "cell_observation_record_count_mismatch": [
      {
        "paper_id": "PMC12229353",
        "source_locator": "xml:table-wrap:1:row=2|column=2",
        "expected_count": 1,
        "observed_count": 2,
        "record_ids": [
          "PMC12229353-W2-ACT-T1-0001",
          "PMC12229353-W2-ACT-T1-0003"
        ]
      },
      {
        "paper_id": "PMC12229353",
        "source_locator": "xml:table-wrap:1:row=2|column=3",
        "expected_count": 1,
        "observed_count": 2,
        "record_ids": [
          "PMC12229353-W2-ACT-T1-0002",
          "PMC12229353-W2-ACT-T1-0011"
        ]
      },
      {
        "paper_id": "PMC12229353",
        "source_locator": "xml:table-wrap:1:row=2|column=5",
        "expected_count": 1,
        "observed_count": 0,
        "record_ids": []
      },
      {
        "paper_id": "PMC12229353",
        "source_locator": "xml:table-wrap:1:row=3|column=2",
        "expected_count": 1,
        "observed_count": 2,
        "record_ids": [
          "PMC12229353-W2-ACT-T1-0012",
          "PMC12229353-W2-ACT-T1-0016"
        ]
      },
      {
        "paper_id": "PMC12229353",
        "source_locator": "xml:table-wrap:1:row=3|column=3",
        "expected_count": 1,
        "observed_count": 0,
        "record_ids": []
      }
    ],
    "non_table_observation_record_count_mismatch": [
      {
        "paper_id": "PMC12229353",
        "observation_id": "mbic-mag2-pa",
        "evidence_kind": "activity",
        "expected_count": 1,
        "observed_count": 0,
        "record_ids": []
      },
      {
        "paper_id": "PMC12229353",
        "observation_id": "mbic-mag2-sa",
        "evidence_kind": "activity",
        "expected_count": 1,
        "observed_count": 0,
        "record_ids": []
      },
      {
        "paper_id": "PMC12229353",
        "observation_id": "mbic-ms-pa",
        "evidence_kind": "activity",
        "expected_count": 1,
        "observed_count": 0,
        "record_ids": []
      },
      {
        "paper_id": "PMC12229353",
        "observation_id": "mbic-ms-sa",
        "evidence_kind": "activity",
        "expected_count": 1,
        "observed_count": 0,
        "record_ids": []
      },
      {
        "paper_id": "PMC12229353",
        "observation_id": "pi-ms-pa-4xmic",
        "evidence_kind": "activity",
        "expected_count": 1,
        "observed_count": 0,
        "record_ids": []
      }
    ],
    "open_rework_targets": [
      {
        "paper_id": "PMC12229353",
        "count": null
      }
    ],
    "source_located_toxicity_candidate_excluded_without_records": [
      {
        "paper_id": "PMC12229353",
        "container": "excluded_machine_candidate_rows",
        "candidate_index": 8,
        "record_id": "PMC12229353-W2-ACT-0009",
        "endpoint": "percent cell death"
      },
      {
        "paper_id": "PMC12229353",
        "container": "excluded_machine_candidate_rows",
        "candidate_index": 9,
        "record_id": "PMC12229353-W2-ACT-0010",
        "endpoint": "percent cell death"
      },
      {
        "paper_id": "PMC12229353",
        "container": "excluded_machine_candidate_rows",
        "candidate_index": 10,
        "record_id": "PMC12229353-W2-ACT-0011",
        "endpoint": "percent cell death"
      },
      {
        "paper_id": "PMC12229353",
        "container": "excluded_machine_candidate_rows",
        "candidate_index": 13,
        "record_id": "PMC12229353-W2-ACT-0026",
        "endpoint": "percent hemolysis"
      },
      {
        "paper_id": "PMC12229353",
        "container": "excluded_machine_candidate_rows",
        "candidate_index": 14,
        "record_id": "PMC12229353-W2-ACT-0027",
        "endpoint": "percent cell death"
      }
    ],
    "table_observation_count_mismatch": [
      {
        "paper_id": "PMC12229353",
        "source_locator": "xml:table-wrap:1",
        "expected_count": 28,
        "observed_count": 16
      }
    ]
  },
  "publication_grade_pass": false
}
