{
  "generated_at_utc": "2026-07-11T13:15:25.407238+00:00",
  "manifest": "pipeline_v2/deepmine/dbaasp_strict_pilot/papers/PMC12229353/work/review/one_paper_manifest.json",
  "paper_count": 1,
  "review_status": {
    "needs_targeted_rework": 1
  },
  "counts": {
    "activity_records": 28,
    "mechanism_claims": 7
  },
  "issue_log_counts": {},
  "risk_counts": {
    "open_rework_targets": 1,
    "table_observation_count_mismatch": 1
  },
  "risk_examples": {
    "open_rework_targets": [
      {
        "paper_id": "PMC12229353",
        "count": null
      }
    ],
    "table_observation_count_mismatch": [
      {
        "paper_id": "PMC12229353",
        "source_locator": "xml:table-wrap:2",
        "expected_count": 72,
        "observed_count": 4
      }
    ]
  },
  "publication_grade_pass": false
}
