[1/12] accepted sample audit doi__10.1371_journal.ppat.1008082
[2/12] accepted sample audit doi__10.1371_journal.ppat.1011508
[3/12] accepted sample audit doi__10.15252_emmm.202114499
[4/12] accepted sample audit doi__10.18632_oncotarget.24582
[5/12] accepted sample audit doi__10.18725_oparu-34849
[6/12] accepted sample audit doi__10.18725_oparu-38134
[7/12] accepted sample audit doi__10.21203_rs.3.rs-2194162_v1
[8/12] accepted sample audit doi__10.1590_s1517-83822014000300043
[9/12] accepted sample audit doi__10.18632_oncotarget.22797
[10/12] accepted sample audit doi__10.13918_j.issn.2095-8137.2016.6.347
[11/12] accepted sample audit doi__10.18632_oncotarget.11841
[12/12] accepted sample audit doi__10.18632_oncotarget.2039
{
  "ok": true,
  "out": "reports/accepted_sample_audit/next200_10lane_20260505T152139Z_repair_20260506T130129Z/lane06/next200_10lane_20260505T152139Z_lane06_accepted_sample_audit_repair_20260506T130129Z.json",
  "latest": "reports/accepted_sample_audit/next200_10lane_20260505T152139Z_repair_20260506T130129Z/lane06/accepted_sample_audit_latest.json",
  "paper_count": 12,
  "passed_count": 12,
  "failed_count": 0,
  "issue_counts": {}
}
