[1/13] accepted sample audit doi__10.1371_journal.pone.0222438
[2/13] accepted sample audit doi__10.1371_journal.pone.0228740
[3/13] accepted sample audit doi__10.1371_journal.pone.0249658
[4/13] accepted sample audit doi__10.1371_journal.ppat.1000144
[5/13] accepted sample audit doi__10.1371_journal.ppat.1000509
[6/13] accepted sample audit doi__10.1371_journal.ppat.1002331
[7/13] accepted sample audit doi__10.1371_journal.ppat.1003425
[8/13] accepted sample audit doi__10.1371_journal.ppat.1004152
[9/13] accepted sample audit doi__10.1371_journal.pone.0223541
[10/13] accepted sample audit doi__10.1371_journal.ppat.1004071
[11/13] accepted sample audit doi__10.1371_journal.ppat.1000857
[12/13] accepted sample audit doi__10.1371_journal.pone.0229417
[13/13] accepted sample audit doi__10.1371_journal.ppat.1000698
{
  "ok": true,
  "out": "reports/accepted_sample_audit/next200_10lane_20260505T152139Z_repair_20260506T130129Z/lane05/next200_10lane_20260505T152139Z_lane05_accepted_sample_audit_repair_20260506T130129Z.json",
  "latest": "reports/accepted_sample_audit/next200_10lane_20260505T152139Z_repair_20260506T130129Z/lane05/accepted_sample_audit_latest.json",
  "paper_count": 13,
  "passed_count": 13,
  "failed_count": 0,
  "issue_counts": {}
}
