[1/13] accepted sample audit doi__10.1371_journal.pone.0083044
[2/13] accepted sample audit doi__10.1371_journal.pone.0085515
[3/13] accepted sample audit doi__10.1371_journal.pone.0086364
[4/13] accepted sample audit doi__10.1371_journal.pone.0093216
[5/13] accepted sample audit doi__10.1371_journal.pone.0097539
[6/13] accepted sample audit doi__10.1371_journal.pone.0101742
[7/13] accepted sample audit doi__10.1371_journal.pone.0102577
[8/13] accepted sample audit doi__10.1371_journal.pone.0105441
[9/13] accepted sample audit doi__10.1371_journal.pone.0105549
[10/13] accepted sample audit doi__10.1371_journal.pone.0095737
[11/13] accepted sample audit doi__10.1371_journal.pone.0106543
[12/13] accepted sample audit doi__10.1371_journal.pone.0110221
[13/13] accepted sample audit doi__10.1371_journal.pone.0086339
{
  "ok": true,
  "out": "reports/accepted_sample_audit/next200_10lane_20260505T152139Z_repair_20260506T130129Z/lane01/next200_10lane_20260505T152139Z_lane01_accepted_sample_audit_repair_20260506T130129Z.json",
  "latest": "reports/accepted_sample_audit/next200_10lane_20260505T152139Z_repair_20260506T130129Z/lane01/accepted_sample_audit_latest.json",
  "paper_count": 13,
  "passed_count": 13,
  "failed_count": 0,
  "issue_counts": {}
}
