{
  "packet_root": "/home/cihebi/抗菌肽/数据集/batch/5-team/pipeline_v2/deepmine/dbaasp_strict_pilot/packets",
  "paper_count": 1,
  "material_status_counts": {
    "material_extracted_complete": 1
  },
  "analysis_status_counts": {
    "analysis_needs_analysis_rework": 1
  },
  "open_rework_ticket_count": 3,
  "total_locator_count": 116,
  "total_extraction_error_count": 0,
  "hard_finding_count": 0,
  "hard_finding_papers": [],
  "results": [
    {
      "paper_id": "PMC11784053",
      "packet_root": "/home/cihebi/抗菌肽/数据集/batch/5-team/pipeline_v2/deepmine/dbaasp_strict_pilot/packets/PMC11784053",
      "material_status": "material_extracted_complete",
      "analysis_status": "analysis_needs_analysis_rework",
      "missing_packet_files": [],
      "missing_final_files": [],
      "locator_count": 116,
      "extraction_error_count": 0,
      "open_rework_ticket_count": 3,
      "open_rework_ticket_ids": [
        "rwk-PMC11784053-table1-table2-cell-dedup-006",
        "rwk-PMC11784053-source-proof-clarification-007",
        "rwk-PMC11784053-table-context-source-proof-008"
      ],
      "database_row_counts": {
        "dbaasp_machine_extracted_rows": 77,
        "dbaasp_review_queue_rows": 0,
        "dbaasp_empty_done_rows": 0,
        "codex_exec_sessions": 0,
        "linked_article_records": 0,
        "linked_assay_records": 0,
        "linked_sequence_records": 0,
        "linked_literature_records": 0
      },
      "hard_findings": []
    }
  ]
}
