{
  "generated_at_utc": "2026-07-15T07:44:54.416511+00:00",
  "manifest": "/home/cihebi/抗菌肽/数据集/batch/5-team/pipeline_v2/deepmine/dbaasp_strict_pilot/papers/PMC11784053/work/review/worker6_one_paper_manifest.current.json",
  "paper_count": 1,
  "review_status": {
    "needs_targeted_rework": 1
  },
  "counts": {
    "activity_records": 16,
    "mechanism_claims": 3
  },
  "issue_log_counts": {},
  "risk_counts": {
    "cell_locator_coverage_mismatch": 1,
    "cell_observation_field_mismatch": 16,
    "cell_observation_record_count_mismatch": 12,
    "evidence_kind_record_count_mismatch": 1,
    "missing_activity_table_coverage": 1,
    "open_rework_targets": 1,
    "table_observation_count_mismatch": 1
  },
  "risk_examples": {
    "cell_locator_coverage_mismatch": [
      {
        "paper_id": "PMC11784053",
        "source_locator": "xml:table-wrap:2",
        "expected_cell_count": 12,
        "citing_record_count": 0,
        "complete_cell_locator_count": 0,
        "unique_cell_locator_count": 0,
        "missing_record_ids": [],
        "missing_required_cells": [
          "row=1|column=3",
          "row=1|column=5",
          "row=1|column=6",
          "row=2|column=3",
          "row=2|column=5",
          "row=2|column=6",
          "row=3|column=3",
          "row=3|column=5",
          "row=3|column=6",
          "row=4|column=3",
          "row=4|column=5",
          "row=4|column=6"
        ],
        "unexpected_cells": []
      }
    ],
    "cell_observation_field_mismatch": [
      {
        "paper_id": "PMC11784053",
        "source_locator": "xml:table-wrap:1:row=1|column=3",
        "record_id": "PMC11784053-activity-1-r1-c3",
        "field_mismatches": [
          "target_strain_or_isolate"
        ],
        "expected_fields": {
          "endpoint": "MIC",
          "evidence_kind": "activity",
          "raw_unit": "μg/mL",
          "raw_value": "25",
          "target_species": "Staphylococcus aureus",
          "target_strain_or_isolate": "ATCC 25923",
          "treatment": "WOW"
        },
        "observed_fields": {
          "endpoint": "MIC",
          "evidence_kind": "activity",
          "raw_unit": "μg/mL",
          "raw_value": "25",
          "target_species": "Staphylococcus aureus",
          "target_strain_or_isolate": "not_reported_in_source",
          "treatment": "WOW"
        }
      },
      {
        "paper_id": "PMC11784053",
        "source_locator": "xml:table-wrap:1:row=1|column=4",
        "record_id": "PMC11784053-activity-1-r1-c4",
        "field_mismatches": [
          "target_strain_or_isolate"
        ],
        "expected_fields": {
          "endpoint": "MBC",
          "evidence_kind": "activity",
          "raw_unit": "μg/mL",
          "raw_value": "25",
          "target_species": "Staphylococcus aureus",
          "target_strain_or_isolate": "ATCC 25923",
          "treatment": "WOW"
        },
        "observed_fields": {
          "endpoint": "MBC",
          "evidence_kind": "activity",
          "raw_unit": "μg/mL",
          "raw_value": "25",
          "target_species": "Staphylococcus aureus",
          "target_strain_or_isolate": "not_reported_in_source",
          "treatment": "WOW"
        }
      },
      {
        "paper_id": "PMC11784053",
        "source_locator": "xml:table-wrap:1:row=1|column=5",
        "record_id": "PMC11784053-activity-1-r1-c5",
        "field_mismatches": [
          "target_strain_or_isolate"
        ],
        "expected_fields": {
          "endpoint": "MIC",
          "evidence_kind": "activity",
          "raw_unit": "μg/mL",
          "raw_value": "20",
          "target_species": "Staphylococcus aureus",
          "target_strain_or_isolate": "ATCC 25923",
          "treatment": "WW-185"
        },
        "observed_fields": {
          "endpoint": "MIC",
          "evidence_kind": "activity",
          "raw_unit": "μg/mL",
          "raw_value": "20",
          "target_species": "Staphylococcus aureus",
          "target_strain_or_isolate": "not_reported_in_source",
          "treatment": "WW-185"
        }
      },
      {
        "paper_id": "PMC11784053",
        "source_locator": "xml:table-wrap:1:row=1|column=6",
        "record_id": "PMC11784053-activity-1-r1-c6",
        "field_mismatches": [
          "target_strain_or_isolate"
        ],
        "expected_fields": {
          "endpoint": "MBC",
          "evidence_kind": "activity",
          "raw_unit": "μg/mL",
          "raw_value": "20",
          "target_species": "Staphylococcus aureus",
          "target_strain_or_isolate": "ATCC 25923",
          "treatment": "WW-185"
        },
        "observed_fields": {
          "endpoint": "MBC",
          "evidence_kind": "activity",
          "raw_unit": "μg/mL",
          "raw_value": "20",
          "target_species": "Staphylococcus aureus",
          "target_strain_or_isolate": "not_reported_in_source",
          "treatment": "WW-185"
        }
      },
      {
        "paper_id": "PMC11784053",
        "source_locator": "xml:table-wrap:1:row=2|column=3",
        "record_id": "PMC11784053-activity-1-r2-c3",
        "field_mismatches": [
          "target_strain_or_isolate"
        ],
        "expected_fields": {
          "endpoint": "MIC",
          "evidence_kind": "activity",
          "raw_unit": "μg/mL",
          "raw_value": "35",
          "target_species": "Staphylococcus aureus",
          "target_strain_or_isolate": "ATCC BAA-2313",
          "treatment": "WOW"
        },
        "observed_fields": {
          "endpoint": "MIC",
          "evidence_kind": "activity",
          "raw_unit": "μg/mL",
          "raw_value": "35",
          "target_species": "Staphylococcus aureus",
          "target_strain_or_isolate": "not_reported_in_source",
          "treatment": "WOW"
        }
      }
    ],
    "cell_observation_record_count_mismatch": [
      {
        "paper_id": "PMC11784053",
        "source_locator": "xml:table-wrap:2:row=1|column=3",
        "expected_count": 1,
        "observed_count": 0,
        "record_ids": []
      },
      {
        "paper_id": "PMC11784053",
        "source_locator": "xml:table-wrap:2:row=1|column=5",
        "expected_count": 1,
        "observed_count": 0,
        "record_ids": []
      },
      {
        "paper_id": "PMC11784053",
        "source_locator": "xml:table-wrap:2:row=1|column=6",
        "expected_count": 1,
        "observed_count": 0,
        "record_ids": []
      },
      {
        "paper_id": "PMC11784053",
        "source_locator": "xml:table-wrap:2:row=2|column=3",
        "expected_count": 1,
        "observed_count": 0,
        "record_ids": []
      },
      {
        "paper_id": "PMC11784053",
        "source_locator": "xml:table-wrap:2:row=2|column=5",
        "expected_count": 1,
        "observed_count": 0,
        "record_ids": []
      }
    ],
    "evidence_kind_record_count_mismatch": [
      {
        "paper_id": "PMC11784053",
        "evidence_kind": "activity",
        "expected_count": 28,
        "observed_count": 16
      }
    ],
    "missing_activity_table_coverage": [
      {
        "paper_id": "PMC11784053",
        "source_locator": "xml:table-wrap:2"
      }
    ],
    "open_rework_targets": [
      {
        "paper_id": "PMC11784053",
        "count": null
      }
    ],
    "table_observation_count_mismatch": [
      {
        "paper_id": "PMC11784053",
        "source_locator": "xml:table-wrap:2",
        "expected_count": 12,
        "observed_count": 0
      }
    ]
  },
  "publication_grade_pass": false
}
