{
  "packet_root": "/home/cihebi/抗菌肽/数据集/batch/5-team/pipeline_v2/deepmine/dbaasp_strict_pilot/packets",
  "paper_count": 1,
  "material_status_counts": {
    "material_extracted_complete": 1
  },
  "analysis_status_counts": {
    "analysis_needs_analysis_rework": 1
  },
  "open_rework_ticket_count": 10,
  "total_locator_count": 16655,
  "total_extraction_error_count": 0,
  "hard_finding_count": 0,
  "hard_finding_papers": [],
  "results": [
    {
      "paper_id": "PMC12125351",
      "packet_root": "/home/cihebi/抗菌肽/数据集/batch/5-team/pipeline_v2/deepmine/dbaasp_strict_pilot/packets/PMC12125351",
      "material_status": "material_extracted_complete",
      "analysis_status": "analysis_needs_analysis_rework",
      "missing_packet_files": [],
      "missing_final_files": [],
      "locator_count": 16655,
      "extraction_error_count": 0,
      "open_rework_ticket_count": 10,
      "open_rework_ticket_ids": [
        "rwk-PMC12125351-campaign-r01-BF-PMC12125351-W3-SUPP-XLSX-PACKET-INCOMPLETE",
        "rwk-PMC12125351-campaign-r01-BF-PMC12125351-W2-ACTIVITY-TOXICITY-UNDEREXTRACTED",
        "rwk-PMC12125351-campaign-r01-BF-PMC12125351-W4-DATABASE-ENTITY-CONFLATION",
        "rwk-PMC12125351-campaign-r01-BF-PMC12125351-W5-MECHANISM-PI-SOURCE-DATA-OMITTED",
        "rwk-PMC12125351-campaign-r02-BF-PMC12125351-W2-ACTIVITY-TOXICITY-SOURCE-FIELD-CONFLICTS",
        "rwk-PMC12125351-campaign-r02-BF-PMC12125351-W5-MECHANISM-RECURSIVE-SOURCE-LOCATOR",
        "rwk-PMC12125351-campaign-r03-BF-PMC12125351-W1-FINAL-MATERIALS-MANIFEST-STALE",
        "rwk-PMC12125351-campaign-r03-BF-PMC12125351-W2-ACTIVITY-TOXICITY-FIELD-CONFLICTS",
        "rwk-PMC12125351-campaign-r03-BF-PMC12125351-W4-DATABASE-RECURSIVE-AND-STALE-FIELDS",
        "rwk-PMC12125351-campaign-r03-BF-PMC12125351-W5-MECHANISM-PHENOTYPE-LOCATOR-AND-TICKET-STA"
      ],
      "database_row_counts": {
        "dbaasp_machine_extracted_rows": 4,
        "dbaasp_review_queue_rows": 0,
        "dbaasp_empty_done_rows": 0,
        "codex_exec_sessions": 0,
        "linked_article_records": 0,
        "linked_assay_records": 0,
        "linked_sequence_records": 0,
        "linked_literature_records": 0
      },
      "hard_findings": []
    }
  ]
}
