[1/1] true rework queue doi__10.1126_science.abd9909
{
  "ok": true,
  "summary_path": "/root/work/抗菌肽/数据库/batch/4-team/reports/true_rework_queue_needs_targeted_owner_policy_safe_lane03_20260620T163756Z_rerun_20260620T170259Z.json",
  "latest_path": "/root/work/抗菌肽/数据库/batch/4-team/reports/true_rework_queue_needs_targeted_owner_policy_safe_lane03_20260620T163756Z_rerun_latest.json",
  "terminal_status_counts": {
    "accepted_after_rework": 1
  },
  "result_status_counts": {
    "accepted_after_rework": 1
  },
  "refined_status_counts": {
    "accepted_after_rework_attempt1": 1
  },
  "followup_queue_manifest_paths": {
    "infra_recovery": "/root/work/抗菌肽/数据库/batch/4-team/reports/followup_queues/true_rework_queue_needs_targeted_owner_policy_safe_lane03_20260620T163756Z_rerun_20260620T170259Z_infra_recovery.json",
    "watchdog_retry": "/root/work/抗菌肽/数据库/batch/4-team/reports/followup_queues/true_rework_queue_needs_targeted_owner_policy_safe_lane03_20260620T163756Z_rerun_20260620T170259Z_watchdog_retry.json",
    "source_staging_needed": "/root/work/抗菌肽/数据库/batch/4-team/reports/followup_queues/true_rework_queue_needs_targeted_owner_policy_safe_lane03_20260620T163756Z_rerun_20260620T170259Z_source_staging_needed.json",
    "parser_manual_extraction_needed": "/root/work/抗菌肽/数据库/batch/4-team/reports/followup_queues/true_rework_queue_needs_targeted_owner_policy_safe_lane03_20260620T163756Z_rerun_20260620T170259Z_parser_manual_extraction_needed.json",
    "owner_context_rework_needed": "/root/work/抗菌肽/数据库/batch/4-team/reports/followup_queues/true_rework_queue_needs_targeted_owner_policy_safe_lane03_20260620T163756Z_rerun_20260620T170259Z_owner_context_rework_needed.json",
    "safe_prompt_rework_needed": "/root/work/抗菌肽/数据库/batch/4-team/reports/followup_queues/true_rework_queue_needs_targeted_owner_policy_safe_lane03_20260620T163756Z_rerun_20260620T170259Z_safe_prompt_rework_needed.json"
  },
  "accepted_sample_audit_manifest_path": "/root/work/抗菌肽/数据库/batch/4-team/reports/followup_queues/true_rework_queue_needs_targeted_owner_policy_safe_lane03_20260620T163756Z_rerun_20260620T170259Z_accepted_sample_audit.json"
}
