docx+OCR extraction: todo=81/81 | lanes=6
  ✓ doi__10.1007_s00203-025-04432-x: 0 extracted
  ✓ doi__10.1002_j.1460-2075.1990.tb08098.x: 0 extracted
  ✓ doi__10.1002_j.1460-2075.1990.tb07606.x: 0 extracted
  ✓ doi__10.1002_j.1460-2075.1995.tb07150.x: 0 extracted
  ✓ doi__10.1002_j.1460-2075.1988.tb02980.x: 0 extracted
  ✓ doi__10.1007_s00726-014-1802-3: 0 extracted
  ✓ doi__10.1007_s00262-011-1113-4: 0 extracted
  ✓ doi__10.1007_s00726-015-2082-2: 0 extracted
  ✓ doi__10.1007_s00726-016-2350-9: 0 extracted
  ✓ doi__10.1007_s00726-017-2402-9: 0 extracted
  ✓ doi__10.1007_s00044-019-02333-5: 0 extracted
  ✓ doi__10.1007_s00726-015-2104-0: 0 extracted
  ✓ doi__10.1007_s00726-018-2542-6: 0 extracted
  ✓ doi__10.1007_s00248-019-01385-9: 0 extracted
  ✓ doi__10.1007_s00280-015-2915-4: 0 extracted
  ✓ doi__10.1007_s00726-017-2434-1: 0 extracted
  ✓ doi__10.1007_s00726-017-2482-6: 0 extracted
  ✓ doi__10.1007_s00726-018-2580-0: 0 extracted
  ✓ doi__10.1007_s00726-018-2607-6: 0 extracted
  ✓ doi__10.1007_s00253-021-11454-0: 4 extracted
  ✓ doi__10.1007_s00726-018-2638-z: 0 extracted
  ✓ doi__10.1007_s10529-017-2312-7: 0 extracted
  ✓ doi__10.1007_s00726-018-2678-4: 0 extracted
  ✓ doi__10.1007_s00726-021-02986-w: 0 extracted
  ✓ doi__10.1007_s00726-021-03099-0: 0 extracted
  ✓ doi__10.1007_s10886-023-01438-x: 0 extracted
  ✓ doi__10.1007_s00726-019-02779-2: 6 extracted
  ✓ doi__10.1007_s10930-019-09879-8: 0 extracted
  ✓ doi__10.1007_s10989-024-10647-1: 0 extracted
  ✓ doi__10.1007_s10989-019-09984-3: 0 extracted
  ✓ doi__10.1007_s11095-014-1550-9: 0 extracted
  ✓ doi__10.1007_s00726-023-03290-5: 6 extracted
  ✓ doi__10.1007_s10930-019-09840-9: 0 extracted
  ✓ doi__10.1007_s11274-013-1461-7: 0 extracted
  ✓ doi__10.1007_s12539-024-00612-3: 0 extracted
  ✓ doi__10.1007_s10989-021-10207-x: 0 extracted
  ✓ doi__10.1007_s11103-022-01317-1: 0 extracted
  ✓ doi__10.1007_s10989-021-10183-2: 0 extracted
  ✓ doi__10.1007_s12602-017-9345-z: 0 extracted
  ✓ doi__10.1007_s12602-021-09741-3: 0 extracted
  ✓ doi__10.1007_s12602-023-10112-3: 0 extracted
  ✓ doi__10.1007_s12602-023-10195-y: 0 extracted
  ✓ doi__10.1007_s11030-024-11046-w: 12 extracted
  ✓ doi__10.1007_s12602-025-10469-7: 0 extracted
  ✓ doi__10.1007_s13277-014-3018-2: 0 extracted
  ✓ doi__10.1016_j.fsi.2019.08.054: 0 extracted
  ✓ doi__10.1021_acs.jnatprod.7b00780: 0 extracted
  ✓ doi__10.1021_jacs.2c12971: 0 extracted
  ✓ doi__10.1021_jacs.8b11939: 0 extracted
  ✓ doi__10.1038_nbt1288: 0 extracted
  ✓ doi__10.1038_ni1060: 0 extracted
  ✓ doi__10.1038_ni1094: 0 extracted
  ✓ doi__10.1038_nm1306: 0 extracted
  ✓ doi__10.1007_s12602-016-9219-9: 1 extracted
  ✓ doi__10.1007_s12602-024-10250-2: 0 extracted
  ✓ doi__10.1038_s41429-023-00635-w: 0 extracted
  ✓ doi__10.1038_s41429-023-00697-w: 0 extracted
  ✓ doi__10.1007_s12010-025-05453-4: 5 extracted
  ✓ doi__10.1007_s12602-025-10859-x: 2 extracted
  ✓ doi__10.1038_s41429-019-0272-y: 2 extracted
  ✓ doi__10.1038_s41429-024-00773-9: 0 extracted
  ✓ doi__10.1038_s41429-019-0201-0: 5 extracted
  ✓ doi__10.1099_vir.0.80051-0: 0 extracted
  ✓ doi__10.1107_s1744309106005963: 0 extracted
  ✓ doi__10.1094_mpmi-4-324: 0 extracted
  ✓ doi__10.1128_iai.00131-25: 0 extracted
  ✓ doi__10.1248_bpb.18.1049: 0 extracted
  ✓ doi__10.1007_s12602-020-09686-z: 44 extracted
  ✓ doi__10.1248_bpb.21.924: 0 extracted
  ✓ doi__10.1094_mpmi-8-0424: 10 extracted
  ✓ doi__10.1248_cpb.17.2188: 0 extracted
  ✓ doi__10.1128_aem.02062-24: 4 extracted
  ✓ doi__10.1248_bpb.18.457: 7 extracted
  ✓ doi__10.1515_hsz-2017-0198: 0 extracted
  ✓ doi__10.3891_acta.chem.scand.25-2048: 0 extracted
  ✓ doi__10.1248_cpb.27.492: 1 extracted
  ✓ doi__10.1248_cpb.27.1942: 6 extracted
  ✓ doi__10.1248_cpb.22.1827: 9 extracted
  ✓ doi__10.1094_mpmi-8-0792: 0 extracted
  ✓ doi__10.5483_bmbrep.2003.36.6.603: 4 extracted
  ✓ doi__10.1089_vim.2009.0005: 0 extracted
done -> /home/cihebi/抗菌肽/数据集/batch/5-team/pipeline_v2/deepmine/docxocr_extracted.tsv
