mechanism extraction: todo=342/345 | lanes=12
  ✓ doi__10.1002_j.1460-2075.1983.tb01561.x: 4 claims
  ✓ doi__10.1002_j.1460-2075.1991.tb07932.x: 5 claims
  ✓ doi__10.1002_j.1460-2075.1990.tb07489.x: 4 claims
  ✓ doi__10.1002_cbic.201900707: 4 claims
  ✓ doi__10.1007_pl00006144: 4 claims
  ✓ doi__10.1002_j.1460-2075.1983.tb01465.x: 8 claims
  ✓ doi__10.1002_j.1460-2075.1993.tb06172.x: 4 claims
  ✓ doi__10.1002_cbic.201100450: 10 claims
  ✓ doi__10.1002_cmdc.201200016: 7 claims
  ✓ doi__10.1007_s00203-016-1206-8: 1 claims
  ✓ doi__10.1002_cmdc.201800289: 12 claims
  ✓ doi__10.1007_s00203-015-1126-z: 2 claims
  ✓ doi__10.1002_cbic.202400586: 5 claims
  ✓ doi__10.1007_s00018-013-1291-7: 6 claims
  ✓ doi__10.1007_pl00000764: 8 claims
  ✓ doi__10.1002_psc.1016: 13 claims
  ✓ doi__10.1007_s00253-011-3793-2: 5 claims
  ✓ doi__10.1007_s00253-010-2748-3: 6 claims
  ✓ doi__10.1007_s00253-008-1839-x: 3 claims
  ✓ doi__10.1007_s00248-019-01385-9: 5 claims
  ✓ doi__10.1002_cmdc.201402033: 12 claims
  ✓ doi__10.1007_s00253-012-4352-1: 7 claims
  ✓ doi__10.1007_s00203-024-04227-6: 5 claims
  ✓ doi__10.1007_s00253-012-4588-9: 4 claims
  ✓ doi__10.1007_s00253-014-5784-6: 10 claims
  ✓ doi__10.1002_chem.201801423: 14 claims
  ✓ doi__10.1007_s00253-015-6394-7: 3 claims
  ✓ doi__10.1007_s00253-015-7265-y: 7 claims
  ✓ doi__10.1007_s00253-018-9561-9: 10 claims
  ✓ doi__10.1007_s00253-019-09785-0: 1 claims
  ✓ doi__10.1007_s00253-012-4441-1: 2 claims
  ✓ doi__10.1007_s00253-009-1982-z: 3 claims
  ✓ doi__10.1007_s00253-021-11454-0: 3 claims
  ✓ doi__10.1007_s00726-010-0618-z: 3 claims
  ✓ doi__10.1007_s00253-019-10313-3: 5 claims
  ✓ doi__10.1007_s00253-021-11135-y: 7 claims
  ✓ doi__10.1007_s00726-014-1750-y: 2 claims
  ✓ doi__10.1007_s002849900121: 6 claims
  ✓ doi__10.1007_s00726-015-2082-2: 3 claims
  ✓ doi__10.1007_s00726-018-2638-z: 3 claims
  ✓ doi__10.1007_s00726-013-1616-8: 8 claims
  ✓ doi__10.1007_s00726-017-2402-9: 6 claims
  ✓ doi__10.1007_s00425-002-0902-6: 11 claims
  ✓ doi__10.1007_s00726-012-1395-7: 5 claims
  ✓ doi__10.1007_s00726-018-2542-6: 4 claims
  ✓ doi__10.1007_s10096-011-1188-z: 4 claims
  ✓ doi__10.1007_s00726-018-2673-9: 3 claims
  ✓ doi__10.1007_s00726-018-2633-4: 5 claims
  ✓ doi__10.1007_s00726-015-2136-5: 11 claims
  ✓ doi__10.1007_s00726-023-03290-5: 5 claims
  ✓ doi__10.1007_s00726-016-2196-1: 6 claims
  ✓ doi__10.1007_s10096-008-0553-z: 4 claims
  ✓ doi__10.1007_s10856-012-4645-z: 5 claims
  ✓ doi__10.1007_s10126-024-10338-4: 4 claims
  ✓ doi__10.1007_s00726-009-0385-x: 11 claims
  ✓ doi__10.1007_s10529-008-9819-x: 6 claims
  ✓ doi__10.1007_s10930-019-09840-9: 2 claims
  ✓ doi__10.1007_s10989-006-9041-4: 3 claims
  ✓ doi__10.1007_s00726-019-02779-2: 4 claims
  ✓ doi__10.1007_s10534-011-9465-y: 5 claims
  ✓ doi__10.1007_s10989-018-9736-3: 5 claims
  ✓ doi__10.1007_s10930-016-9662-1: 2 claims
  ✓ doi__10.1007_s10989-019-09888-2: 5 claims
  ✓ doi__10.1007_s10989-021-10182-3: 1 claims
  ✓ doi__10.1007_s10989-019-09984-3: 4 claims
  ✓ doi__10.1007_s11274-013-1360-y: 2 claims
  ✓ doi__10.1007_s10989-024-10647-1: 3 claims
  ✓ doi__10.1007_s11030-024-11046-w: 4 claims
  ✓ doi__10.1007_s11274-022-03372-8: 6 claims
  ✓ doi__10.1007_s12010-013-0258-3: 1 claims
  ✓ doi__10.1007_s12010-025-05453-4: 1 claims
  ✓ doi__10.1007_s11274-015-1851-0: 1 claims
  ✓ doi__10.1007_s11274-016-2096-2: 4 claims
  ✓ doi__10.1007_s12010-013-0489-3: 2 claims
  ✓ doi__10.1007_s12195-020-00626-z: 6 claims
  ✓ doi__10.1007_s12272-016-0769-x: 3 claims
  ✓ doi__10.1007_s12602-016-9217-y: 4 claims
  ✓ doi__10.1007_s12602-008-9003-6: 4 claims
  ✓ doi__10.1007_s12275-018-7444-5: 4 claims
  ✓ doi__10.1007_s12602-012-9123-x: 3 claims
  ✓ doi__10.1007_s12602-018-9446-3: 3 claims
  ✓ doi__10.1007_s12602-020-09701-3: 6 claims
  ✓ doi__10.1007_s12602-016-9219-9: 4 claims
  ✓ doi__10.1007_s12602-020-09716-w: 2 claims
  ✓ doi__10.1007_s12602-021-09857-6: 3 claims
  ✓ doi__10.1007_s12602-025-10859-x: 1 claims
  ✓ doi__10.1007_s12602-025-10469-7: 4 claims
  ✓ doi__10.1007_s12602-018-9454-3: 2 claims
  ✓ doi__10.1007_s12602-025-10637-9: 2 claims
  ✓ doi__10.1007_s12602-021-09796-2: 1 claims
  ✓ doi__10.1007_s12602-024-10371-8: 5 claims
  ✓ doi__10.1007_s13205-020-2151-4: 1 claims
  ✓ doi__10.1007_s13205-019-1801-x: 4 claims
  ✓ doi__10.1016_j.bbagen.2019.02.013: 8 claims
  ✓ doi__10.1007_s13205-019-1639-2: 3 claims
  ✓ doi__10.1007_s13277-014-3018-2: 7 claims
  ✓ doi__10.1007_s12602-025-10870-2: 7 claims
  ✓ doi__10.1007_s13659-012-0016-1: 9 claims
  ✓ doi__10.1016_j.bbrc.2010.07.028: 5 claims
  ✓ doi__10.1016_j.bbagen.2010.12.002: 5 claims
  ✓ doi__10.1016_j.bbagen.2020.129633: 9 claims
  ✓ doi__10.1016_j.bbamem.2014.09.010: 12 claims
  ✓ doi__10.1016_j.bmcl.2012.12.020: 4 claims
  ✓ doi__10.1016_j.bbamem.2020.183280: 15 claims
  ✓ doi__10.1016_j.bbamem.2006.03.010: 15 claims
  ✓ doi__10.1016_j.bbrc.2006.06.168: 5 claims
  ✓ doi__10.1016_j.bcp.2021.114693: 4 claims
  ✓ doi__10.1016_j.bbagen.2013.01.026: 15 claims
  ✓ doi__10.1016_j.cbpa.2007.03.016: 7 claims
  ✓ doi__10.1016_j.bbamem.2019.05.006: 12 claims
  ✓ doi__10.1016_j.bbamem.2025.184439: 13 claims
  ✓ doi__10.1016_j.bmc.2012.08.017: 2 claims
  ✓ doi__10.1016_j.bpc.2015.06.002: 12 claims
  ✓ doi__10.1016_j.dci.2010.01.008: 5 claims
  ✓ doi__10.1016_j.dci.2019.02.012: 6 claims
  ✓ doi__10.1016_j.ijantimicag.2009.11.017: 5 claims
  ✓ doi__10.1016_j.colsurfb.2016.02.003: 11 claims
  ✓ doi__10.1016_j.ijantimicag.2010.10.028: 6 claims
  ✓ doi__10.1016_j.dci.2007.05.006: 7 claims
  ✓ doi__10.1016_j.chom.2023.07.001: 10 claims
  ✓ doi__10.1016_j.ibmb.2013.03.013: 11 claims
  ✓ doi__10.1016_j.dci.2019.103574: 6 claims
  ✓ doi__10.1016_j.ijantimicag.2008.11.013: 5 claims
  ✓ doi__10.1016_j.fsi.2016.11.004: 11 claims
  ✓ doi__10.1016_j.jasms.2005.11.017: 7 claims
  ✓ doi__10.1016_j.ijantimicag.2019.05.019: 9 claims
  ✓ doi__10.1016_j.ijantimicag.2010.08.020: 6 claims
  ✓ doi__10.1016_j.jip.2012.02.007: 8 claims
  ✓ doi__10.1016_j.jmb.2021.167225: 10 claims
  ✓ doi__10.1016_j.jmb.2008.02.066: 10 claims
  ✓ doi__10.1016_j.molimm.2008.07.021: 5 claims
  ✓ doi__10.1016_j.resmic.2020.03.001: 2 claims
  ✓ doi__10.1016_j.jneuroim.2010.11.009: 6 claims
  ✓ doi__10.1016_j.peptides.2016.03.006: 6 claims
  ✓ doi__10.1021_acs.joc.1c01858: 3 claims
  ✓ doi__10.1021_acs.jnatprod.1c00281: 4 claims
  ✓ doi__10.1017_s0031182017001846: 9 claims
  ✓ doi__10.1016_j.phytochem.2018.04.014: 3 claims
  ✓ doi__10.1021_acs.joc.5b01878: 4 claims
  ✓ doi__10.1021_acs.bioconjchem.0c00664: 6 claims
  ✓ doi__10.1016_j.tet.2009.03.045: 10 claims
  ✓ doi__10.1021_ja409082w: 7 claims
  ✓ doi__10.1021_bi035400o: 5 claims
  ✓ doi__10.1021_ja305644e: 7 claims
  ✓ doi__10.1021_jacs.5b07206: 4 claims
  ✓ doi__10.1021_ja210569f: 10 claims
  ✓ doi__10.1021_np0503653: 3 claims
  ✓ doi__10.1021_acs.langmuir.6b03477: 10 claims
  ✓ doi__10.1021_jacs.6b11861: 3 claims
  ✓ doi__10.1021_bi052629q: 14 claims
  ✓ doi__10.1021_np070393g: 4 claims
  ✓ doi__10.1021_jm100143f: 10 claims
  ✓ doi__10.1021_ja8093247: 11 claims
  ✓ doi__10.1021_acsmedchemlett.1c00683: 9 claims
  ✓ doi__10.1021_jm800886n: 9 claims
  ✓ doi__10.1023_a_1024995105208: 3 claims
  ✓ doi__10.1021_ol5026603: 2 claims
  ✓ doi__10.1038_ja.2017.34: 4 claims
  ✓ doi__10.1021_np500907t: 10 claims
  ✓ doi__10.1038_ja.2011.10: 4 claims
  ✓ doi__10.1023_a_1007018423603: 9 claims
  ✓ doi__10.1038_ja.2017.23: 5 claims
  ✓ doi__10.1038_ja.2016.135: 1 claims
  ✓ doi__10.1038_ja.2016.81: 3 claims
  ✓ doi__10.1021_np4009317: 11 claims
  ✓ doi__10.1038_ja.2016.101: 5 claims
  ✓ doi__10.1038_s41429-019-0272-y: 1 claims
  ✓ doi__10.1038_nchembio.2207: 3 claims
  ✓ doi__10.1038_ki.2014.268: 6 claims
  ✓ doi__10.1038_s41587-019-0222-z: 4 claims
  ✓ doi__10.1038_mi.2014.41: 7 claims
  ✓ doi__10.1039_c2cc36336d: 2 claims
  ✓ doi__10.1038_s41586-018-0483-6: 3 claims
  ✓ doi__10.1038_nchembio.1116: 8 claims
  ✓ doi__10.1039_c4ra00132j: 2 claims
  ✓ doi__10.1038_s41564-018-0110-1: 6 claims
  ✓ doi__10.1038_s41586-025-08723-7: 5 claims
  ✓ doi__10.1039_c4cc02780a: 2 claims
  ✓ doi__10.1038_nchembio.2018: 6 claims
  ✓ doi__10.1039_c7nr05872a: 9 claims
  ✓ doi__10.1042_bj20040422: 5 claims
  ✓ doi__10.1042_bj20051371: 6 claims
  ✓ doi__10.1042_bj20060318: 4 claims
  ✓ doi__10.1073_pnas.2005540117: 15 claims
  ✓ doi__10.1093_abbs_gmx091: 5 claims
  ✓ doi__10.1046_j.1432-1327.1998.2530452.x: 11 claims
  ✓ doi__10.1074_jbc.m112.359067: 8 claims
  ✓ doi__10.1096_fj.01-0736fje: 3 claims
  ✓ doi__10.1128_aac.00765-09: 4 claims
  ✓ doi__10.1093_abbs_gmaa043: 5 claims
  ✓ doi__10.1093_abbs_gmz128: 7 claims
  ✓ doi__10.1074_jbc.ra120.012627: 14 claims
  ✓ doi__10.1080_08927014.2017.1370087: 6 claims
  ✓ doi__10.1080_14786419.2019.1644636: 2 claims
  ✓ doi__10.1038_s41586-019-1665-6: 6 claims
  ✓ doi__10.1093_abbs_gmx023: 7 claims
  ✓ doi__10.1128_aem.00548-09: 5 claims
  ✓ doi__10.1128_aac.27.5.791: 9 claims
  ✓ doi__10.1172_jci2410: 5 claims
  ✓ doi__10.1128_aac.49.6.2438-2444.2005: 4 claims
  ✓ doi__10.1134_s1068162024030087: 6 claims
  ✓ doi__10.1128_aem.02940-05: 4 claims
  ✓ doi__10.1128_aac.01515-10: 15 claims
  ✓ doi__10.1172_jci115880: 8 claims
  ✓ doi__10.1128_aac.46.11.3585-3590.2002: 3 claims
  ✓ doi__10.1186_s40538-025-00751-9: 6 claims
  ✓ doi__10.1186_s13568-021-01226-4: 12 claims
  ✓ doi__10.1186_1471-2407-9-183: 11 claims
  ✓ doi__10.1186_s40543-021-00264-8: 9 claims
  ✓ doi__10.1172_jci64416: 12 claims
  ✓ doi__10.1248_cpb.57.214: 1 claims
  ✓ doi__10.1248_cpb.c14-00103: 4 claims
  ✓ doi__10.1248_cpb.c12-00290: 6 claims
  ✓ doi__10.1248_bpb.31.1906: 8 claims
  ✓ doi__10.1351_pac200779040717: 10 claims
  ✓ doi__10.1186_1742-4690-10-136: 11 claims
  ✓ doi__10.18388_abp.2001_3890: 4 claims
  ✓ doi__10.1292_jvms.09-0167: 8 claims
  ✓ doi__10.1248_cpb.c23-00465: 7 claims
  ✓ doi__10.1371_journal.pone.0201220: 11 claims
  ✓ doi__10.1264_jsme2.me18148: 9 claims
  ✓ doi__10.18388_abp.2009_2518: 1 claims
  ✓ doi__10.13652_j.issn.1003-5788.2019.07.001: 4 claims
  ✓ doi__10.3389_ffunb.2021.638595: 4 claims
  ✓ doi__10.1128_aac.49.7.2845-2850.2005: 10 claims
  ✓ doi__10.4172_2327-5073.1000291: 7 claims
  ✓ doi__10.3389_fmicb.2025.1622282: 14 claims
  ✓ doi__10.31083_j.fbl2702064: 11 claims
  ✓ doi__10.5943_mycosphere_8_1_10: 5 claims
  ✓ doi__10.4172_2155-6113.s2-003: 4 claims
  ✓ doi__10.2478_s11535-010-0111-4: 10 claims
  ✓ doi__10.3892_etm.2016.3578: 4 claims
  ✓ doi__10.3858_emm.2008.40.4.370: 7 claims
  ✓ doi__10.18388_abp.2020_5757: 9 claims
  ✓ doi__10.7164_antibiotics.43.1403: 2 claims
  ✓ doi__10.5483_bmbrep.2002.35.3.291: 5 claims
  ✓ doi__10.5772_25209: 6 claims
  ✓ doi__10.7164_antibiotics.43.267: 3 claims
  ✓ doi__10.7164_antibiotics.46.1756: 3 claims
  ✓ doi__10.7164_antibiotics.52.998: 1 claims
  ✓ doi__10.7324_japs.2018.8204: 4 claims
  ✓ doi__10.7164_antibiotics.48.433: 2 claims
  ✓ doi__10.7324_japs.2016.60211: 6 claims
  ✓ doi__10.7164_antibiotics.54.1036: 4 claims
  ✓ doi__10.7164_antibiotics.52.374: 1 claims
  ✓ doi__10.7164_antibiotics.32.828: 8 claims
done -> /home/cihebi/抗菌肽/数据集/batch/5-team/pipeline_v2/deepmine/mechanism_extracted.tsv
