supp-HTML extraction: todo=699/701 | lanes=16
  ✓ doi__10.1007_bf00198135: 0 extracted
  ✓ doi__10.1007_bf00021194: 0 extracted
  ✓ doi__10.1007_978-0-387-73657-0_172: 0 extracted
  ✓ doi__10.1007_5584_2018_276: 0 extracted
  ✓ doi__10.1007_bf00021195: 0 extracted
  ✓ doi__10.1007_978-1-62703-336-7_26: 0 extracted
  ✓ doi__10.1007_bf00027341: 0 extracted
  ✓ doi__10.1007_bf00042356: 0 extracted
  ✓ doi__10.1007_bf00211754: 0 extracted
  ✓ doi__10.1007_bf01575750: 0 extracted
  ✓ doi__10.1007_bf00262442: 0 extracted
  ✓ doi__10.1007_bf00447005: 0 extracted
  ✓ doi__10.1007_bf02090781: 0 extracted
  ✓ doi__10.1007_bf02071881: 0 extracted
  ✓ doi__10.1007_bf00272349: 0 extracted
  ✓ doi__10.1007_s00018-004-4149-1: 0 extracted
  ✓ doi__10.1007_bf02135929: 0 extracted
  ✓ doi__10.1007_s00018-005-5486-4: 0 extracted
  ✓ doi__10.1007_s00018-006-6284-3: 0 extracted
  ✓ doi__10.1007_s00018-007-7370-x: 0 extracted
  ✓ doi__10.1007_pl00006825: 0 extracted
  ✓ doi__10.1002_psc.1016: 2 extracted
  ✓ doi__10.1007_bf02977360: 0 extracted
  ✓ doi__10.1007_bf00292077: 0 extracted
  ✓ doi__10.1007_s000180050175: 0 extracted
  ✓ doi__10.1007_s00018-009-0194-0: 0 extracted
  ✓ doi__10.1007_s00018-010-0364-0: 0 extracted
  ✓ doi__10.1002_cbic.201100450: 11 extracted
  ✓ doi__10.1002_cbic.201900707: 5 extracted
  ✓ doi__10.1007_s00018-004-4461-9: 0 extracted
  ✓ doi__10.1007_s00018-004-4096-x: 0 extracted
  ✓ doi__10.1007_bf02138292: 0 extracted
  ✓ doi__10.1007_s00044-019-02333-5: 0 extracted
  ✓ doi__10.1007_s00203-003-0578-8: 0 extracted
  ✓ doi__10.1007_s00203-012-0810-5: 0 extracted
  ✓ doi__10.1002_bip.22624: 4 extracted
  ✓ doi__10.1007_s00044-013-0746-6: 0 extracted
  ✓ doi__10.1007_s00049-019-00287-z: 0 extracted
  ✓ doi__10.1007_s00203-014-0958-2: 0 extracted
  ✓ doi__10.1007_s00109-010-0671-9: 1 extracted
  ✓ doi__10.1007_s00239-001-0062-5: 0 extracted
  ✓ doi__10.1007_s002030050678: 0 extracted
  ✓ doi__10.1007_s002160000646: 0 extracted
  ✓ doi__10.1007_s00203-025-04432-x: 0 extracted
  ✓ doi__10.1007_s00248-011-9980-y: 0 extracted
  ✓ doi__10.1007_s00239-007-9045-5: 0 extracted
  ✓ doi__10.1007_s00203-024-04227-6: 4 extracted
  ✓ doi__10.1007_s00203-016-1206-8: 2 extracted
  ✓ doi__10.1007_s00249-011-0671-x: 0 extracted
  ✓ doi__10.1007_s00251-004-0675-0: 0 extracted
  ✓ doi__10.1007_s00203-015-1126-z: 2 extracted
  ✓ doi__10.1007_s00251-001-0412-x: 0 extracted
  ✓ doi__10.1007_s00249-011-0681-8: 0 extracted
  ✓ doi__10.1007_s00249-017-1215-9: 0 extracted
  ✓ doi__10.1007_pl00006144: 6 extracted
  ✓ doi__10.1007_s002510050379: 0 extracted
  ✓ doi__10.1007_s00251-007-0219-5: 0 extracted
  ✓ doi__10.1007_s00248-019-01385-9: 2 extracted
  ✓ doi__10.1007_s00253-008-1648-2: 0 extracted
  ✓ doi__10.1007_s00251-010-0430-7: 0 extracted
  ✓ doi__10.1007_s00253-010-2935-2: 0 extracted
  ✓ doi__10.1007_s00253-011-3793-2: 2 extracted
  ✓ doi__10.1007_s00253-007-1273-5: 0 extracted
  ✓ doi__10.1007_s00253-008-1839-x: 2 extracted
  ✓ doi__10.1007_s00253-011-3863-5: 0 extracted
  ✓ doi__10.1007_s00253-014-5784-6: 1 extracted
  ✓ doi__10.1007_s00253-009-1982-z: 4 extracted
  ✓ doi__10.1002_cmdc.201402033: 87 extracted
  ✓ doi__10.1007_s00253-012-4352-1: 2 extracted
  ✓ doi__10.1007_s00253-015-7265-y: 3 extracted
  ✓ doi__10.1007_s00253-010-2748-3: 5 extracted
  ✓ doi__10.1007_s00253-016-7395-x: 0 extracted
  ✓ doi__10.1007_s00253-012-4441-1: 2 extracted
  ✓ doi__10.1007_s00253-018-8982-9: 0 extracted
  ✓ doi__10.1007_s00253-014-6077-9: 6 extracted
  ✓ doi__10.1007_s00253-017-8302-9: 0 extracted
  ✓ doi__10.1007_s00253-016-7387-x: 1 extracted
  ✓ doi__10.1007_s00253-016-7621-6: 0 extracted
  ✓ doi__10.1007_s00280-015-2915-4: 0 extracted
  ✓ doi__10.1007_s00253-019-09981-y: 0 extracted
  ✓ doi__10.1007_s00284-005-0004-3: 0 extracted
  ✓ doi__10.1007_s00262-005-0024-7: 0 extracted
  ✓ doi__10.1002_cmdc.201200016: 37 extracted
  ✓ doi__10.1007_s00284-008-9241-6: 0 extracted
  ✓ doi__10.1007_s00284-012-0096-5: 3 extracted
  ✓ doi__10.1002_ddr.21601: 45 extracted
  ✓ doi__10.1007_s00284-014-0529-4: 0 extracted
  ✓ doi__10.1007_s00284-015-0970-z: 0 extracted
  ✓ doi__10.1007_s00253-015-6394-7: 9 extracted
  ✓ doi__10.1007_s00284-010-9592-7: 2 extracted
  ✓ doi__10.1007_s002849900164: 0 extracted
  ✓ doi__10.1007_s002849900121: 1 extracted
  ✓ doi__10.1007_s00018-013-1291-7: 26 extracted
  ✓ doi__10.1007_s00284-023-03445-3: 0 extracted
  ✓ doi__10.1007_s00253-021-11135-y: 5 extracted
  ✓ doi__10.1007_s00299-007-0329-4: 0 extracted
  ✓ doi__10.1007_s00425-007-0507-1: 0 extracted
  ✓ doi__10.1007_s00335-004-2387-z: 0 extracted
  ✓ doi__10.1007_s002849900262: 0 extracted
  ✓ doi__10.1002_bit.27092: 0 extracted
  ✓ doi__10.1007_s00253-013-4881-2: 13 extracted
  ✓ doi__10.1007_s00726-008-0166-y: 0 extracted
  ✓ doi__10.1007_s004380050841: 0 extracted
  ✓ doi__10.1007_s00253-019-10313-3: 8 extracted
  ✓ doi__10.1007_s00425-004-1238-1: 0 extracted
  ✓ doi__10.1007_s00432-012-1201-7: 6 extracted
  ✓ doi__10.1007_s00253-021-11454-0: 8 extracted
  ✓ doi__10.1007_s00726-010-0481-y: 0 extracted
  ✓ doi__10.1007_s00726-010-0511-9: 0 extracted
  ✓ doi__10.1007_s00726-011-1079-8: 0 extracted
  ✓ doi__10.1007_s00726-009-0384-y: 0 extracted
  ✓ doi__10.1007_s00726-010-0519-1: 0 extracted
  ✓ doi__10.1007_s00726-009-0449-y: 0 extracted
  ✓ doi__10.1007_s00436-019-06305-x: 0 extracted
  ✓ doi__10.1007_s00726-012-1457-x: 0 extracted
  ✓ doi__10.1007_s00726-011-1116-7: 0 extracted
  ✓ doi__10.1007_s00726-013-1470-8: 5 extracted
  ✓ doi__10.1007_s00726-014-1744-9: 0 extracted
  ✓ doi__10.1007_s00726-012-1334-7: 0 extracted
  ✓ doi__10.1007_s00726-010-0626-z: 0 extracted
  ✓ doi__10.1007_s00726-010-0632-1: 0 extracted
  ✓ doi__10.1007_s00425-002-0902-6: 2 extracted
  ✓ doi__10.1007_s00726-013-1475-3: 0 extracted
  ✓ doi__10.1007_s00726-014-1802-3: 0 extracted
  ✓ doi__10.1007_s00726-014-1778-z: 0 extracted
  ✓ doi__10.1007_s00726-013-1655-1: 8 extracted
  ✓ doi__10.1007_s00726-015-1963-8: 4 extracted
  ✓ doi__10.1007_s00018-014-1694-0: 0 extracted
  ✓ doi__10.1007_s00726-015-2029-7: 0 extracted
  ✓ doi__10.1007_s00726-010-0618-z: 7 extracted
  ✓ doi__10.1007_s00726-015-2104-0: 0 extracted
  ✓ doi__10.1007_s00726-016-2198-z: 0 extracted
  ✓ doi__10.1007_s00726-016-2350-9: 0 extracted
  ✓ doi__10.1007_s00726-014-1806-z: 0 extracted
  ✓ doi__10.1007_s00726-016-2170-y: 0 extracted
  ✓ doi__10.1007_s00726-017-2482-6: 0 extracted
  ✓ doi__10.1007_s00726-017-2453-y: 0 extracted
  ✓ doi__10.1007_s00726-017-2434-1: 0 extracted
  ✓ doi__10.1007_s00726-015-2082-2: 3 extracted
  ✓ doi__10.1007_s00726-014-1750-y: 5 extracted
  ✓ doi__10.1007_s00726-017-2531-1: 0 extracted
  ✓ doi__10.1007_s00726-017-2507-1: 0 extracted
  ✓ doi__10.1007_s00726-018-2625-4: 0 extracted
  ✓ doi__10.1007_s00726-017-2402-9: 4 extracted
  ✓ doi__10.1007_s00726-017-2509-z: 0 extracted
  ✓ doi__10.1007_s00726-013-1616-8: 3 extracted
  ✓ doi__10.1007_s00726-018-2596-5: 0 extracted
  ✓ doi__10.1007_s00726-020-02903-7: 0 extracted
  ✓ doi__10.1007_s00726-020-02900-w: 0 extracted
  ✓ doi__10.1007_s00726-012-1395-7: 7 extracted
  ✓ doi__10.1007_s00726-019-02779-2: 0 extracted
  ✓ doi__10.1007_s00726-018-2633-4: 5 extracted
  ✓ doi__10.1007_s00726-015-2094-y: 0 extracted
  ✓ doi__10.1007_s00792-003-0335-6: 0 extracted
  ✓ doi__10.1007_s00726-018-2678-4: 0 extracted
  ✓ doi__10.1007_s00726-018-2542-6: 1 extracted
  ✓ doi__10.1007_s00726-018-2638-z: 4 extracted
  ✓ doi__10.1007_s10096-011-1430-8: 0 extracted
  ✓ doi__10.1007_s10068-017-0280-2: 0 extracted
  ✓ doi__10.1007_s00726-021-02986-w: 0 extracted
  ✓ doi__10.1007_s00726-021-03099-0: 0 extracted
  ✓ doi__10.1007_s00726-023-03290-5: 0 extracted
  ✓ doi__10.1007_s100960050457: 0 extracted
  ✓ doi__10.1007_s10126-010-9288-9: 0 extracted
  ✓ doi__10.1007_s10096-014-2219-3: 0 extracted
  ✓ doi__10.1007_s00726-020-02919-z: 0 extracted
  ✓ doi__10.1007_s10493-011-9505-x: 0 extracted
  ✓ doi__10.1007_s10482-018-1080-2: 0 extracted
  ✓ doi__10.1007_s10126-013-9519-y: 0 extracted
  ✓ doi__10.1007_s00726-014-1811-2: 0 extracted
  ✓ doi__10.1007_s10493-020-00584-1: 0 extracted
  ✓ doi__10.1007_s10482-005-9004-3: 0 extracted
  ✓ doi__10.1007_s10529-007-9351-4: 0 extracted
  ✓ doi__10.1007_s10096-018-3189-7: 0 extracted
  ✓ doi__10.1007_s10517-023-05725-1: 0 extracted
  ✓ doi__10.1007_s10529-008-9819-x: 1 extracted
  ✓ doi__10.1007_s10517-017-3705-2: 0 extracted
  ✓ doi__10.1007_s10529-006-9107-6: 0 extracted
  ✓ doi__10.1007_s10126-025-10426-z: 0 extracted
  ✓ doi__10.1007_s10529-009-0010-9: 0 extracted
  ✓ doi__10.1007_s10541-005-0221-1: 0 extracted
  ✓ doi__10.1007_s10126-024-10338-4: 4 extracted
  ✓ doi__10.1007_s10637-005-3690-6: 0 extracted
  ✓ doi__10.1007_s10529-010-0402-x: 0 extracted
  ✓ doi__10.1007_s10529-008-9848-5: 0 extracted
  ✓ doi__10.1007_s10126-009-9189-y: 3 extracted
  ✓ doi__10.1007_s10856-012-4645-z: 2 extracted
  ✓ doi__10.1007_s10529-014-1682-3: 3 extracted
  ✓ doi__10.1007_s10753-011-9330-8: 0 extracted
  ✓ doi__10.1007_s10534-014-9753-4: 0 extracted
  ✓ doi__10.1007_s10126-018-9843-3: 6 extracted
  ✓ doi__10.1007_s10930-011-9346-9: 0 extracted
  ✓ doi__10.1007_s10529-013-1359-3: 0 extracted
  ✓ doi__10.1007_s10886-023-01438-x: 0 extracted
  ✓ doi__10.1007_s10565-021-09588-y: 0 extracted
  ✓ doi__10.1007_s10930-011-9337-x: 0 extracted
  ✓ doi__10.1007_s10930-004-7877-z: 0 extracted
  ✓ doi__10.1007_s10930-015-9604-3: 0 extracted
  ✓ doi__10.1007_s10930-019-09879-8: 0 extracted
  ✓ doi__10.1007_s10989-004-1722-2: 0 extracted
  ✓ doi__10.1007_s10989-011-9268-6: 0 extracted
  ✓ doi__10.1007_s10886-013-0294-z: 0 extracted
  ✓ doi__10.1007_s10930-010-9299-4: 0 extracted
  ✓ doi__10.1007_s10529-017-2312-7: 6 extracted
  ✓ doi__10.1007_s10989-013-9355-y: 0 extracted
  ✓ doi__10.1007_s10989-012-9320-1: 0 extracted
  ✓ doi__10.1007_s10534-011-9465-y: 2 extracted
  ✓ doi__10.1007_s10930-019-09840-9: 4 extracted
  ✓ doi__10.1007_s10930-007-9094-z: 2 extracted
  ✓ doi__10.1007_s10989-018-9736-3: 1 extracted
  ✓ doi__10.1007_s10989-019-09888-2: 2 extracted
  ✓ doi__10.1007_s10989-014-9419-7: 0 extracted
  ✓ doi__10.1007_s10930-013-9505-2: 1 extracted
  ✓ doi__10.1007_s10989-013-9350-3: 0 extracted
  ✓ doi__10.1007_s10989-014-9405-0: 0 extracted
  ✓ doi__10.1007_s11033-008-9253-0: 0 extracted
  ✓ doi__10.1007_s10989-014-9417-9: 2 extracted
  ✓ doi__10.1007_s11033-012-2152-4: 0 extracted
  ✓ doi__10.1007_s10989-006-9041-4: 6 extracted
  ✓ doi__10.1007_s11010-011-0991-2: 0 extracted
  ✓ doi__10.1007_s11010-013-1778-4: 0 extracted
  ✓ doi__10.1007_s10989-021-10207-x: 0 extracted
  ✓ doi__10.1007_s10989-019-09984-3: 1 extracted
  ✓ doi__10.1007_s11033-016-3967-1: 0 extracted
  ✓ doi__10.1007_s11033-010-0409-3: 0 extracted
  ✓ doi__10.1007_s11103-004-6769-0: 0 extracted
  ✓ doi__10.1007_s11103-008-9372-y: 0 extracted
  ✓ doi__10.1007_s11103-005-5567-7: 0 extracted
  ✓ doi__10.1007_s11103-005-8270-9: 0 extracted
  ✓ doi__10.1007_s10989-024-10647-1: 4 extracted
  ✓ doi__10.1007_s11103-022-01317-1: 0 extracted
  ✓ doi__10.1007_s10930-016-9662-1: 7 extracted
  ✓ doi__10.1007_s11103-013-0127-z: 0 extracted
  ✓ doi__10.1007_s11248-011-9506-x: 0 extracted
  ✓ doi__10.1007_s11095-014-1550-9: 0 extracted
  ✓ doi__10.1007_s11095-014-1586-x: 0 extracted
  ✓ doi__10.1007_s11274-015-1880-8: 0 extracted
  ✓ doi__10.1007_s10989-020-10154-z: 14 extracted
  ✓ doi__10.1007_s11307-009-0287-z: 0 extracted
  ✓ doi__10.1007_s12010-009-8620-1: 0 extracted
  ✓ doi__10.1007_s12010-011-9257-4: 0 extracted
  ✓ doi__10.1007_s11274-013-1558-z: 0 extracted
  ✓ doi__10.1007_s11274-012-1189-9: 1 extracted
  ✓ doi__10.1007_s12010-011-9455-0: 0 extracted
  ✓ doi__10.1007_s11030-024-11046-w: 0 extracted
  ✓ doi__10.1007_s11356-021-13683-2: 0 extracted
  ✓ doi__10.1007_s11274-013-1360-y: 9 extracted
  ✓ doi__10.1007_s12010-014-1410-4: 0 extracted
  ✓ doi__10.1007_s12010-013-0567-6: 0 extracted
  ✓ doi__10.1007_s12010-014-0808-3: 0 extracted
  ✓ doi__10.1007_s11274-022-03372-8: 4 extracted
  ✓ doi__10.1007_s12038-018-9790-1: 0 extracted
  ✓ doi__10.1007_s11274-015-1851-0: 4 extracted
  ✓ doi__10.1007_s11274-013-1461-7: 6 extracted
  ✓ doi__10.1007_s12010-015-1730-z: 0 extracted
  ✓ doi__10.1007_s12223-013-0282-2: 0 extracted
  ✓ doi__10.1007_s12272-013-0112-8: 0 extracted
  ✓ doi__10.1007_s12272-017-0922-1: 0 extracted
  ✓ doi__10.1007_s10989-021-10182-3: 3 extracted
  ✓ doi__10.1007_s12275-008-0179-y: 0 extracted
  ✓ doi__10.1007_s12010-013-0258-3: 3 extracted
  ✓ doi__10.1007_s12010-025-05453-4: 2 extracted
  ✓ doi__10.1007_s11274-024-04093-w: 8 extracted
  ✓ doi__10.1007_s12272-017-0963-5: 0 extracted
  ✓ doi__10.1007_s12272-018-1084-5: 0 extracted
  ✓ doi__10.1007_s12010-013-0489-3: 1 extracted
  ✓ doi__10.1007_s12272-012-0505-0: 0 extracted
  ✓ doi__10.1007_s12275-011-1013-5: 0 extracted
  ✓ doi__10.1007_s11274-013-1575-y: 7 extracted
  ✓ doi__10.1007_s12275-009-0317-1: 0 extracted
  ✓ doi__10.1007_s12539-018-0304-5: 0 extracted
  ✓ doi__10.1007_s12602-015-9196-4: 0 extracted
  ✓ doi__10.1007_s12275-022-1368-9: 0 extracted
  ✓ doi__10.1007_s12539-024-00612-3: 0 extracted
  ✓ doi__10.1007_s12602-017-9335-1: 0 extracted
  ✓ doi__10.1007_s12602-011-9067-6: 0 extracted
  ✓ doi__10.1007_s12272-015-0565-z: 4 extracted
  ✓ doi__10.1007_s12272-016-0769-x: 5 extracted
  ✓ doi__10.1007_s12602-017-9345-z: 0 extracted
  ✓ doi__10.1007_s12602-020-09647-6: 0 extracted
  ✓ doi__10.1007_s12602-016-9217-y: 5 extracted
  ✓ doi__10.1007_s12602-020-09686-z: 0 extracted
  ✓ doi__10.1007_s12602-018-9446-3: 4 extracted
  ✓ doi__10.1007_s12602-021-09741-3: 0 extracted
  ✓ doi__10.1007_s12275-018-7444-5: 3 extracted
  ✓ doi__10.1007_s12602-016-9219-9: 2 extracted
  ✓ doi__10.1007_s12602-023-10195-y: 0 extracted
  ✓ doi__10.1007_s12602-008-9003-6: 2 extracted
  ✓ doi__10.1007_s12602-024-10250-2: 0 extracted
  ✓ doi__10.1007_s12602-024-10371-8: 3 extracted
  ✓ doi__10.1007_s12602-018-9416-9: 0 extracted
  ✓ doi__10.1007_s12602-020-09716-w: 6 extracted
  ✓ doi__10.1007_s12602-018-9454-3: 2 extracted
  ✓ doi__10.1007_s12602-025-10859-x: 1 extracted
  ✓ doi__10.1007_s12602-025-10591-6: 0 extracted
  ✓ doi__10.1007_s13205-019-1639-2: 2 extracted
  ✓ doi__10.1007_s12602-025-10469-7: 3 extracted
  ✓ doi__10.1007_s12602-025-10590-7: 0 extracted
  ✓ doi__10.1007_s12602-021-09857-6: 1 extracted
  ✓ doi__10.1007_s12602-025-10637-9: 4 extracted
  ✓ doi__10.1007_s13277-014-3018-2: 2 extracted
  ✓ doi__10.1007_s12195-020-00626-z: 26 extracted
  ✓ doi__10.1007_s12602-012-9123-x: 7 extracted
  ✓ doi__10.1016_j.bmc.2009.09.053: 0 extracted
  ✓ doi__10.1007_s13277-015-3402-6: 0 extracted
  ✓ doi__10.1016_j.bmc.2010.07.050: 0 extracted
  ✓ doi__10.1007_s12602-020-09701-3: 5 extracted
  ✓ doi__10.1007_s13205-020-2151-4: 9 extracted
  ✓ doi__10.1016_j.bmc.2022.116631: 0 extracted
  ✓ doi__10.1016_j.bmc.2019.115214: 0 extracted
  ✓ doi__10.1016_j.bmc.2020.115776: 0 extracted
  ✓ doi__10.1016_j.bmc.2020.115951: 0 extracted
  ✓ doi__10.1007_s13197-022-05585-z: 15 extracted
  ✓ doi__10.1016_j.bbamem.2020.183280: 9 extracted
  ✓ doi__10.1016_j.bmcl.2014.03.097: 0 extracted
  ✓ doi__10.1016_j.bmcl.2019.01.043: 0 extracted
  ✓ doi__10.1016_j.bmcl.2017.03.035: 0 extracted
  ✓ doi__10.1016_j.bmcl.2006.04.029: 0 extracted
  ✓ doi__10.1016_j.bcp.2013.05.022: 0 extracted
  ✓ doi__10.1016_j.bbamem.2014.09.010: 12 extracted
  ✓ doi__10.1007_s13205-019-1801-x: 30 extracted
  ✓ doi__10.1016_j.ejca.2009.03.003: 0 extracted
  ✓ doi__10.1016_j.bbamem.2019.05.006: 13 extracted
  ✓ doi__10.1016_j.bmcl.2006.07.022: 38 extracted
  ✓ doi__10.1016_j.jneuroim.2010.11.009: 34 extracted
  ✓ doi__10.1016_j.dci.2010.01.008: 5 extracted
  ✓ doi__10.1016_j.phrs.2022.106245: 0 extracted
  ✓ doi__10.1016_j.ijantimicag.2008.11.013: 18 extracted
  ✓ doi__10.1016_j.bbamem.2006.03.010: 24 extracted
  ✓ doi__10.1007_s12602-024-10376-3: 0 extracted
  ✓ doi__10.1016_j.chom.2023.07.001: 32 extracted
  ✓ doi__10.1016_j.bcp.2021.114693: 26 extracted
  ✓ doi__10.1016_j.bbamem.2017.04.018: 0 extracted
  ✓ doi__10.1016_j.bbamem.2019.07.012: 0 extracted
  ✓ doi__10.1021_acs.jmedchem.3c01360: 0 extracted
  ✓ doi__10.1016_j.phytochem.2018.04.014: 5 extracted
  ✓ doi__10.1016_j.bmc.2007.08.007: 0 extracted
  ✓ doi__10.1016_s0960-894x(03)00040-4: 6 extracted
  ✓ doi__10.1021_acs.jnatprod.0c01370: 0 extracted
  ✓ doi__10.1021_acs.jmedchem.5b02025: 0 extracted
  ✓ doi__10.1016_j.tetlet.2009.05.067: 4 extracted
  ✓ doi__10.1021_acs.jmedchem.9b01199: 0 extracted
  ✓ doi__10.1021_acs.jnatprod.5b00540: 0 extracted
  ✓ doi__10.1016_j.resmic.2020.03.001: 6 extracted
  ✓ doi__10.1016_j.jmb.2008.02.066: 40 extracted
  ✓ doi__10.1021_acs.jnatprod.9b01019: 0 extracted
  ✓ doi__10.1016_j.cell.2017.12.009: 0 extracted
  ✓ doi__10.1021_acs.jnatprod.3c00939: 0 extracted
  ✓ doi__10.1016_j.ibmb.2013.03.013: 7 extracted
  ✓ doi__10.1021_acsinfecdis.1c00275: 0 extracted
  ✓ doi__10.1021_acs.bioconjchem.0c00664: 13 extracted
  ✓ doi__10.1016_j.jip.2012.02.007: 18 extracted
  ✓ doi__10.1016_j.ijantimicag.2012.02.003: 0 extracted
  ✓ doi__10.1021_acs.jnatprod.1c00281: 6 extracted
  ✓ doi__10.1021_acs.jnatprod.3c00536: 3 extracted
  ✓ doi__10.1021_acs.jproteome.3c00597: 0 extracted
  ✓ doi__10.1016_j.peptides.2018.05.011: 0 extracted
  ✓ doi__10.1021_acsinfecdis.2c00446: 8 extracted
  ✓ doi__10.1021_acs.joc.1c01858: 18 extracted
  ✓ doi__10.1021_acsmedchemlett.3c00385: 0 extracted
  ✓ doi__10.1021_acsmedchemlett.7b00431: 0 extracted
  ✓ doi__10.1016_j.peptides.2019.170119: 0 extracted
  ✓ doi__10.1021_acsptsci.0c00001: 0 extracted
  ✓ doi__10.1021_acsmedchemlett.1c00556: 36 extracted
  ✓ doi__10.1016_j.phytochem.2011.07.014: 0 extracted
  ✓ doi__10.1021_cb900133x: 0 extracted
  ✓ doi__10.1021_bi700978h: 0 extracted
  ✓ doi__10.1021_ja409082w: 9 extracted
  ✓ doi__10.1021_acs.biochem.7b00348: 0 extracted
  ✓ doi__10.1021_bi052629q: 15 extracted
  ✓ doi__10.1021_acs.jmedchem.7b01064: 0 extracted
  ✓ doi__10.1021_jacs.5b07206: 10 extracted
  ✓ doi__10.1021_acsami.8b17808: 0 extracted
  ✓ doi__10.1021_acsinfecdis.1c00101: 0 extracted
  ✓ doi__10.1021_jacs.8b12087: 0 extracted
  ✓ doi__10.1021_jacs.9b01519: 2 extracted
  ✓ doi__10.1021_jm0102598: 0 extracted
  ✓ doi__10.1021_acsinfecdis.3c00293: 0 extracted
  ✓ doi__10.1021_jacs.0c04376: 7 extracted
  ✓ doi__10.1021_np040093o: 0 extracted
  ✓ doi__10.1021_jm1003528: 0 extracted
  ✓ doi__10.1021_acsinfecdis.5c01022: 0 extracted
  ✓ doi__10.1021_acsinfecdis.3c00468: 0 extracted
  ✓ doi__10.1021_np500158q: 0 extracted
  ✓ doi__10.1021_acsinfecdis.9b00217: 0 extracted
  ✓ doi__10.1021_np070260v: 0 extracted
  ✓ doi__10.1021_ja210569f: 14 extracted
  ✓ doi__10.1021_acsmedchemlett.1c00683: 28 extracted
  ✓ doi__10.1021_acsmedchemlett.3c00093: 0 extracted
  ✓ doi__10.1021_ja305644e: 36 extracted
  ✓ doi__10.1021_np070393g: 14 extracted
  ✓ doi__10.1023_a_1005623806445: 2 extracted
  ✓ doi__10.1021_ol5026603: 4 extracted
  ✓ doi__10.1023_a_1006431320677: 0 extracted
  ✓ doi__10.1021_jacs.6b11861: 7 extracted
  ✓ doi__10.1023_b_bile.0000015472.09542.6d: 0 extracted
  ✓ doi__10.1023_b_bile.0000024098.83025.de: 0 extracted
  ✓ doi__10.1021_np800617a: 4 extracted
  ✓ doi__10.1023_a_1008095802767: 0 extracted
  ✓ doi__10.1038_160263a0: 0 extracted
  ✓ doi__10.1023_a_1018698002314: 0 extracted
  ✓ doi__10.1021_bc060028l: 0 extracted
  ✓ doi__10.1038_20601: 0 extracted
  ✓ doi__10.1038_330080a0: 0 extracted
  ✓ doi__10.1038_300325a0: 0 extracted
  ✓ doi__10.1038_292246a0: 0 extracted
  ✓ doi__10.1021_np900173d: 8 extracted
  ✓ doi__10.1038_154703a0: 0 extracted
  ✓ doi__10.1038_333276a0: 0 extracted
  ✓ doi__10.1023_a_1019741202601: 0 extracted
  ✓ doi__10.1038_43088: 0 extracted
  ✓ doi__10.1021_ja8093247: 76 extracted
  ✓ doi__10.1038_35104690: 0 extracted
  ✓ doi__10.1038_82436: 0 extracted
  ✓ doi__10.1038_828: 0 extracted
  ✓ doi__10.1038_35048500: 0 extracted
  ✓ doi__10.1023_a_1007018423603: 2 extracted
  ✓ doi__10.1023_a_1024995105208: 3 extracted
  ✓ doi__10.1021_np9004135: 18 extracted
  ✓ doi__10.1038_8676: 0 extracted
  ✓ doi__10.1021_jm800886n: 34 extracted
  ✓ doi__10.1038_cmi.2009.33: 0 extracted
  ✓ doi__10.1038_ja.2005.37: 0 extracted
  ✓ doi__10.1038_ja.2008.106: 0 extracted
  ✓ doi__10.1038_ja.2009.81: 0 extracted
  ✓ doi__10.1038_ja.2007.48: 3 extracted
  ✓ doi__10.1038_ja.2009.60: 2 extracted
  ✓ doi__10.1038_ja.2009.31: 0 extracted
  ✓ doi__10.1038_ja.2010.48: 0 extracted
  ✓ doi__10.1038_ja.2005.16: 3 extracted
  ✓ doi__10.1038_ja.2007.66: 0 extracted
  ✓ doi__10.1038_ja.2009.32: 0 extracted
  ✓ doi__10.1038_ja.2007.39: 4 extracted
  ✓ doi__10.1038_ja.2014.27: 0 extracted
  ✓ doi__10.1038_ja.2006.1: 2 extracted
  ✓ doi__10.1038_ja.2012.92: 0 extracted
  ✓ doi__10.1038_ja.2015.20: 0 extracted
  ✓ doi__10.1038_ja.2016.107: 0 extracted
  ✓ doi__10.1038_ja.2012.87: 0 extracted
  ✓ doi__10.1038_ja.2016.116: 0 extracted
  ✓ doi__10.1038_ja.2014.4: 0 extracted
  ✓ doi__10.1038_ja.2013.114: 0 extracted
  ✓ doi__10.1038_ja.2016.61: 0 extracted
  ✓ doi__10.1038_ja.2017.76: 2 extracted
  ✓ doi__10.1038_nature04051: 0 extracted
  ✓ doi__10.1038_ni732: 0 extracted
  ✓ doi__10.1038_ja.2011.120: 2 extracted
  ✓ doi__10.1038_ja.2016.134: 0 extracted
  ✓ doi__10.1038_ja.2016.81: 6 extracted
  ✓ doi__10.1038_ja.2016.16: 0 extracted
  ✓ doi__10.1038_nsb0698-427: 0 extracted
  ✓ doi__10.1038_ni797: 0 extracted
  ✓ doi__10.1038_ja.2011.43: 0 extracted
  ✓ doi__10.1038_nsb1097-793: 0 extracted
  ✓ doi__10.1021_jm100143f: 52 extracted
  ✓ doi__10.1038_ni955: 0 extracted
  ✓ doi__10.1038_ja.2016.135: 2 extracted
  ✓ doi__10.1038_s41429-023-00635-w: 0 extracted
  ✓ doi__10.1038_s41429-023-00697-w: 0 extracted
  ✓ doi__10.1038_s41429-018-0095-2: 0 extracted
  ✓ doi__10.1038_s41573-019-0058-8: 0 extracted
  ✓ doi__10.1038_sj.gt.3301154: 0 extracted
  ✓ doi__10.1042_bj3000567: 0 extracted
  ✓ doi__10.1042_bj3130141: 0 extracted
  ✓ doi__10.1038_nbt1113: 2 extracted
  ✓ doi__10.1038_sj.onc.1209489: 0 extracted
  ✓ doi__10.1042_0264-6021_3590035: 0 extracted
  ✓ doi__10.1038_sj.onc.1207999: 0 extracted
  ✓ doi__10.1038_nrd3591: 0 extracted
  ✓ doi__10.1038_ja.2011.10: 4 extracted
  ✓ doi__10.1039_c8sm02180e: 0 extracted
  ✓ doi__10.1073_pnas.0408639102: 0 extracted
  ✓ doi__10.1073_pnas.052706399: 0 extracted
  ✓ doi__10.1073_pnas.0603727103: 0 extracted
  ✓ doi__10.1073_pnas.0501424102: 0 extracted
  ✓ doi__10.1073_pnas.0606129103: 0 extracted
  ✓ doi__10.1073_pnas.0307327101: 0 extracted
  ✓ doi__10.1046_j.1399-3011.2003.00106.x: 0 extracted
  ✓ doi__10.1021_np0503653: 9 extracted
  ✓ doi__10.1073_pnas.0701478104: 0 extracted
  ✓ doi__10.1073_pnas.0913554107: 0 extracted
  ✓ doi__10.1073_pnas.0707037104: 0 extracted
  ✓ doi__10.1073_pnas.0904465106: 0 extracted
  ✓ doi__10.1073_pnas.2012379117: 0 extracted
  ✓ doi__10.1073_pnas.0901506106: 0 extracted
  ✓ doi__10.1073_pnas.1008608107: 0 extracted
  ✓ doi__10.1073_pnas.0712380105: 0 extracted
  ✓ doi__10.1073_pnas.1110435108: 0 extracted
  ✓ doi__10.1073_pnas.141222098: 0 extracted
  ✓ doi__10.1073_pnas.1222824110: 0 extracted
  ✓ doi__10.1073_pnas.84.15.5449: 0 extracted
  ✓ doi__10.1073_pnas.86.23.9159: 0 extracted
  ✓ doi__10.1021_jm060307u: 0 extracted
  ✓ doi__10.1073_pnas.191366898: 0 extracted
  ✓ doi__10.1073_pnas.2004045117: 0 extracted
  ✓ doi__10.1073_pnas.201392898: 0 extracted
  ✓ doi__10.1073_pnas.93.23.13143: 0 extracted
  ✓ doi__10.1093_nar_18.13.3987: 0 extracted
  ✓ doi__10.1073_pnas.2014442118: 0 extracted
  ✓ doi__10.1073_pnas.210301097: 0 extracted
  ✓ doi__10.1073_pnas.221363798: 0 extracted
  ✓ doi__10.1073_pnas.95.19.11342: 0 extracted
  ✓ doi__10.1073_pnas.221466798: 0 extracted
  ✓ doi__10.1104_pp.112.2.615: 0 extracted
  ✓ doi__10.1107_s0907444913018003: 0 extracted
  ✓ doi__10.1107_s174430910901745x: 0 extracted
  ✓ doi__10.1073_pnas.92.25.11456: 0 extracted
  ✓ doi__10.1073_pnas.94.21.11502: 0 extracted
  ✓ doi__10.1038_s41429-024-00773-9: 8 extracted
  ✓ doi__10.1093_jac_dkn058: 0 extracted
  ✓ doi__10.1073_pnas.95.25.14961: 0 extracted
  ✓ doi__10.1042_bj20051371: 5 extracted
  ✓ doi__10.1104_pp.100.2.1055: 0 extracted
  ✓ doi__10.1099_jmm.0.000258: 0 extracted
  ✓ doi__10.1099_mic.0.000515: 0 extracted
  ✓ doi__10.1111_j.1747-0285.2008.00728.x: 0 extracted
  ✓ doi__10.1096_fj.09-151704: 0 extracted
  ✓ doi__10.1021_jm801648n: 0 extracted
  ✓ doi__10.1099_jmm.0.000209: 0 extracted
  ✓ doi__10.1126_science.1127119: 0 extracted
  ✓ doi__10.1111_mpp.12066: 0 extracted
  ✓ doi__10.1126_scitranslmed.aah4680: 0 extracted
  ✓ doi__10.1128_aac.00470-08: 0 extracted
  ✓ doi__10.1128_aac.00028-08: 0 extracted
  ✓ doi__10.1128_aac.00155-07: 0 extracted
  ✓ doi__10.1128_aac.00196-07: 0 extracted
  ✓ doi__10.1128_aac.00246-06: 0 extracted
  ✓ doi__10.1126_science.abq3178: 0 extracted
  ✓ doi__10.1128_aac.00259-06: 0 extracted
  ✓ doi__10.1128_aac.00301-09: 0 extracted
  ✓ doi__10.1128_aac.00477-08: 0 extracted
  ✓ doi__10.1128_aac.00204-10: 0 extracted
  ✓ doi__10.1042_bj20040422: 3 extracted
  ✓ doi__10.1128_aac.00490-06: 0 extracted
  ✓ doi__10.1128_aac.00319-11: 0 extracted
  ✓ doi__10.1128_aac.00542-08: 0 extracted
  ✓ doi__10.1128_aac.00506-08: 0 extracted
  ✓ doi__10.1128_aac.00622-06: 0 extracted
  ✓ doi__10.1128_aac.00452-08: 0 extracted
  ✓ doi__10.1128_aac.00344-06: 0 extracted
  ✓ doi__10.1128_aac.00568-06: 0 extracted
  ✓ doi__10.1128_aac.00650-06: 0 extracted
  ✓ doi__10.1128_aac.00810-08: 0 extracted
  ✓ doi__10.1128_aac.00635-07: 0 extracted
  ✓ doi__10.1128_aac.00666-06: 0 extracted
  ✓ doi__10.1128_aac.00925-06: 0 extracted
  ✓ doi__10.1128_aac.00656-08: 0 extracted
  ✓ doi__10.1128_aac.00842-20: 0 extracted
  ✓ doi__10.1128_aac.00828-06: 0 extracted
  ✓ doi__10.1128_aac.00908-09: 0 extracted
  ✓ doi__10.1128_aac.00826-09: 0 extracted
  ✓ doi__10.1128_aac.01030-06: 0 extracted
  ✓ doi__10.1128_aac.00917-08: 0 extracted
  ✓ doi__10.1128_aac.01080-10: 0 extracted
  ✓ doi__10.1128_aac.00652-06: 0 extracted
  ✓ doi__10.1128_aac.01082-06: 0 extracted
  ✓ doi__10.1128_aac.01100-08: 0 extracted
  ✓ doi__10.1128_aac.01040-08: 0 extracted
  ✓ doi__10.1128_aac.01148-10: 0 extracted
  ✓ doi__10.1128_aac.01623-08: 0 extracted
  ✓ doi__10.1128_aac.01270-06: 0 extracted
  ✓ doi__10.1128_aac.01106-08: 0 extracted
  ✓ doi__10.1128_aac.01308-07: 0 extracted
  ✓ doi__10.1128_aac.01202-08: 0 extracted
  ✓ doi__10.1128_aac.01431-06: 0 extracted
  ✓ doi__10.1128_aac.36.11.2468: 0 extracted
  ✓ doi__10.1128_aac.01231-09: 0 extracted
  ✓ doi__10.1128_aac.37.12.2534: 0 extracted
  ✓ doi__10.1128_aac.01391-09: 0 extracted
  ✓ doi__10.1128_aac.01342-07: 0 extracted
  ✓ doi__10.1128_aac.01436-08: 0 extracted
  ✓ doi__10.1128_aac.01439-09: 0 extracted
  ✓ doi__10.1128_aac.01448-09: 0 extracted
  ✓ doi__10.1128_aac.01450-07: 0 extracted
  ✓ doi__10.1128_aac.01568-09: 0 extracted
  ✓ doi__10.1128_aac.02218-12: 0 extracted
  ✓ doi__10.1128_aac.05397-11: 0 extracted
  ✓ doi__10.1128_aac.45.3.969-972.2001: 0 extracted
  ✓ doi__10.1128_aac.44.6.1716-1719.2000: 0 extracted
  ✓ doi__10.1128_aac.44.10.2701-2705.2000: 0 extracted
  ✓ doi__10.1128_aac.44.8.2039-2045.2000: 0 extracted
  ✓ doi__10.1128_aac.05637-11: 0 extracted
  ✓ doi__10.1042_bj20060627: 0 extracted
  ✓ doi__10.1128_aac.36.6.1249: 0 extracted
  ✓ doi__10.1128_aac.45.10.2695-2702.2001: 0 extracted
  ✓ doi__10.1128_aac.45.11.3256-3261.2001: 0 extracted
  ✓ doi__10.1128_aac.45.10.2838-2844.2001: 0 extracted
  ✓ doi__10.1128_aac.01667-10: 0 extracted
  ✓ doi__10.1128_aac.01790-09: 0 extracted
  ✓ doi__10.1128_aac.47.3.1157-1160.2003: 0 extracted
  ✓ doi__10.1128_aac.45.10.2820-2825.2001: 0 extracted
  ✓ doi__10.1128_aac.45.9.2441-2449.2001: 0 extracted
  ✓ doi__10.1128_aac.45.3.715-722.2001: 0 extracted
  ✓ doi__10.1128_aac.46.3.689-694.2002: 0 extracted
  ✓ doi__10.1128_aac.45.5.1337-1342.2001: 0 extracted
  ✓ doi__10.1128_aac.46.1.34-41.2002: 0 extracted
  ✓ doi__10.1128_aac.45.5.1367-1373.2001: 0 extracted
  ✓ doi__10.1128_aac.46.12.3883-3891.2002: 0 extracted
  ✓ doi__10.1128_aac.46.5.1218-1225.2002: 0 extracted
  ✓ doi__10.1128_aac.49.12.5037-5045.2005: 0 extracted
  ✓ doi__10.1128_aac.46.3.875-878.2002: 0 extracted
  ✓ doi__10.1128_aac.45.12.3437-3444.2001: 0 extracted
  ✓ doi__10.1128_aac.47.2.588-593.2003: 0 extracted
  ✓ doi__10.1128_aac.47.2.643-652.2003: 0 extracted
  ✓ doi__10.1128_aac.48.1.229-235.2004: 0 extracted
  ✓ doi__10.1128_aac.47.8.2464-2470.2003: 0 extracted
  ✓ doi__10.1128_aac.48.2.673-676.2004: 0 extracted
  ✓ doi__10.1128_aac.47.8.2481-2486.2003: 0 extracted
  ✓ doi__10.1128_aac.49.8.3208-3216.2005: 0 extracted
  ✓ doi__10.1128_aac.49.11.4561-4566.2005: 0 extracted
  ✓ doi__10.1128_aac.49.12.4957-4964.2005: 0 extracted
  ✓ doi__10.1128_aac.47.9.2804-2809.2003: 0 extracted
  ✓ doi__10.1128_aac.48.8.3127-3129.2004: 0 extracted
  ✓ doi__10.1128_aem.00523-10: 0 extracted
  ✓ doi__10.1128_aem.06497-11: 0 extracted
  ✓ doi__10.1128_aem.01173-10: 0 extracted
  ✓ doi__10.1128_aem.02264-09: 0 extracted
  ✓ doi__10.1128_aac.48.9.3349-3357.2004: 0 extracted
  ✓ doi__10.1128_aem.02096-08: 0 extracted
  ✓ doi__10.1128_aem.01154-10: 0 extracted
  ✓ doi__10.1128_aem.00567-21: 0 extracted
  ✓ doi__10.1042_bj20060318: 7 extracted
  ✓ doi__10.1128_aem.02286-06: 0 extracted
  ✓ doi__10.1128_aem.02265-06: 0 extracted
  ✓ doi__10.1128_aem.06348-11: 0 extracted
  ✓ doi__10.1128_aem.01597-09: 0 extracted
  ✓ doi__10.1128_aem.02481-10: 0 extracted
  ✓ doi__10.1128_aem.66.12.5480-5483.2000: 0 extracted
  ✓ doi__10.1128_aem.02299-08: 0 extracted
  ✓ doi__10.1128_aem.02450-10: 0 extracted
  ✓ doi__10.1128_aem.68.8.3830-3840.2002: 0 extracted
  ✓ doi__10.1128_aem.02718-06: 0 extracted
  ✓ doi__10.1128_aem.68.12.6416-6420.2002: 0 extracted
  ✓ doi__10.1128_aem.69.5.2737-2747.2003: 0 extracted
  ✓ doi__10.1128_aem.69.10.5546-5553.2003: 0 extracted
  ✓ doi__10.1128_aem.66.12.5213-5220.2000: 0 extracted
  ✓ doi__10.1128_aem.66.4.1298-1304.2000: 0 extracted
  ✓ doi__10.1128_aem.67.9.4111-4118.2001: 0 extracted
  ✓ doi__10.1128_aem.66.5.1928-1932.2000: 0 extracted
  ✓ doi__10.1128_aem.71.10.6360-6367.2005: 0 extracted
  ✓ doi__10.1128_jb.178.12.3585-3593.1996: 0 extracted
  ✓ doi__10.1128_aem.69.3.1589-1597.2003: 0 extracted
  ✓ doi__10.1128_iai.00996-10: 0 extracted
  ✓ doi__10.1128_aem.72.2.1459-1466.2006: 0 extracted
  ✓ doi__10.1128_iai.68.5.2748-2755.2000: 0 extracted
  ✓ doi__10.1128_aem.71.4.1899-1908.2005: 0 extracted
  ✓ doi__10.1128_iai.01100-08: 0 extracted
  ✓ doi__10.1128_iai.72.3.1470-1478.2004: 0 extracted
  ✓ doi__10.1128_iai.67.7.3542-3547.1999: 0 extracted
  ✓ doi__10.1128_jb.06142-11: 0 extracted
  ✓ doi__10.1128_jb.173.12.3879-3887.1991: 0 extracted
  ✓ doi__10.1128_jb.184.13.3649-3656.2002: 0 extracted
  ✓ doi__10.1128_jb.01375-09: 0 extracted
  ✓ doi__10.1128_jb.174.22.7428-7435.1992: 0 extracted
  ✓ doi__10.1128_jb.00784-10: 0 extracted
  ✓ doi__10.1128_jb.173.23.7491-7500.1991: 0 extracted
  ✓ doi__10.1128_jb.178.8.2232-2237.1996: 0 extracted
  ✓ doi__10.1128_iai.73.8.5053-5064.2005: 0 extracted
  ✓ doi__10.1128_jb.183.1.287-291.2001: 0 extracted
  ✓ doi__10.1128_jb.188.1.328-334.2006: 0 extracted
  ✓ doi__10.1128_jvi.00796-06: 0 extracted
  ✓ doi__10.1128_jvi.00736-06: 0 extracted
  ✓ doi__10.1128_jcm.42.3.1024-1029.2004: 0 extracted
  ✓ doi__10.1128_jvi.02433-13: 0 extracted
  ✓ doi__10.1128_jvi.01840-06: 0 extracted
  ✓ doi__10.1128_jvi.79.22.14318-14329.2005: 0 extracted
  ✓ doi__10.1128_jvi.79.18.11598-11606.2005: 0 extracted
  ✓ doi__10.1134_s0006297917130065: 0 extracted
  ✓ doi__10.1128_jvi.76.19.9952-9961.2002: 0 extracted
  ✓ doi__10.1152_ajprenal.00592.2020: 0 extracted
  ✓ doi__10.2210_pdb4z7r_pdb: 0 extracted
  ✓ doi__10.1515_bc.2009.062: 0 extracted
  ✓ doi__10.1134_s1022795418100149: 0 extracted
  ✓ doi__10.1134_s0006297906080098: 0 extracted
  ✓ doi__10.4014_jmb.1609.09004: 0 extracted
  ✓ doi__10.1245_s10434-008-0147-0: 0 extracted
  ✓ doi__10.1515_hsz-2013-0263: 0 extracted
  ✓ doi__10.1515_biolog-2017-0122: 0 extracted
  ✓ doi__10.1134_s0006297915040069: 0 extracted
  ✓ doi__10.2165_00003495-199856060-00011: 0 extracted
  ✓ doi__10.1134_s1068162009030054: 0 extracted
  ✓ doi__10.1134_s0006297907040104: 0 extracted
  ✓ doi__10.13345_j.cjb.150286: 0 extracted
  ✓ doi__10.2210_pdb2n1c_pdb: 0 extracted
  ✓ doi__10.3103_s0095452708060091: 0 extracted
  ✓ doi__10.1515_hsz-2017-0198: 0 extracted
  ✓ doi__10.32592_ari.2023.78.6.2694: 0 extracted
  ✓ doi__10.4014_jmb.1711.11057: 0 extracted
  ✓ doi__10.2174_0929866527666200813202918: 0 extracted
  ✓ doi__10.4014_jmb.1805.05001: 0 extracted
  ✓ doi__10.5012_bkcs.2013.34.3.963: 0 extracted
  ✓ doi__10.5012_bkcs.2013.34.7.2187: 0 extracted
  ✓ doi__10.2165_11534440-000000000-00000: 0 extracted
  ✓ doi__10.4014_jmb.1503.03091: 0 extracted
  ✓ doi__10.5012_bkcs.2010.31.01.205: 0 extracted
  ✓ doi__10.5012_bkcs.2011.32.10.3817: 0 extracted
  ✓ doi__10.5483_bmbrep.2007.40.6.1090: 0 extracted
  ✓ doi__10.4014_jmb.1809.09031: 0 extracted
  ✓ doi__10.5812_ijpr-141920: 0 extracted
done -> /home/cihebi/抗菌肽/数据集/batch/5-team/pipeline_v2/deepmine/supphtml_extracted.tsv
