{
  "generated_at_utc": "2026-07-15T07:41:43.661766+00:00",
  "manifest": "/home/cihebi/抗菌肽/数据集/batch/5-team/pipeline_v2/deepmine/dbaasp_strict_pilot/papers/PMC12144240/work/supplementary_methods/worker3_single_paper_manifest.json",
  "paper_count": 1,
  "review_status": {
    "accepted_with_cautions": 1
  },
  "counts": {
    "activity_records": 14,
    "mechanism_claims": 3
  },
  "issue_log_counts": {},
  "risk_counts": {
    "evidence_kind_record_count_mismatch": 1,
    "non_table_observation_record_count_mismatch": 12,
    "toxicity_endpoint_in_activity_records": 3
  },
  "risk_examples": {
    "evidence_kind_record_count_mismatch": [
      {
        "paper_id": "PMC12144240",
        "evidence_kind": "toxicity",
        "expected_count": 6,
        "observed_count": 0
      }
    ],
    "non_table_observation_record_count_mismatch": [
      {
        "paper_id": "PMC12144240",
        "observation_id": "cam-survival-infected",
        "evidence_kind": "activity",
        "expected_count": 1,
        "observed_count": 0,
        "record_ids": []
      },
      {
        "paper_id": "PMC12144240",
        "observation_id": "cam-survival-treated",
        "evidence_kind": "activity",
        "expected_count": 1,
        "observed_count": 0,
        "record_ids": []
      },
      {
        "paper_id": "PMC12144240",
        "observation_id": "cam-survival-uninfected",
        "evidence_kind": "activity",
        "expected_count": 1,
        "observed_count": 0,
        "record_ids": []
      },
      {
        "paper_id": "PMC12144240",
        "observation_id": "cam-vascular-infected",
        "evidence_kind": "activity",
        "expected_count": 1,
        "observed_count": 0,
        "record_ids": []
      },
      {
        "paper_id": "PMC12144240",
        "observation_id": "cam-vascular-treated",
        "evidence_kind": "activity",
        "expected_count": 1,
        "observed_count": 0,
        "record_ids": []
      }
    ],
    "toxicity_endpoint_in_activity_records": [
      {
        "paper_id": "PMC12144240",
        "record_index": 7,
        "record_id": "PMC12144240-W2-ACT-008",
        "endpoint": "cell viability"
      },
      {
        "paper_id": "PMC12144240",
        "record_index": 8,
        "record_id": "PMC12144240-W2-ACT-009",
        "endpoint": "cell viability"
      },
      {
        "paper_id": "PMC12144240",
        "record_index": 9,
        "record_id": "PMC12144240-W2-ACT-010",
        "endpoint": "cell viability"
      }
    ]
  },
  "publication_grade_pass": false
}
