{
  "generated_at_utc": "2026-07-15T11:25:03.642335+00:00",
  "manifest": "pipeline_v2/deepmine/dbaasp_strict_pilot/papers/PMC11752523/work/review/gate_manifest.worker6.runtime_open.json",
  "paper_count": 1,
  "review_status": {
    "needs_targeted_rework": 1
  },
  "counts": {
    "activity_records": 40,
    "mechanism_claims": 5
  },
  "issue_log_counts": {},
  "risk_counts": {
    "open_rework_targets": 1
  },
  "risk_examples": {
    "open_rework_targets": [
      {
        "paper_id": "PMC11752523",
        "count": 1
      }
    ]
  },
  "publication_grade_pass": false
}
