{
  "packet_root": "/home/cihebi/抗菌肽/数据集/batch/5-team/pipeline_v2/deepmine/dbaasp_strict_pilot/packets",
  "paper_count": 1,
  "material_status_counts": {
    "material_extracted_complete": 1
  },
  "analysis_status_counts": {
    "analysis_source_reviewed_accepted": 1
  },
  "open_rework_ticket_count": 10,
  "total_locator_count": 199,
  "total_extraction_error_count": 0,
  "hard_finding_count": 0,
  "hard_finding_papers": [],
  "results": [
    {
      "paper_id": "PMC11752523",
      "packet_root": "/home/cihebi/抗菌肽/数据集/batch/5-team/pipeline_v2/deepmine/dbaasp_strict_pilot/packets/PMC11752523",
      "material_status": "material_extracted_complete",
      "analysis_status": "analysis_source_reviewed_accepted",
      "missing_packet_files": [],
      "missing_final_files": [],
      "locator_count": 199,
      "extraction_error_count": 0,
      "open_rework_ticket_count": 10,
      "open_rework_ticket_ids": [
        "PMC11752523-rwk-0001",
        "PMC11752523-rwk-0002",
        "PMC11752523-rwk-0003",
        "PMC11752523-rwk-0004",
        "PMC11752523-rwk-0005",
        "rwk-PMC11752523-normalization-schema-001",
        "rwk-PMC11752523-activity-cell-binding-001",
        "rwk-PMC11752523-figure6-7-quantitation-002",
        "rwk-PMC11752523-comparator-policy-003",
        "rwk-PMC11752523-figure6-7-array-contract-004"
      ],
      "database_row_counts": {
        "dbaasp_machine_extracted_rows": 8,
        "dbaasp_review_queue_rows": 0,
        "dbaasp_empty_done_rows": 0,
        "codex_exec_sessions": 2,
        "linked_article_records": 0,
        "linked_assay_records": 0,
        "linked_sequence_records": 0,
        "linked_literature_records": 0
      },
      "hard_findings": []
    }
  ]
}
