{
  "generated_at_utc": "2026-07-13T07:36:05.108569+00:00",
  "manifest": "pipeline_v2/deepmine/dbaasp_strict_pilot/papers/PMC12229353/work/activity_evidence/single_paper_manifest.worker2.json",
  "paper_count": 1,
  "review_status": {
    "needs_targeted_rework": 1
  },
  "counts": {
    "activity_records": 88,
    "mechanism_claims": 7
  },
  "issue_log_counts": {},
  "risk_counts": {
    "cell_endpoint_not_supported_by_cited_table": 2,
    "open_rework_targets": 1
  },
  "risk_examples": {
    "cell_endpoint_not_supported_by_cited_table": [
      {
        "paper_id": "PMC12229353",
        "record_id": "PMC12229353-W2-ACT-T1-0008",
        "endpoint": "MBIC50",
        "source_locator": "xml:table-wrap:1"
      },
      {
        "paper_id": "PMC12229353",
        "record_id": "PMC12229353-W2-ACT-T1-0009",
        "endpoint": "MBIC50",
        "source_locator": "xml:table-wrap:1"
      }
    ],
    "open_rework_targets": [
      {
        "paper_id": "PMC12229353",
        "count": null
      }
    ]
  },
  "publication_grade_pass": false
}
