[1/10] accepted sample audit doi__10.3389_fchem.2018.00359
[2/10] accepted sample audit doi__10.3389_fchem.2018.00394
[3/10] accepted sample audit doi__10.3389_fcimb.2019.00128
[4/10] accepted sample audit doi__10.3389_fcimb.2022.928220
[5/10] accepted sample audit doi__10.3389_fcimb.2024.1334378
[6/10] accepted sample audit doi__10.3389_fcimb.2018.00354
[7/10] accepted sample audit doi__10.3389_fchem.2020.616147
[8/10] accepted sample audit doi__10.3389_fchem.2022.840131
[9/10] accepted sample audit doi__10.3389_fcimb.2020.552905
[10/10] accepted sample audit doi__10.3389_fchem.2020.00476
{
  "ok": true,
  "out": "reports/accepted_sample_audit/next200_10lane_20260505T152139Z/lane09/next200_10lane_20260505T152139Z_lane09_accepted_sample_audit_20260506T120903Z.json",
  "latest": "reports/accepted_sample_audit/next200_10lane_20260505T152139Z/lane09/accepted_sample_audit_latest.json",
  "paper_count": 10,
  "passed_count": 9,
  "failed_count": 1,
  "issue_counts": {
    "open_rework_tickets_present": 1
  }
}
