[1/9] accepted sample audit doi__10.1371_journal.pone.0176088
[2/9] accepted sample audit doi__10.1371_journal.pone.0178785
[3/9] accepted sample audit doi__10.1371_journal.pone.0190778
[4/9] accepted sample audit doi__10.1371_journal.pone.0220656
[5/9] accepted sample audit doi__10.1371_journal.pone.0196295
[6/9] accepted sample audit doi__10.1371_journal.pone.0204042
[7/9] accepted sample audit doi__10.1371_journal.pone.0215227
[8/9] accepted sample audit doi__10.1371_journal.pone.0216669
[9/9] accepted sample audit doi__10.1371_journal.pone.0205509
{
  "ok": true,
  "out": "reports/accepted_sample_audit/next200_10lane_20260505T152139Z/lane04/next200_10lane_20260505T152139Z_lane04_accepted_sample_audit_20260506T120903Z.json",
  "latest": "reports/accepted_sample_audit/next200_10lane_20260505T152139Z/lane04/accepted_sample_audit_latest.json",
  "paper_count": 9,
  "passed_count": 7,
  "failed_count": 2,
  "issue_counts": {
    "open_rework_tickets_present": 2
  }
}
