[1/9] accepted sample audit doi__10.21203_rs.3.rs-3535234_v1
[2/9] accepted sample audit doi__10.2147_dddt.s107195
[3/9] accepted sample audit doi__10.2147_idr.s199473
[4/9] accepted sample audit doi__10.2147_ijn.s155245
[5/9] accepted sample audit doi__10.2147_dddt.s181188
[6/9] accepted sample audit doi__10.2147_idr.s166236
[7/9] accepted sample audit doi__10.2147_dddt.s121283
[8/9] accepted sample audit doi__10.2147_idr.s165179
[9/9] accepted sample audit doi__10.2147_idr.s218778
{
  "ok": true,
  "out": "reports/accepted_sample_audit/next200_10lane_20260505T152139Z/lane07/next200_10lane_20260505T152139Z_lane07_accepted_sample_audit_20260506T120903Z.json",
  "latest": "reports/accepted_sample_audit/next200_10lane_20260505T152139Z/lane07/accepted_sample_audit_latest.json",
  "paper_count": 9,
  "passed_count": 8,
  "failed_count": 1,
  "issue_counts": {
    "missing_review_field:checked_inputs": 1
  }
}
