[1/11] accepted sample audit doi__10.1371_journal.pone.0142451
[2/11] accepted sample audit doi__10.1371_journal.pone.0144741
[3/11] accepted sample audit doi__10.1371_journal.pone.0162537
[4/11] accepted sample audit doi__10.1371_journal.pone.0169678
[5/11] accepted sample audit doi__10.1371_journal.pone.0170821
[6/11] accepted sample audit doi__10.1371_journal.pone.0173783
[7/11] accepted sample audit doi__10.1371_journal.pone.0167953
[8/11] accepted sample audit doi__10.1371_journal.pone.0149729
[9/11] accepted sample audit doi__10.1371_journal.pone.0169582
[10/11] accepted sample audit doi__10.1371_journal.pone.0151694
[11/11] accepted sample audit doi__10.1371_journal.pone.0144611
{
  "ok": true,
  "out": "reports/accepted_sample_audit/next200_10lane_20260505T152139Z/lane03/next200_10lane_20260505T152139Z_lane03_accepted_sample_audit_20260506T120903Z.json",
  "latest": "reports/accepted_sample_audit/next200_10lane_20260505T152139Z/lane03/accepted_sample_audit_latest.json",
  "paper_count": 11,
  "passed_count": 11,
  "failed_count": 0,
  "issue_counts": {}
}
