[1/12] accepted sample audit doi__10.3389_fcimb.2024.1389020
[2/12] accepted sample audit doi__10.3389_fcimb.2024.1450353
[3/12] accepted sample audit doi__10.3389_fimmu.2022.851642
[4/12] accepted sample audit doi__10.3389_fimmu.2026.1745714
[5/12] accepted sample audit doi__10.3389_fmicb.2016.01115
[6/12] accepted sample audit doi__10.3389_fmicb.2016.01140
[7/12] accepted sample audit doi__10.3389_fmicb.2016.01484
[8/12] accepted sample audit doi__10.3389_fimmu.2020.00347
[9/12] accepted sample audit doi__10.3389_fmicb.2013.00332
[10/12] accepted sample audit doi__10.3389_fimmu.2021.740620
[11/12] accepted sample audit doi__10.3389_fcimb.2024.1390934
[12/12] accepted sample audit doi__10.3389_fimmu.2016.00664
{
  "ok": true,
  "out": "reports/accepted_sample_audit/next200_10lane_20260505T152139Z/lane10/next200_10lane_20260505T152139Z_lane10_accepted_sample_audit_20260506T120903Z.json",
  "latest": "reports/accepted_sample_audit/next200_10lane_20260505T152139Z/lane10/accepted_sample_audit_latest.json",
  "paper_count": 12,
  "passed_count": 9,
  "failed_count": 3,
  "issue_counts": {
    "open_rework_tickets_present": 3
  }
}
