[1/10] accepted sample audit doi__10.1371_journal.pone.0110735
[2/10] accepted sample audit doi__10.1371_journal.pone.0114453
[3/10] accepted sample audit doi__10.1371_journal.pone.0119525
[4/10] accepted sample audit doi__10.1371_journal.pone.0135961
[5/10] accepted sample audit doi__10.1371_journal.pone.0140377
[6/10] accepted sample audit doi__10.1371_journal.pone.0137414
[7/10] accepted sample audit doi__10.1371_journal.pone.0118170
[8/10] accepted sample audit doi__10.1371_journal.pone.0124210
[9/10] accepted sample audit doi__10.1371_journal.pone.0138911
[10/10] accepted sample audit doi__10.1371_journal.pone.0117394
{
  "ok": true,
  "out": "reports/accepted_sample_audit/next200_10lane_20260505T152139Z/lane02/next200_10lane_20260505T152139Z_lane02_accepted_sample_audit_20260506T120903Z.json",
  "latest": "reports/accepted_sample_audit/next200_10lane_20260505T152139Z/lane02/accepted_sample_audit_latest.json",
  "paper_count": 10,
  "passed_count": 9,
  "failed_count": 1,
  "issue_counts": {
    "open_rework_tickets_present": 1
  }
}
