[1/10] true rework queue doi__10.3390_molecules200916278
[2/10] true rework queue doi__10.3390_molecules21020225
[3/10] true rework queue doi__10.3390_molecules21040512
[4/10] true rework queue doi__10.3390_molecules21091223
[5/10] true rework queue doi__10.3390_molecules21111429
[6/10] true rework queue doi__10.3390_molecules21121667
[7/10] true rework queue doi__10.3390_molecules22030452
[8/10] true rework queue doi__10.3390_molecules22060682
[9/10] true rework queue doi__10.3390_molecules22060957
[10/10] true rework queue doi__10.3390_molecules22071054
{
  "ok": true,
  "summary_path": "/root/work/抗菌肽/数据库/batch/4-team/reports/true_rework_queue_next100_10lane_20260509T154247Z_lane01_20260509T191552Z.json",
  "latest_path": "/root/work/抗菌肽/数据库/batch/4-team/reports/true_rework_queue_next100_10lane_20260509T154247Z_lane01_latest.json",
  "terminal_status_counts": {
    "accepted_after_rework": 10
  },
  "result_status_counts": {
    "accepted_after_rework": 10
  },
  "refined_status_counts": {
    "accepted_after_rework_attempt1": 10
  },
  "followup_queue_manifest_paths": {
    "infra_recovery": "/root/work/抗菌肽/数据库/batch/4-team/reports/followup_queues/true_rework_queue_next100_10lane_20260509T154247Z_lane01_20260509T191552Z_infra_recovery.json",
    "watchdog_retry": "/root/work/抗菌肽/数据库/batch/4-team/reports/followup_queues/true_rework_queue_next100_10lane_20260509T154247Z_lane01_20260509T191552Z_watchdog_retry.json",
    "source_staging_needed": "/root/work/抗菌肽/数据库/batch/4-team/reports/followup_queues/true_rework_queue_next100_10lane_20260509T154247Z_lane01_20260509T191552Z_source_staging_needed.json",
    "parser_manual_extraction_needed": "/root/work/抗菌肽/数据库/batch/4-team/reports/followup_queues/true_rework_queue_next100_10lane_20260509T154247Z_lane01_20260509T191552Z_parser_manual_extraction_needed.json",
    "owner_context_rework_needed": "/root/work/抗菌肽/数据库/batch/4-team/reports/followup_queues/true_rework_queue_next100_10lane_20260509T154247Z_lane01_20260509T191552Z_owner_context_rework_needed.json"
  },
  "accepted_sample_audit_manifest_path": "/root/work/抗菌肽/数据库/batch/4-team/reports/followup_queues/true_rework_queue_next100_10lane_20260509T154247Z_lane01_20260509T191552Z_accepted_sample_audit.json"
}
