[1/7] true rework queue doi__10.3390_toxins15010042
[2/7] true rework queue doi__10.3390_toxins16030156
[3/7] true rework queue doi__10.3390_toxins16070308
[4/7] true rework queue doi__10.3390_toxins16110466
[5/7] true rework queue doi__10.3390_toxins7020219
[6/7] true rework queue doi__10.3390_toxins7124878
[7/7] true rework queue doi__10.3390_toxins8050119
{
  "ok": true,
  "summary_path": "/root/work/抗菌肽/数据库/batch/4-team/reports/true_rework_queue_next100_10lane_20260510T160219Z_lane03_20260510T182154Z.json",
  "latest_path": "/root/work/抗菌肽/数据库/batch/4-team/reports/true_rework_queue_next100_10lane_20260510T160219Z_lane03_latest.json",
  "terminal_status_counts": {
    "accepted_after_rework": 7
  },
  "result_status_counts": {
    "accepted_after_rework": 7
  },
  "refined_status_counts": {
    "accepted_after_rework_attempt1": 7
  },
  "followup_queue_manifest_paths": {
    "infra_recovery": "/root/work/抗菌肽/数据库/batch/4-team/reports/followup_queues/true_rework_queue_next100_10lane_20260510T160219Z_lane03_20260510T182154Z_infra_recovery.json",
    "watchdog_retry": "/root/work/抗菌肽/数据库/batch/4-team/reports/followup_queues/true_rework_queue_next100_10lane_20260510T160219Z_lane03_20260510T182154Z_watchdog_retry.json",
    "source_staging_needed": "/root/work/抗菌肽/数据库/batch/4-team/reports/followup_queues/true_rework_queue_next100_10lane_20260510T160219Z_lane03_20260510T182154Z_source_staging_needed.json",
    "parser_manual_extraction_needed": "/root/work/抗菌肽/数据库/batch/4-team/reports/followup_queues/true_rework_queue_next100_10lane_20260510T160219Z_lane03_20260510T182154Z_parser_manual_extraction_needed.json",
    "owner_context_rework_needed": "/root/work/抗菌肽/数据库/batch/4-team/reports/followup_queues/true_rework_queue_next100_10lane_20260510T160219Z_lane03_20260510T182154Z_owner_context_rework_needed.json"
  },
  "accepted_sample_audit_manifest_path": "/root/work/抗菌肽/数据库/batch/4-team/reports/followup_queues/true_rework_queue_next100_10lane_20260510T160219Z_lane03_20260510T182154Z_accepted_sample_audit.json"
}
