[1/10] true rework queue doi__10.3390_membranes11010048
[2/10] true rework queue doi__10.3390_microorganisms10050881
[3/10] true rework queue doi__10.3390_microorganisms10081538
[4/10] true rework queue doi__10.3390_microorganisms11112778
[5/10] true rework queue doi__10.3390_microorganisms12010177
[6/10] true rework queue doi__10.3390_microorganisms12122648
[7/10] true rework queue doi__10.3390_microorganisms13051091
[8/10] true rework queue doi__10.3390_microorganisms13061381
[9/10] true rework queue doi__10.3390_microorganisms6040106
[10/10] true rework queue doi__10.3390_microorganisms8040582
{
  "ok": true,
  "summary_path": "/root/work/抗菌肽/数据库/batch/4-team/reports/true_rework_queue_next100_10lane_20260509T075436Z_lane09_20260509T113127Z.json",
  "latest_path": "/root/work/抗菌肽/数据库/batch/4-team/reports/true_rework_queue_next100_10lane_20260509T075436Z_lane09_latest.json",
  "terminal_status_counts": {
    "accepted_after_rework": 10
  },
  "result_status_counts": {
    "accepted_after_rework": 10
  },
  "refined_status_counts": {
    "accepted_after_rework_attempt1": 10
  },
  "followup_queue_manifest_paths": {
    "infra_recovery": "/root/work/抗菌肽/数据库/batch/4-team/reports/followup_queues/true_rework_queue_next100_10lane_20260509T075436Z_lane09_20260509T113127Z_infra_recovery.json",
    "watchdog_retry": "/root/work/抗菌肽/数据库/batch/4-team/reports/followup_queues/true_rework_queue_next100_10lane_20260509T075436Z_lane09_20260509T113127Z_watchdog_retry.json",
    "source_staging_needed": "/root/work/抗菌肽/数据库/batch/4-team/reports/followup_queues/true_rework_queue_next100_10lane_20260509T075436Z_lane09_20260509T113127Z_source_staging_needed.json",
    "parser_manual_extraction_needed": "/root/work/抗菌肽/数据库/batch/4-team/reports/followup_queues/true_rework_queue_next100_10lane_20260509T075436Z_lane09_20260509T113127Z_parser_manual_extraction_needed.json",
    "owner_context_rework_needed": "/root/work/抗菌肽/数据库/batch/4-team/reports/followup_queues/true_rework_queue_next100_10lane_20260509T075436Z_lane09_20260509T113127Z_owner_context_rework_needed.json"
  },
  "accepted_sample_audit_manifest_path": "/root/work/抗菌肽/数据库/batch/4-team/reports/followup_queues/true_rework_queue_next100_10lane_20260509T075436Z_lane09_20260509T113127Z_accepted_sample_audit.json"
}
