[1/7] true rework queue doi__10.3390_toxins8050124
[2/7] true rework queue doi__10.3390_toxins8050144
[3/7] true rework queue doi__10.3390_toxins8090255
[4/7] true rework queue doi__10.3390_toxins9010022
[5/7] true rework queue doi__10.3390_v11010031
[6/7] true rework queue doi__10.3390_v11010056
[7/7] true rework queue doi__10.3390_v11010077
{
  "ok": true,
  "summary_path": "/root/work/抗菌肽/数据库/batch/4-team/reports/true_rework_queue_next100_10lane_20260510T160219Z_lane04_20260510T184037Z.json",
  "latest_path": "/root/work/抗菌肽/数据库/batch/4-team/reports/true_rework_queue_next100_10lane_20260510T160219Z_lane04_latest.json",
  "terminal_status_counts": {
    "accepted_after_rework": 5,
    "blocked_after_best_effort": 2
  },
  "result_status_counts": {
    "accepted_after_rework": 5,
    "infrastructure_codex_worker_retry_exhausted": 2
  },
  "refined_status_counts": {
    "accepted_after_rework_attempt1": 5,
    "infrastructure_retry_exhausted_worker_nonzero_exit": 2
  },
  "followup_queue_manifest_paths": {
    "infra_recovery": "/root/work/抗菌肽/数据库/batch/4-team/reports/followup_queues/true_rework_queue_next100_10lane_20260510T160219Z_lane04_20260510T184037Z_infra_recovery.json",
    "watchdog_retry": "/root/work/抗菌肽/数据库/batch/4-team/reports/followup_queues/true_rework_queue_next100_10lane_20260510T160219Z_lane04_20260510T184037Z_watchdog_retry.json",
    "source_staging_needed": "/root/work/抗菌肽/数据库/batch/4-team/reports/followup_queues/true_rework_queue_next100_10lane_20260510T160219Z_lane04_20260510T184037Z_source_staging_needed.json",
    "parser_manual_extraction_needed": "/root/work/抗菌肽/数据库/batch/4-team/reports/followup_queues/true_rework_queue_next100_10lane_20260510T160219Z_lane04_20260510T184037Z_parser_manual_extraction_needed.json",
    "owner_context_rework_needed": "/root/work/抗菌肽/数据库/batch/4-team/reports/followup_queues/true_rework_queue_next100_10lane_20260510T160219Z_lane04_20260510T184037Z_owner_context_rework_needed.json"
  },
  "accepted_sample_audit_manifest_path": "/root/work/抗菌肽/数据库/batch/4-team/reports/followup_queues/true_rework_queue_next100_10lane_20260510T160219Z_lane04_20260510T184037Z_accepted_sample_audit.json"
}
