[1/10] true rework queue doi__10.3390_antibiotics9070366
[2/10] true rework queue doi__10.3390_antibiotics9070384
[3/10] true rework queue doi__10.3390_antibiotics9080448
[4/10] true rework queue doi__10.3390_antibiotics9080454
[5/10] true rework queue doi__10.3390_antibiotics9080457
[6/10] true rework queue doi__10.3390_antibiotics9090566
[7/10] true rework queue doi__10.3390_antibiotics9090625
[8/10] true rework queue doi__10.3390_antibiotics9090627
[9/10] true rework queue doi__10.3390_antibiotics9100661
[10/10] true rework queue doi__10.3390_antibiotics9100718
{
  "ok": true,
  "summary_path": "/root/work/抗菌肽/数据库/batch/4-team/reports/true_rework_queue_next100_10lane_20260507T144551Z_lane09_20260507T182713Z.json",
  "latest_path": "/root/work/抗菌肽/数据库/batch/4-team/reports/true_rework_queue_next100_10lane_20260507T144551Z_lane09_latest.json",
  "terminal_status_counts": {
    "accepted_after_rework": 10
  },
  "result_status_counts": {
    "accepted_after_rework": 10
  },
  "refined_status_counts": {
    "accepted_after_rework_attempt1": 10
  },
  "followup_queue_manifest_paths": {
    "infra_recovery": "/root/work/抗菌肽/数据库/batch/4-team/reports/followup_queues/true_rework_queue_next100_10lane_20260507T144551Z_lane09_20260507T182713Z_infra_recovery.json",
    "watchdog_retry": "/root/work/抗菌肽/数据库/batch/4-team/reports/followup_queues/true_rework_queue_next100_10lane_20260507T144551Z_lane09_20260507T182713Z_watchdog_retry.json",
    "source_staging_needed": "/root/work/抗菌肽/数据库/batch/4-team/reports/followup_queues/true_rework_queue_next100_10lane_20260507T144551Z_lane09_20260507T182713Z_source_staging_needed.json",
    "parser_manual_extraction_needed": "/root/work/抗菌肽/数据库/batch/4-team/reports/followup_queues/true_rework_queue_next100_10lane_20260507T144551Z_lane09_20260507T182713Z_parser_manual_extraction_needed.json",
    "owner_context_rework_needed": "/root/work/抗菌肽/数据库/batch/4-team/reports/followup_queues/true_rework_queue_next100_10lane_20260507T144551Z_lane09_20260507T182713Z_owner_context_rework_needed.json"
  },
  "accepted_sample_audit_manifest_path": "/root/work/抗菌肽/数据库/batch/4-team/reports/followup_queues/true_rework_queue_next100_10lane_20260507T144551Z_lane09_20260507T182713Z_accepted_sample_audit.json"
}
