[1/10] true rework queue doi__10.3390_ijms21134578
[2/10] true rework queue doi__10.3390_ijms21155460
[3/10] true rework queue doi__10.3390_ijms21165632
[4/10] true rework queue doi__10.3390_ijms21165829
[5/10] true rework queue doi__10.3390_ijms21186713
[6/10] true rework queue doi__10.3390_ijms21186810
[7/10] true rework queue doi__10.3390_ijms21186908
[8/10] true rework queue doi__10.3390_ijms21186952
[9/10] true rework queue doi__10.3390_ijms21197141
[10/10] true rework queue doi__10.3390_ijms21197208
{
  "ok": true,
  "summary_path": "/root/work/抗菌肽/数据库/batch/4-team/reports/true_rework_queue_next100_10lane_20260508T121022Z_lane06_20260508T174024Z.json",
  "latest_path": "/root/work/抗菌肽/数据库/batch/4-team/reports/true_rework_queue_next100_10lane_20260508T121022Z_lane06_latest.json",
  "terminal_status_counts": {
    "accepted_after_rework": 10
  },
  "result_status_counts": {
    "accepted_after_rework": 10
  },
  "refined_status_counts": {
    "accepted_after_rework_attempt1": 7,
    "accepted_after_rework_attempt1_with_infra_retry": 2,
    "accepted_after_rework_multi_attempt": 1
  },
  "followup_queue_manifest_paths": {
    "infra_recovery": "/root/work/抗菌肽/数据库/batch/4-team/reports/followup_queues/true_rework_queue_next100_10lane_20260508T121022Z_lane06_20260508T174024Z_infra_recovery.json",
    "watchdog_retry": "/root/work/抗菌肽/数据库/batch/4-team/reports/followup_queues/true_rework_queue_next100_10lane_20260508T121022Z_lane06_20260508T174024Z_watchdog_retry.json",
    "source_staging_needed": "/root/work/抗菌肽/数据库/batch/4-team/reports/followup_queues/true_rework_queue_next100_10lane_20260508T121022Z_lane06_20260508T174024Z_source_staging_needed.json",
    "parser_manual_extraction_needed": "/root/work/抗菌肽/数据库/batch/4-team/reports/followup_queues/true_rework_queue_next100_10lane_20260508T121022Z_lane06_20260508T174024Z_parser_manual_extraction_needed.json",
    "owner_context_rework_needed": "/root/work/抗菌肽/数据库/batch/4-team/reports/followup_queues/true_rework_queue_next100_10lane_20260508T121022Z_lane06_20260508T174024Z_owner_context_rework_needed.json"
  },
  "accepted_sample_audit_manifest_path": "/root/work/抗菌肽/数据库/batch/4-team/reports/followup_queues/true_rework_queue_next100_10lane_20260508T121022Z_lane06_20260508T174024Z_accepted_sample_audit.json"
}
