[1/10] true rework queue doi__10.3389_fmicb.2017.00774
[2/10] true rework queue doi__10.3389_fmicb.2017.00775
[3/10] true rework queue doi__10.3389_fmicb.2017.00984
[4/10] true rework queue doi__10.3389_fmicb.2017.00994
[5/10] true rework queue doi__10.3389_fmicb.2018.00320
[6/10] true rework queue doi__10.3389_fmicb.2018.00325
[7/10] true rework queue doi__10.3389_fmicb.2018.00329
[8/10] true rework queue doi__10.3389_fmicb.2018.00393
[9/10] true rework queue doi__10.3389_fmicb.2018.00541
[10/10] true rework queue doi__10.3389_fmicb.2018.00667
{
  "ok": true,
  "summary_path": "/root/work/抗菌肽/数据库/batch/4-team/reports/true_rework_queue_next100_10lane_20260506T153312Z_lane02_20260506T221611Z.json",
  "latest_path": "/root/work/抗菌肽/数据库/batch/4-team/reports/true_rework_queue_next100_10lane_20260506T153312Z_lane02_latest.json",
  "terminal_status_counts": {
    "accepted_after_rework": 10
  },
  "result_status_counts": {
    "accepted_after_rework": 10
  },
  "refined_status_counts": {
    "accepted_after_rework_attempt1": 8,
    "accepted_after_rework_attempt1_with_infra_retry": 2
  },
  "followup_queue_manifest_paths": {
    "infra_recovery": "/root/work/抗菌肽/数据库/batch/4-team/reports/followup_queues/true_rework_queue_next100_10lane_20260506T153312Z_lane02_20260506T221611Z_infra_recovery.json",
    "watchdog_retry": "/root/work/抗菌肽/数据库/batch/4-team/reports/followup_queues/true_rework_queue_next100_10lane_20260506T153312Z_lane02_20260506T221611Z_watchdog_retry.json",
    "source_staging_needed": "/root/work/抗菌肽/数据库/batch/4-team/reports/followup_queues/true_rework_queue_next100_10lane_20260506T153312Z_lane02_20260506T221611Z_source_staging_needed.json",
    "parser_manual_extraction_needed": "/root/work/抗菌肽/数据库/batch/4-team/reports/followup_queues/true_rework_queue_next100_10lane_20260506T153312Z_lane02_20260506T221611Z_parser_manual_extraction_needed.json",
    "owner_context_rework_needed": "/root/work/抗菌肽/数据库/batch/4-team/reports/followup_queues/true_rework_queue_next100_10lane_20260506T153312Z_lane02_20260506T221611Z_owner_context_rework_needed.json"
  },
  "accepted_sample_audit_manifest_path": "/root/work/抗菌肽/数据库/batch/4-team/reports/followup_queues/true_rework_queue_next100_10lane_20260506T153312Z_lane02_20260506T221611Z_accepted_sample_audit.json"
}
