[1/10] true rework queue doi__10.3390_md15030078
[2/10] true rework queue doi__10.3390_md15070205
[3/10] true rework queue doi__10.3390_md15080261
[4/10] true rework queue doi__10.3390_md15090287
[5/10] true rework queue doi__10.3390_md15110364
[6/10] true rework queue doi__10.3390_md16090290
[7/10] true rework queue doi__10.3390_md16090305
[8/10] true rework queue doi__10.3390_md16100366
[9/10] true rework queue doi__10.3390_md16110401
[10/10] true rework queue doi__10.3390_md16120466
{
  "ok": true,
  "summary_path": "/root/work/抗菌肽/数据库/batch/4-team/reports/true_rework_queue_next100_10lane_20260509T075436Z_lane05_20260509T114607Z.json",
  "latest_path": "/root/work/抗菌肽/数据库/batch/4-team/reports/true_rework_queue_next100_10lane_20260509T075436Z_lane05_latest.json",
  "terminal_status_counts": {
    "accepted_after_rework": 10
  },
  "result_status_counts": {
    "accepted_after_rework": 10
  },
  "refined_status_counts": {
    "accepted_after_rework_attempt1": 10
  },
  "followup_queue_manifest_paths": {
    "infra_recovery": "/root/work/抗菌肽/数据库/batch/4-team/reports/followup_queues/true_rework_queue_next100_10lane_20260509T075436Z_lane05_20260509T114607Z_infra_recovery.json",
    "watchdog_retry": "/root/work/抗菌肽/数据库/batch/4-team/reports/followup_queues/true_rework_queue_next100_10lane_20260509T075436Z_lane05_20260509T114607Z_watchdog_retry.json",
    "source_staging_needed": "/root/work/抗菌肽/数据库/batch/4-team/reports/followup_queues/true_rework_queue_next100_10lane_20260509T075436Z_lane05_20260509T114607Z_source_staging_needed.json",
    "parser_manual_extraction_needed": "/root/work/抗菌肽/数据库/batch/4-team/reports/followup_queues/true_rework_queue_next100_10lane_20260509T075436Z_lane05_20260509T114607Z_parser_manual_extraction_needed.json",
    "owner_context_rework_needed": "/root/work/抗菌肽/数据库/batch/4-team/reports/followup_queues/true_rework_queue_next100_10lane_20260509T075436Z_lane05_20260509T114607Z_owner_context_rework_needed.json"
  },
  "accepted_sample_audit_manifest_path": "/root/work/抗菌肽/数据库/batch/4-team/reports/followup_queues/true_rework_queue_next100_10lane_20260509T075436Z_lane05_20260509T114607Z_accepted_sample_audit.json"
}
