[1/10] true rework queue doi__10.3390_pharmaceutics12111071
[2/10] true rework queue doi__10.3390_pharmaceutics13040578
[3/10] true rework queue doi__10.3390_pharmaceutics14020454
[4/10] true rework queue doi__10.3390_pharmaceutics14030604
[5/10] true rework queue doi__10.3390_pharmaceutics14040693
[6/10] true rework queue doi__10.3390_pharmaceutics14102081
[7/10] true rework queue doi__10.3390_pharmaceutics14112540
[8/10] true rework queue doi__10.3390_pharmaceutics14122579
[9/10] true rework queue doi__10.3390_pharmaceutics15010291
[10/10] true rework queue doi__10.3390_pharmaceutics15020436
{
  "ok": true,
  "summary_path": "/root/work/抗菌肽/数据库/batch/4-team/reports/true_rework_queue_next100_10lane_20260509T154247Z_lane09_20260509T193119Z.json",
  "latest_path": "/root/work/抗菌肽/数据库/batch/4-team/reports/true_rework_queue_next100_10lane_20260509T154247Z_lane09_latest.json",
  "terminal_status_counts": {
    "accepted_after_rework": 9,
    "blocked_after_best_effort": 1
  },
  "result_status_counts": {
    "accepted_after_rework": 9,
    "blocked_rework_cap_unresolved": 1
  },
  "refined_status_counts": {
    "accepted_after_rework_attempt1": 9,
    "blocked_quality_gate_rework_cap_unresolved": 1
  },
  "followup_queue_manifest_paths": {
    "infra_recovery": "/root/work/抗菌肽/数据库/batch/4-team/reports/followup_queues/true_rework_queue_next100_10lane_20260509T154247Z_lane09_20260509T193119Z_infra_recovery.json",
    "watchdog_retry": "/root/work/抗菌肽/数据库/batch/4-team/reports/followup_queues/true_rework_queue_next100_10lane_20260509T154247Z_lane09_20260509T193119Z_watchdog_retry.json",
    "source_staging_needed": "/root/work/抗菌肽/数据库/batch/4-team/reports/followup_queues/true_rework_queue_next100_10lane_20260509T154247Z_lane09_20260509T193119Z_source_staging_needed.json",
    "parser_manual_extraction_needed": "/root/work/抗菌肽/数据库/batch/4-team/reports/followup_queues/true_rework_queue_next100_10lane_20260509T154247Z_lane09_20260509T193119Z_parser_manual_extraction_needed.json",
    "owner_context_rework_needed": "/root/work/抗菌肽/数据库/batch/4-team/reports/followup_queues/true_rework_queue_next100_10lane_20260509T154247Z_lane09_20260509T193119Z_owner_context_rework_needed.json"
  },
  "accepted_sample_audit_manifest_path": "/root/work/抗菌肽/数据库/batch/4-team/reports/followup_queues/true_rework_queue_next100_10lane_20260509T154247Z_lane09_20260509T193119Z_accepted_sample_audit.json"
}
