[1/10] true rework queue doi__10.3390_microorganisms8050626
[2/10] true rework queue doi__10.3390_microorganisms8050758
[3/10] true rework queue doi__10.3390_microorganisms8060867
[4/10] true rework queue doi__10.3390_microorganisms8101627
[5/10] true rework queue doi__10.3390_microorganisms9020222
[6/10] true rework queue doi__10.3390_molecules18010859
[7/10] true rework queue doi__10.3390_molecules18067058
[8/10] true rework queue doi__10.3390_molecules190810803
[9/10] true rework queue doi__10.3390_molecules20022775
[10/10] true rework queue doi__10.3390_molecules20033972
{
  "ok": true,
  "summary_path": "/root/work/抗菌肽/数据库/batch/4-team/reports/true_rework_queue_next100_10lane_20260509T075436Z_lane10_20260509T123206Z.json",
  "latest_path": "/root/work/抗菌肽/数据库/batch/4-team/reports/true_rework_queue_next100_10lane_20260509T075436Z_lane10_latest.json",
  "terminal_status_counts": {
    "accepted_after_rework": 10
  },
  "result_status_counts": {
    "accepted_after_rework": 10
  },
  "refined_status_counts": {
    "accepted_after_rework_attempt1": 9,
    "accepted_after_rework_attempt1_with_infra_retry": 1
  },
  "followup_queue_manifest_paths": {
    "infra_recovery": "/root/work/抗菌肽/数据库/batch/4-team/reports/followup_queues/true_rework_queue_next100_10lane_20260509T075436Z_lane10_20260509T123206Z_infra_recovery.json",
    "watchdog_retry": "/root/work/抗菌肽/数据库/batch/4-team/reports/followup_queues/true_rework_queue_next100_10lane_20260509T075436Z_lane10_20260509T123206Z_watchdog_retry.json",
    "source_staging_needed": "/root/work/抗菌肽/数据库/batch/4-team/reports/followup_queues/true_rework_queue_next100_10lane_20260509T075436Z_lane10_20260509T123206Z_source_staging_needed.json",
    "parser_manual_extraction_needed": "/root/work/抗菌肽/数据库/batch/4-team/reports/followup_queues/true_rework_queue_next100_10lane_20260509T075436Z_lane10_20260509T123206Z_parser_manual_extraction_needed.json",
    "owner_context_rework_needed": "/root/work/抗菌肽/数据库/batch/4-team/reports/followup_queues/true_rework_queue_next100_10lane_20260509T075436Z_lane10_20260509T123206Z_owner_context_rework_needed.json"
  },
  "accepted_sample_audit_manifest_path": "/root/work/抗菌肽/数据库/batch/4-team/reports/followup_queues/true_rework_queue_next100_10lane_20260509T075436Z_lane10_20260509T123206Z_accepted_sample_audit.json"
}
