[1/10] true rework queue doi__10.3389_fmicb.2021.684591
[2/10] true rework queue doi__10.3389_fmicb.2021.684650
[3/10] true rework queue doi__10.3389_fmicb.2021.693117
[4/10] true rework queue doi__10.3389_fmicb.2021.693725
[5/10] true rework queue doi__10.3389_fmicb.2021.708904
[6/10] true rework queue doi__10.3389_fmicb.2021.715246
[7/10] true rework queue doi__10.3389_fmicb.2021.720381
[8/10] true rework queue doi__10.3389_fmicb.2021.725526
[9/10] true rework queue doi__10.3389_fmicb.2021.729026
[10/10] true rework queue doi__10.3389_fmicb.2021.732771
{
  "ok": true,
  "summary_path": "/root/work/抗菌肽/数据库/batch/4-team/reports/true_rework_queue_next100_10lane_20260506T153312Z_lane08_20260506T232602Z.json",
  "latest_path": "/root/work/抗菌肽/数据库/batch/4-team/reports/true_rework_queue_next100_10lane_20260506T153312Z_lane08_latest.json",
  "terminal_status_counts": {
    "accepted_after_rework": 10
  },
  "result_status_counts": {
    "accepted_after_rework": 10
  },
  "refined_status_counts": {
    "accepted_after_rework_attempt1": 6,
    "accepted_after_rework_attempt1_with_infra_retry": 4
  },
  "followup_queue_manifest_paths": {
    "infra_recovery": "/root/work/抗菌肽/数据库/batch/4-team/reports/followup_queues/true_rework_queue_next100_10lane_20260506T153312Z_lane08_20260506T232602Z_infra_recovery.json",
    "watchdog_retry": "/root/work/抗菌肽/数据库/batch/4-team/reports/followup_queues/true_rework_queue_next100_10lane_20260506T153312Z_lane08_20260506T232602Z_watchdog_retry.json",
    "source_staging_needed": "/root/work/抗菌肽/数据库/batch/4-team/reports/followup_queues/true_rework_queue_next100_10lane_20260506T153312Z_lane08_20260506T232602Z_source_staging_needed.json",
    "parser_manual_extraction_needed": "/root/work/抗菌肽/数据库/batch/4-team/reports/followup_queues/true_rework_queue_next100_10lane_20260506T153312Z_lane08_20260506T232602Z_parser_manual_extraction_needed.json",
    "owner_context_rework_needed": "/root/work/抗菌肽/数据库/batch/4-team/reports/followup_queues/true_rework_queue_next100_10lane_20260506T153312Z_lane08_20260506T232602Z_owner_context_rework_needed.json"
  },
  "accepted_sample_audit_manifest_path": "/root/work/抗菌肽/数据库/batch/4-team/reports/followup_queues/true_rework_queue_next100_10lane_20260506T153312Z_lane08_20260506T232602Z_accepted_sample_audit.json"
}
