[1/10] true rework queue doi__10.3390_ijms18020339
[2/10] true rework queue doi__10.3390_ijms18030544
[3/10] true rework queue doi__10.3390_ijms19010067
[4/10] true rework queue doi__10.3390_ijms19020487
[5/10] true rework queue doi__10.3390_ijms19061685
[6/10] true rework queue doi__10.3390_ijms19082170
[7/10] true rework queue doi__10.3390_ijms19102951
[8/10] true rework queue doi__10.3390_ijms19103041
[9/10] true rework queue doi__10.3390_ijms19123781
[10/10] true rework queue doi__10.3390_ijms20030623
{
  "ok": true,
  "summary_path": "/root/work/抗菌肽/数据库/batch/4-team/reports/true_rework_queue_next100_10lane_20260508T121022Z_lane04_20260508T175031Z.json",
  "latest_path": "/root/work/抗菌肽/数据库/batch/4-team/reports/true_rework_queue_next100_10lane_20260508T121022Z_lane04_latest.json",
  "terminal_status_counts": {
    "accepted_after_rework": 10
  },
  "result_status_counts": {
    "accepted_after_rework": 10
  },
  "refined_status_counts": {
    "accepted_after_rework_attempt1": 7,
    "accepted_after_rework_attempt1_with_infra_retry": 2,
    "accepted_after_rework_multi_attempt": 1
  },
  "followup_queue_manifest_paths": {
    "infra_recovery": "/root/work/抗菌肽/数据库/batch/4-team/reports/followup_queues/true_rework_queue_next100_10lane_20260508T121022Z_lane04_20260508T175031Z_infra_recovery.json",
    "watchdog_retry": "/root/work/抗菌肽/数据库/batch/4-team/reports/followup_queues/true_rework_queue_next100_10lane_20260508T121022Z_lane04_20260508T175031Z_watchdog_retry.json",
    "source_staging_needed": "/root/work/抗菌肽/数据库/batch/4-team/reports/followup_queues/true_rework_queue_next100_10lane_20260508T121022Z_lane04_20260508T175031Z_source_staging_needed.json",
    "parser_manual_extraction_needed": "/root/work/抗菌肽/数据库/batch/4-team/reports/followup_queues/true_rework_queue_next100_10lane_20260508T121022Z_lane04_20260508T175031Z_parser_manual_extraction_needed.json",
    "owner_context_rework_needed": "/root/work/抗菌肽/数据库/batch/4-team/reports/followup_queues/true_rework_queue_next100_10lane_20260508T121022Z_lane04_20260508T175031Z_owner_context_rework_needed.json"
  },
  "accepted_sample_audit_manifest_path": "/root/work/抗菌肽/数据库/batch/4-team/reports/followup_queues/true_rework_queue_next100_10lane_20260508T121022Z_lane04_20260508T175031Z_accepted_sample_audit.json"
}
