[1/7] true rework queue doi__10.3762_bjoc.14.144
[2/7] true rework queue doi__10.3762_bjoc.8.130
[3/7] true rework queue doi__10.3762_bjoc.8.200
[4/7] true rework queue doi__10.3762_bjoc.8.204
[5/7] true rework queue doi__10.3892_etm.2017.5631
[6/7] true rework queue doi__10.3892_mmr.2017.7418
[7/7] true rework queue doi__10.3892_ol.2012.1042
{
  "ok": true,
  "summary_path": "/root/work/抗菌肽/数据库/batch/4-team/reports/true_rework_queue_next100_10lane_20260510T160219Z_lane06_20260510T183342Z.json",
  "latest_path": "/root/work/抗菌肽/数据库/batch/4-team/reports/true_rework_queue_next100_10lane_20260510T160219Z_lane06_latest.json",
  "terminal_status_counts": {
    "accepted_after_rework": 7
  },
  "result_status_counts": {
    "accepted_after_rework": 7
  },
  "refined_status_counts": {
    "accepted_after_rework_attempt1": 7
  },
  "followup_queue_manifest_paths": {
    "infra_recovery": "/root/work/抗菌肽/数据库/batch/4-team/reports/followup_queues/true_rework_queue_next100_10lane_20260510T160219Z_lane06_20260510T183342Z_infra_recovery.json",
    "watchdog_retry": "/root/work/抗菌肽/数据库/batch/4-team/reports/followup_queues/true_rework_queue_next100_10lane_20260510T160219Z_lane06_20260510T183342Z_watchdog_retry.json",
    "source_staging_needed": "/root/work/抗菌肽/数据库/batch/4-team/reports/followup_queues/true_rework_queue_next100_10lane_20260510T160219Z_lane06_20260510T183342Z_source_staging_needed.json",
    "parser_manual_extraction_needed": "/root/work/抗菌肽/数据库/batch/4-team/reports/followup_queues/true_rework_queue_next100_10lane_20260510T160219Z_lane06_20260510T183342Z_parser_manual_extraction_needed.json",
    "owner_context_rework_needed": "/root/work/抗菌肽/数据库/batch/4-team/reports/followup_queues/true_rework_queue_next100_10lane_20260510T160219Z_lane06_20260510T183342Z_owner_context_rework_needed.json"
  },
  "accepted_sample_audit_manifest_path": "/root/work/抗菌肽/数据库/batch/4-team/reports/followup_queues/true_rework_queue_next100_10lane_20260510T160219Z_lane06_20260510T183342Z_accepted_sample_audit.json"
}
