[1/10] true rework queue doi__10.3390_molecules26154654
[2/10] true rework queue doi__10.3390_molecules26195767
[3/10] true rework queue doi__10.3390_molecules26195872
[4/10] true rework queue doi__10.3390_molecules26237275
[5/10] true rework queue doi__10.3390_molecules27020561
[6/10] true rework queue doi__10.3390_molecules27113552
[7/10] true rework queue doi__10.3390_molecules27113554
[8/10] true rework queue doi__10.3390_molecules27238452
[9/10] true rework queue doi__10.3390_molecules28041993
[10/10] true rework queue doi__10.3390_molecules28124779
{
  "ok": true,
  "summary_path": "/root/work/抗菌肽/数据库/batch/4-team/reports/true_rework_queue_next100_10lane_20260509T154247Z_lane06_20260509T192111Z.json",
  "latest_path": "/root/work/抗菌肽/数据库/batch/4-team/reports/true_rework_queue_next100_10lane_20260509T154247Z_lane06_latest.json",
  "terminal_status_counts": {
    "accepted_after_rework": 10
  },
  "result_status_counts": {
    "accepted_after_rework": 10
  },
  "refined_status_counts": {
    "accepted_after_rework_attempt1": 10
  },
  "followup_queue_manifest_paths": {
    "infra_recovery": "/root/work/抗菌肽/数据库/batch/4-team/reports/followup_queues/true_rework_queue_next100_10lane_20260509T154247Z_lane06_20260509T192111Z_infra_recovery.json",
    "watchdog_retry": "/root/work/抗菌肽/数据库/batch/4-team/reports/followup_queues/true_rework_queue_next100_10lane_20260509T154247Z_lane06_20260509T192111Z_watchdog_retry.json",
    "source_staging_needed": "/root/work/抗菌肽/数据库/batch/4-team/reports/followup_queues/true_rework_queue_next100_10lane_20260509T154247Z_lane06_20260509T192111Z_source_staging_needed.json",
    "parser_manual_extraction_needed": "/root/work/抗菌肽/数据库/batch/4-team/reports/followup_queues/true_rework_queue_next100_10lane_20260509T154247Z_lane06_20260509T192111Z_parser_manual_extraction_needed.json",
    "owner_context_rework_needed": "/root/work/抗菌肽/数据库/batch/4-team/reports/followup_queues/true_rework_queue_next100_10lane_20260509T154247Z_lane06_20260509T192111Z_owner_context_rework_needed.json"
  },
  "accepted_sample_audit_manifest_path": "/root/work/抗菌肽/数据库/batch/4-team/reports/followup_queues/true_rework_queue_next100_10lane_20260509T154247Z_lane06_20260509T192111Z_accepted_sample_audit.json"
}
