[1/10] true rework queue doi__10.3389_fmicb.2021.733441
[2/10] true rework queue doi__10.3389_fmicb.2021.746006
[3/10] true rework queue doi__10.3389_fmicb.2021.747760
[4/10] true rework queue doi__10.3389_fmicb.2021.772038
[5/10] true rework queue doi__10.3389_fmicb.2021.773076
[6/10] true rework queue doi__10.3389_fmicb.2021.779315
[7/10] true rework queue doi__10.3389_fmicb.2021.794631
[8/10] true rework queue doi__10.3389_fmicb.2021.815980
[9/10] true rework queue doi__10.3389_fmicb.2022.1029366
[10/10] true rework queue doi__10.3389_fmicb.2022.1045984
{
  "ok": true,
  "summary_path": "/root/work/抗菌肽/数据库/batch/4-team/reports/true_rework_queue_next100_10lane_20260506T153312Z_lane09_20260506T215601Z.json",
  "latest_path": "/root/work/抗菌肽/数据库/batch/4-team/reports/true_rework_queue_next100_10lane_20260506T153312Z_lane09_latest.json",
  "terminal_status_counts": {
    "accepted_after_rework": 9,
    "blocked_after_best_effort": 1
  },
  "result_status_counts": {
    "accepted_after_rework": 9,
    "blocked_missing_external_supplement": 1
  },
  "refined_status_counts": {
    "accepted_after_rework_attempt1": 8,
    "accepted_after_rework_attempt1_with_infra_retry": 1,
    "blocked_source_gap_missing_external_supplement": 1
  },
  "followup_queue_manifest_paths": {
    "infra_recovery": "/root/work/抗菌肽/数据库/batch/4-team/reports/followup_queues/true_rework_queue_next100_10lane_20260506T153312Z_lane09_20260506T215601Z_infra_recovery.json",
    "watchdog_retry": "/root/work/抗菌肽/数据库/batch/4-team/reports/followup_queues/true_rework_queue_next100_10lane_20260506T153312Z_lane09_20260506T215601Z_watchdog_retry.json",
    "source_staging_needed": "/root/work/抗菌肽/数据库/batch/4-team/reports/followup_queues/true_rework_queue_next100_10lane_20260506T153312Z_lane09_20260506T215601Z_source_staging_needed.json",
    "parser_manual_extraction_needed": "/root/work/抗菌肽/数据库/batch/4-team/reports/followup_queues/true_rework_queue_next100_10lane_20260506T153312Z_lane09_20260506T215601Z_parser_manual_extraction_needed.json",
    "owner_context_rework_needed": "/root/work/抗菌肽/数据库/batch/4-team/reports/followup_queues/true_rework_queue_next100_10lane_20260506T153312Z_lane09_20260506T215601Z_owner_context_rework_needed.json"
  },
  "accepted_sample_audit_manifest_path": "/root/work/抗菌肽/数据库/batch/4-team/reports/followup_queues/true_rework_queue_next100_10lane_20260506T153312Z_lane09_20260506T215601Z_accepted_sample_audit.json"
}
