[1/7] true rework queue doi__10.3390_v11070609
[2/7] true rework queue doi__10.3390_v11111011
[3/7] true rework queue doi__10.3390_v12111267
[4/7] true rework queue doi__10.3390_v13071246
[5/7] true rework queue doi__10.3390_v13122382
[6/7] true rework queue doi__10.3390_v14030549
[7/7] true rework queue doi__10.3390_v14102103
{
  "ok": true,
  "summary_path": "/root/work/抗菌肽/数据库/batch/4-team/reports/true_rework_queue_next100_10lane_20260510T160219Z_lane05_20260510T191729Z.json",
  "latest_path": "/root/work/抗菌肽/数据库/batch/4-team/reports/true_rework_queue_next100_10lane_20260510T160219Z_lane05_latest.json",
  "terminal_status_counts": {
    "blocked_after_best_effort": 2,
    "accepted_after_rework": 5
  },
  "result_status_counts": {
    "infrastructure_codex_worker_retry_exhausted": 2,
    "accepted_after_rework": 5
  },
  "refined_status_counts": {
    "accepted_after_rework_attempt1": 2,
    "accepted_after_rework_attempt1_with_infra_retry": 3,
    "infrastructure_retry_exhausted_worker_nonzero_exit": 2
  },
  "followup_queue_manifest_paths": {
    "infra_recovery": "/root/work/抗菌肽/数据库/batch/4-team/reports/followup_queues/true_rework_queue_next100_10lane_20260510T160219Z_lane05_20260510T191729Z_infra_recovery.json",
    "watchdog_retry": "/root/work/抗菌肽/数据库/batch/4-team/reports/followup_queues/true_rework_queue_next100_10lane_20260510T160219Z_lane05_20260510T191729Z_watchdog_retry.json",
    "source_staging_needed": "/root/work/抗菌肽/数据库/batch/4-team/reports/followup_queues/true_rework_queue_next100_10lane_20260510T160219Z_lane05_20260510T191729Z_source_staging_needed.json",
    "parser_manual_extraction_needed": "/root/work/抗菌肽/数据库/batch/4-team/reports/followup_queues/true_rework_queue_next100_10lane_20260510T160219Z_lane05_20260510T191729Z_parser_manual_extraction_needed.json",
    "owner_context_rework_needed": "/root/work/抗菌肽/数据库/batch/4-team/reports/followup_queues/true_rework_queue_next100_10lane_20260510T160219Z_lane05_20260510T191729Z_owner_context_rework_needed.json"
  },
  "accepted_sample_audit_manifest_path": "/root/work/抗菌肽/数据库/batch/4-team/reports/followup_queues/true_rework_queue_next100_10lane_20260510T160219Z_lane05_20260510T191729Z_accepted_sample_audit.json"
}
