[1/7] true rework queue doi__10.4014_jmb.2003.03009
[2/7] true rework queue doi__10.4103_0973-1296.141781
[3/7] true rework queue doi__10.4103_1735-5362.359429
[4/7] true rework queue doi__10.4142_jvs.2020.21.e80
[5/7] true rework queue doi__10.5423_ppj.oa.02.2014.0011
[6/7] true rework queue doi__10.5483_bmbrep.2014.47.11.262
[7/7] true rework queue doi__10.5713_ajas.18.0571
{
  "ok": true,
  "summary_path": "/root/work/抗菌肽/数据库/batch/4-team/reports/true_rework_queue_next100_10lane_20260510T160219Z_lane07_20260510T185012Z.json",
  "latest_path": "/root/work/抗菌肽/数据库/batch/4-team/reports/true_rework_queue_next100_10lane_20260510T160219Z_lane07_latest.json",
  "terminal_status_counts": {
    "accepted_after_rework": 6,
    "blocked_after_best_effort": 1
  },
  "result_status_counts": {
    "accepted_after_rework": 6,
    "blocked_figure_chart_value_gap": 1
  },
  "refined_status_counts": {
    "accepted_after_rework_attempt1": 5,
    "accepted_after_rework_attempt1_with_infra_retry": 1,
    "blocked_source_gap_figure_chart_exact_value": 1
  },
  "followup_queue_manifest_paths": {
    "infra_recovery": "/root/work/抗菌肽/数据库/batch/4-team/reports/followup_queues/true_rework_queue_next100_10lane_20260510T160219Z_lane07_20260510T185012Z_infra_recovery.json",
    "watchdog_retry": "/root/work/抗菌肽/数据库/batch/4-team/reports/followup_queues/true_rework_queue_next100_10lane_20260510T160219Z_lane07_20260510T185012Z_watchdog_retry.json",
    "source_staging_needed": "/root/work/抗菌肽/数据库/batch/4-team/reports/followup_queues/true_rework_queue_next100_10lane_20260510T160219Z_lane07_20260510T185012Z_source_staging_needed.json",
    "parser_manual_extraction_needed": "/root/work/抗菌肽/数据库/batch/4-team/reports/followup_queues/true_rework_queue_next100_10lane_20260510T160219Z_lane07_20260510T185012Z_parser_manual_extraction_needed.json",
    "owner_context_rework_needed": "/root/work/抗菌肽/数据库/batch/4-team/reports/followup_queues/true_rework_queue_next100_10lane_20260510T160219Z_lane07_20260510T185012Z_owner_context_rework_needed.json"
  },
  "accepted_sample_audit_manifest_path": "/root/work/抗菌肽/数据库/batch/4-team/reports/followup_queues/true_rework_queue_next100_10lane_20260510T160219Z_lane07_20260510T185012Z_accepted_sample_audit.json"
}
