[1/10] true rework queue doi__10.3390_biom10071014
[2/10] true rework queue doi__10.3390_biom11030421
[3/10] true rework queue doi__10.3390_biom11050761
[4/10] true rework queue doi__10.3390_biom12060759
[5/10] true rework queue doi__10.3390_biom13010172
[6/10] true rework queue doi__10.3390_biom13030576
[7/10] true rework queue doi__10.3390_biom13101453
[8/10] true rework queue doi__10.3390_biom14060659
[9/10] true rework queue doi__10.3390_biom15060776
[10/10] true rework queue doi__10.3390_biom8020019
{
  "ok": true,
  "summary_path": "/root/work/抗菌肽/数据库/batch/4-team/reports/true_rework_queue_next100_10lane_20260508T121022Z_lane01_20260508T170550Z.json",
  "latest_path": "/root/work/抗菌肽/数据库/batch/4-team/reports/true_rework_queue_next100_10lane_20260508T121022Z_lane01_latest.json",
  "terminal_status_counts": {
    "blocked_after_best_effort": 1,
    "accepted_after_rework": 9
  },
  "result_status_counts": {
    "blocked_figure_chart_value_gap": 1,
    "accepted_after_rework": 9
  },
  "refined_status_counts": {
    "accepted_after_rework_attempt1": 8,
    "accepted_after_rework_attempt1_with_infra_retry": 1,
    "blocked_source_gap_figure_chart_exact_value": 1
  },
  "followup_queue_manifest_paths": {
    "infra_recovery": "/root/work/抗菌肽/数据库/batch/4-team/reports/followup_queues/true_rework_queue_next100_10lane_20260508T121022Z_lane01_20260508T170550Z_infra_recovery.json",
    "watchdog_retry": "/root/work/抗菌肽/数据库/batch/4-team/reports/followup_queues/true_rework_queue_next100_10lane_20260508T121022Z_lane01_20260508T170550Z_watchdog_retry.json",
    "source_staging_needed": "/root/work/抗菌肽/数据库/batch/4-team/reports/followup_queues/true_rework_queue_next100_10lane_20260508T121022Z_lane01_20260508T170550Z_source_staging_needed.json",
    "parser_manual_extraction_needed": "/root/work/抗菌肽/数据库/batch/4-team/reports/followup_queues/true_rework_queue_next100_10lane_20260508T121022Z_lane01_20260508T170550Z_parser_manual_extraction_needed.json",
    "owner_context_rework_needed": "/root/work/抗菌肽/数据库/batch/4-team/reports/followup_queues/true_rework_queue_next100_10lane_20260508T121022Z_lane01_20260508T170550Z_owner_context_rework_needed.json"
  },
  "accepted_sample_audit_manifest_path": "/root/work/抗菌肽/数据库/batch/4-team/reports/followup_queues/true_rework_queue_next100_10lane_20260508T121022Z_lane01_20260508T170550Z_accepted_sample_audit.json"
}
