[1/10] true rework queue doi__10.3389_fmicb.2018.01030
[2/10] true rework queue doi__10.3389_fmicb.2018.01148
[3/10] true rework queue doi__10.3389_fmicb.2018.01159
[4/10] true rework queue doi__10.3389_fmicb.2018.01440
[5/10] true rework queue doi__10.3389_fmicb.2018.01567
[6/10] true rework queue doi__10.3389_fmicb.2018.01655
[7/10] true rework queue doi__10.3389_fmicb.2018.02153
[8/10] true rework queue doi__10.3389_fmicb.2018.02249
[9/10] true rework queue doi__10.3389_fmicb.2018.02276
[10/10] true rework queue doi__10.3389_fmicb.2018.02300
{
  "ok": true,
  "summary_path": "/root/work/抗菌肽/数据库/batch/4-team/reports/true_rework_queue_next100_10lane_20260506T153312Z_lane03_20260506T221636Z.json",
  "latest_path": "/root/work/抗菌肽/数据库/batch/4-team/reports/true_rework_queue_next100_10lane_20260506T153312Z_lane03_latest.json",
  "terminal_status_counts": {
    "accepted_after_rework": 10
  },
  "result_status_counts": {
    "accepted_after_rework": 10
  },
  "refined_status_counts": {
    "accepted_after_rework_attempt1": 7,
    "accepted_after_rework_attempt1_with_infra_retry": 3
  },
  "followup_queue_manifest_paths": {
    "infra_recovery": "/root/work/抗菌肽/数据库/batch/4-team/reports/followup_queues/true_rework_queue_next100_10lane_20260506T153312Z_lane03_20260506T221636Z_infra_recovery.json",
    "watchdog_retry": "/root/work/抗菌肽/数据库/batch/4-team/reports/followup_queues/true_rework_queue_next100_10lane_20260506T153312Z_lane03_20260506T221636Z_watchdog_retry.json",
    "source_staging_needed": "/root/work/抗菌肽/数据库/batch/4-team/reports/followup_queues/true_rework_queue_next100_10lane_20260506T153312Z_lane03_20260506T221636Z_source_staging_needed.json",
    "parser_manual_extraction_needed": "/root/work/抗菌肽/数据库/batch/4-team/reports/followup_queues/true_rework_queue_next100_10lane_20260506T153312Z_lane03_20260506T221636Z_parser_manual_extraction_needed.json",
    "owner_context_rework_needed": "/root/work/抗菌肽/数据库/batch/4-team/reports/followup_queues/true_rework_queue_next100_10lane_20260506T153312Z_lane03_20260506T221636Z_owner_context_rework_needed.json"
  },
  "accepted_sample_audit_manifest_path": "/root/work/抗菌肽/数据库/batch/4-team/reports/followup_queues/true_rework_queue_next100_10lane_20260506T153312Z_lane03_20260506T221636Z_accepted_sample_audit.json"
}
