[1/10] true rework queue doi__10.3389_fmicb.2023.1207367
[2/10] true rework queue doi__10.3389_fmicb.2023.1244325
[3/10] true rework queue doi__10.3389_fmicb.2023.1249175
[4/10] true rework queue doi__10.3389_fmicb.2023.1304825
[5/10] true rework queue doi__10.3389_fmicb.2024.1409359
[6/10] true rework queue doi__10.3389_fmicb.2025.1669022
[7/10] true rework queue doi__10.3389_fmicb.2026.1770133
[8/10] true rework queue doi__10.3389_fmolb.2021.707013
[9/10] true rework queue doi__10.3389_fmolb.2022.870460
[10/10] true rework queue doi__10.3389_fnut.2022.1111880
{
  "ok": true,
  "summary_path": "/root/work/抗菌肽/数据库/batch/4-team/reports/true_rework_queue_next100_10lane_20260507T144551Z_lane01_20260507T183725Z.json",
  "latest_path": "/root/work/抗菌肽/数据库/batch/4-team/reports/true_rework_queue_next100_10lane_20260507T144551Z_lane01_latest.json",
  "terminal_status_counts": {
    "accepted_after_rework": 10
  },
  "result_status_counts": {
    "accepted_after_rework": 10
  },
  "refined_status_counts": {
    "accepted_after_rework_attempt1": 10
  },
  "followup_queue_manifest_paths": {
    "infra_recovery": "/root/work/抗菌肽/数据库/batch/4-team/reports/followup_queues/true_rework_queue_next100_10lane_20260507T144551Z_lane01_20260507T183725Z_infra_recovery.json",
    "watchdog_retry": "/root/work/抗菌肽/数据库/batch/4-team/reports/followup_queues/true_rework_queue_next100_10lane_20260507T144551Z_lane01_20260507T183725Z_watchdog_retry.json",
    "source_staging_needed": "/root/work/抗菌肽/数据库/batch/4-team/reports/followup_queues/true_rework_queue_next100_10lane_20260507T144551Z_lane01_20260507T183725Z_source_staging_needed.json",
    "parser_manual_extraction_needed": "/root/work/抗菌肽/数据库/batch/4-team/reports/followup_queues/true_rework_queue_next100_10lane_20260507T144551Z_lane01_20260507T183725Z_parser_manual_extraction_needed.json",
    "owner_context_rework_needed": "/root/work/抗菌肽/数据库/batch/4-team/reports/followup_queues/true_rework_queue_next100_10lane_20260507T144551Z_lane01_20260507T183725Z_owner_context_rework_needed.json"
  },
  "accepted_sample_audit_manifest_path": "/root/work/抗菌肽/数据库/batch/4-team/reports/followup_queues/true_rework_queue_next100_10lane_20260507T144551Z_lane01_20260507T183725Z_accepted_sample_audit.json"
}
