[1/10] true rework queue doi__10.3390_md12105240
[2/10] true rework queue doi__10.3390_md12115657
[3/10] true rework queue doi__10.3390_md13031432
[4/10] true rework queue doi__10.3390_md13052602
[5/10] true rework queue doi__10.3390_md13053029
[6/10] true rework queue doi__10.3390_md14040072
[7/10] true rework queue doi__10.3390_md14050096
[8/10] true rework queue doi__10.3390_md14070136
[9/10] true rework queue doi__10.3390_md14120227
[10/10] true rework queue doi__10.3390_md14120228
{
  "ok": true,
  "summary_path": "/root/work/抗菌肽/数据库/batch/4-team/reports/true_rework_queue_next100_10lane_20260509T075436Z_lane04_20260509T120033Z.json",
  "latest_path": "/root/work/抗菌肽/数据库/batch/4-team/reports/true_rework_queue_next100_10lane_20260509T075436Z_lane04_latest.json",
  "terminal_status_counts": {
    "accepted_after_rework": 10
  },
  "result_status_counts": {
    "accepted_after_rework": 10
  },
  "refined_status_counts": {
    "accepted_after_rework_attempt1": 10
  },
  "followup_queue_manifest_paths": {
    "infra_recovery": "/root/work/抗菌肽/数据库/batch/4-team/reports/followup_queues/true_rework_queue_next100_10lane_20260509T075436Z_lane04_20260509T120033Z_infra_recovery.json",
    "watchdog_retry": "/root/work/抗菌肽/数据库/batch/4-team/reports/followup_queues/true_rework_queue_next100_10lane_20260509T075436Z_lane04_20260509T120033Z_watchdog_retry.json",
    "source_staging_needed": "/root/work/抗菌肽/数据库/batch/4-team/reports/followup_queues/true_rework_queue_next100_10lane_20260509T075436Z_lane04_20260509T120033Z_source_staging_needed.json",
    "parser_manual_extraction_needed": "/root/work/抗菌肽/数据库/batch/4-team/reports/followup_queues/true_rework_queue_next100_10lane_20260509T075436Z_lane04_20260509T120033Z_parser_manual_extraction_needed.json",
    "owner_context_rework_needed": "/root/work/抗菌肽/数据库/batch/4-team/reports/followup_queues/true_rework_queue_next100_10lane_20260509T075436Z_lane04_20260509T120033Z_owner_context_rework_needed.json"
  },
  "accepted_sample_audit_manifest_path": "/root/work/抗菌肽/数据库/batch/4-team/reports/followup_queues/true_rework_queue_next100_10lane_20260509T075436Z_lane04_20260509T120033Z_accepted_sample_audit.json"
}
