[1/10] true rework queue doi__10.3390_md18120631
[2/10] true rework queue doi__10.3390_md19040232
[3/10] true rework queue doi__10.3390_md19060303
[4/10] true rework queue doi__10.3390_md19080451
[5/10] true rework queue doi__10.3390_md19100528
[6/10] true rework queue doi__10.3390_md20010077
[7/10] true rework queue doi__10.3390_md20020085
[8/10] true rework queue doi__10.3390_md20030158
[9/10] true rework queue doi__10.3390_md20030167
[10/10] true rework queue doi__10.3390_md20070451
{
  "ok": true,
  "summary_path": "/root/work/抗菌肽/数据库/batch/4-team/reports/true_rework_queue_next100_10lane_20260509T075436Z_lane07_20260509T122326Z.json",
  "latest_path": "/root/work/抗菌肽/数据库/batch/4-team/reports/true_rework_queue_next100_10lane_20260509T075436Z_lane07_latest.json",
  "terminal_status_counts": {
    "accepted_after_rework": 10
  },
  "result_status_counts": {
    "accepted_after_rework": 10
  },
  "refined_status_counts": {
    "accepted_after_rework_attempt1": 9,
    "accepted_after_rework_attempt1_with_infra_retry": 1
  },
  "followup_queue_manifest_paths": {
    "infra_recovery": "/root/work/抗菌肽/数据库/batch/4-team/reports/followup_queues/true_rework_queue_next100_10lane_20260509T075436Z_lane07_20260509T122326Z_infra_recovery.json",
    "watchdog_retry": "/root/work/抗菌肽/数据库/batch/4-team/reports/followup_queues/true_rework_queue_next100_10lane_20260509T075436Z_lane07_20260509T122326Z_watchdog_retry.json",
    "source_staging_needed": "/root/work/抗菌肽/数据库/batch/4-team/reports/followup_queues/true_rework_queue_next100_10lane_20260509T075436Z_lane07_20260509T122326Z_source_staging_needed.json",
    "parser_manual_extraction_needed": "/root/work/抗菌肽/数据库/batch/4-team/reports/followup_queues/true_rework_queue_next100_10lane_20260509T075436Z_lane07_20260509T122326Z_parser_manual_extraction_needed.json",
    "owner_context_rework_needed": "/root/work/抗菌肽/数据库/batch/4-team/reports/followup_queues/true_rework_queue_next100_10lane_20260509T075436Z_lane07_20260509T122326Z_owner_context_rework_needed.json"
  },
  "accepted_sample_audit_manifest_path": "/root/work/抗菌肽/数据库/batch/4-team/reports/followup_queues/true_rework_queue_next100_10lane_20260509T075436Z_lane07_20260509T122326Z_accepted_sample_audit.json"
}
