[1/10] true rework queue doi__10.3390_antibiotics12030551
[2/10] true rework queue doi__10.3390_antibiotics12050821
[3/10] true rework queue doi__10.3390_antibiotics12071102
[4/10] true rework queue doi__10.3390_antibiotics12081283
[5/10] true rework queue doi__10.3390_antibiotics12091396
[6/10] true rework queue doi__10.3390_antibiotics12091404
[7/10] true rework queue doi__10.3390_antibiotics12121708
[8/10] true rework queue doi__10.3390_antibiotics13010005
[9/10] true rework queue doi__10.3390_antibiotics13010006
[10/10] true rework queue doi__10.3390_antibiotics13010019
{
  "ok": true,
  "summary_path": "/root/work/抗菌肽/数据库/batch/4-team/reports/true_rework_queue_next100_10lane_20260507T144551Z_lane06_20260507T184049Z.json",
  "latest_path": "/root/work/抗菌肽/数据库/batch/4-team/reports/true_rework_queue_next100_10lane_20260507T144551Z_lane06_latest.json",
  "terminal_status_counts": {
    "accepted_after_rework": 10
  },
  "result_status_counts": {
    "accepted_after_rework": 10
  },
  "refined_status_counts": {
    "accepted_after_rework_attempt1": 9,
    "accepted_after_rework_attempt1_with_infra_retry": 1
  },
  "followup_queue_manifest_paths": {
    "infra_recovery": "/root/work/抗菌肽/数据库/batch/4-team/reports/followup_queues/true_rework_queue_next100_10lane_20260507T144551Z_lane06_20260507T184049Z_infra_recovery.json",
    "watchdog_retry": "/root/work/抗菌肽/数据库/batch/4-team/reports/followup_queues/true_rework_queue_next100_10lane_20260507T144551Z_lane06_20260507T184049Z_watchdog_retry.json",
    "source_staging_needed": "/root/work/抗菌肽/数据库/batch/4-team/reports/followup_queues/true_rework_queue_next100_10lane_20260507T144551Z_lane06_20260507T184049Z_source_staging_needed.json",
    "parser_manual_extraction_needed": "/root/work/抗菌肽/数据库/batch/4-team/reports/followup_queues/true_rework_queue_next100_10lane_20260507T144551Z_lane06_20260507T184049Z_parser_manual_extraction_needed.json",
    "owner_context_rework_needed": "/root/work/抗菌肽/数据库/batch/4-team/reports/followup_queues/true_rework_queue_next100_10lane_20260507T144551Z_lane06_20260507T184049Z_owner_context_rework_needed.json"
  },
  "accepted_sample_audit_manifest_path": "/root/work/抗菌肽/数据库/batch/4-team/reports/followup_queues/true_rework_queue_next100_10lane_20260507T144551Z_lane06_20260507T184049Z_accepted_sample_audit.json"
}
