[1/10] true rework queue doi__10.3389_fmicb.2018.02600
[2/10] true rework queue doi__10.3389_fmicb.2018.02832
[3/10] true rework queue doi__10.3389_fmicb.2018.02846
[4/10] true rework queue doi__10.3389_fmicb.2018.02983
[5/10] true rework queue doi__10.3389_fmicb.2019.00203
[6/10] true rework queue doi__10.3389_fmicb.2019.00484
[7/10] true rework queue doi__10.3389_fmicb.2019.01688
[8/10] true rework queue doi__10.3389_fmicb.2019.02190
[9/10] true rework queue doi__10.3389_fmicb.2019.02211
[10/10] true rework queue doi__10.3389_fmicb.2019.02327
{
  "ok": true,
  "summary_path": "/root/work/抗菌肽/数据库/batch/4-team/reports/true_rework_queue_next100_10lane_20260506T153312Z_lane04_20260506T220203Z.json",
  "latest_path": "/root/work/抗菌肽/数据库/batch/4-team/reports/true_rework_queue_next100_10lane_20260506T153312Z_lane04_latest.json",
  "terminal_status_counts": {
    "accepted_after_rework": 9,
    "blocked_after_best_effort": 1
  },
  "result_status_counts": {
    "accepted_after_rework": 9,
    "blocked_rework_cap_unresolved": 1
  },
  "refined_status_counts": {
    "accepted_after_rework_attempt1": 6,
    "accepted_after_rework_attempt1_with_infra_retry": 3,
    "blocked_quality_gate_rework_cap_unresolved": 1
  },
  "followup_queue_manifest_paths": {
    "infra_recovery": "/root/work/抗菌肽/数据库/batch/4-team/reports/followup_queues/true_rework_queue_next100_10lane_20260506T153312Z_lane04_20260506T220203Z_infra_recovery.json",
    "watchdog_retry": "/root/work/抗菌肽/数据库/batch/4-team/reports/followup_queues/true_rework_queue_next100_10lane_20260506T153312Z_lane04_20260506T220203Z_watchdog_retry.json",
    "source_staging_needed": "/root/work/抗菌肽/数据库/batch/4-team/reports/followup_queues/true_rework_queue_next100_10lane_20260506T153312Z_lane04_20260506T220203Z_source_staging_needed.json",
    "parser_manual_extraction_needed": "/root/work/抗菌肽/数据库/batch/4-team/reports/followup_queues/true_rework_queue_next100_10lane_20260506T153312Z_lane04_20260506T220203Z_parser_manual_extraction_needed.json",
    "owner_context_rework_needed": "/root/work/抗菌肽/数据库/batch/4-team/reports/followup_queues/true_rework_queue_next100_10lane_20260506T153312Z_lane04_20260506T220203Z_owner_context_rework_needed.json"
  },
  "accepted_sample_audit_manifest_path": "/root/work/抗菌肽/数据库/batch/4-team/reports/followup_queues/true_rework_queue_next100_10lane_20260506T153312Z_lane04_20260506T220203Z_accepted_sample_audit.json"
}
