[1/10] true rework queue doi__10.3390_antibiotics11081085
[2/10] true rework queue doi__10.3390_antibiotics11101285
[3/10] true rework queue doi__10.3390_antibiotics11111491
[4/10] true rework queue doi__10.3390_antibiotics11111501
[5/10] true rework queue doi__10.3390_antibiotics11111588
[6/10] true rework queue doi__10.3390_antibiotics11111603
[7/10] true rework queue doi__10.3390_antibiotics11111619
[8/10] true rework queue doi__10.3390_antibiotics11121710
[9/10] true rework queue doi__10.3390_antibiotics11121792
[10/10] true rework queue doi__10.3390_antibiotics12010019
{
  "ok": true,
  "summary_path": "/root/work/抗菌肽/数据库/batch/4-team/reports/true_rework_queue_next100_10lane_20260507T144551Z_lane05_20260507T183643Z.json",
  "latest_path": "/root/work/抗菌肽/数据库/batch/4-team/reports/true_rework_queue_next100_10lane_20260507T144551Z_lane05_latest.json",
  "terminal_status_counts": {
    "accepted_after_rework": 9,
    "blocked_after_best_effort": 1
  },
  "result_status_counts": {
    "accepted_after_rework": 9,
    "blocked_figure_chart_value_gap": 1
  },
  "refined_status_counts": {
    "accepted_after_rework_attempt1": 9,
    "blocked_source_gap_figure_chart_exact_value": 1
  },
  "followup_queue_manifest_paths": {
    "infra_recovery": "/root/work/抗菌肽/数据库/batch/4-team/reports/followup_queues/true_rework_queue_next100_10lane_20260507T144551Z_lane05_20260507T183643Z_infra_recovery.json",
    "watchdog_retry": "/root/work/抗菌肽/数据库/batch/4-team/reports/followup_queues/true_rework_queue_next100_10lane_20260507T144551Z_lane05_20260507T183643Z_watchdog_retry.json",
    "source_staging_needed": "/root/work/抗菌肽/数据库/batch/4-team/reports/followup_queues/true_rework_queue_next100_10lane_20260507T144551Z_lane05_20260507T183643Z_source_staging_needed.json",
    "parser_manual_extraction_needed": "/root/work/抗菌肽/数据库/batch/4-team/reports/followup_queues/true_rework_queue_next100_10lane_20260507T144551Z_lane05_20260507T183643Z_parser_manual_extraction_needed.json",
    "owner_context_rework_needed": "/root/work/抗菌肽/数据库/batch/4-team/reports/followup_queues/true_rework_queue_next100_10lane_20260507T144551Z_lane05_20260507T183643Z_owner_context_rework_needed.json"
  },
  "accepted_sample_audit_manifest_path": "/root/work/抗菌肽/数据库/batch/4-team/reports/followup_queues/true_rework_queue_next100_10lane_20260507T144551Z_lane05_20260507T183643Z_accepted_sample_audit.json"
}
