[1/10] true rework queue doi__10.3390_ijms23148029
[2/10] true rework queue doi__10.3390_ijms23158269
[3/10] true rework queue doi__10.3390_ijms231810558
[4/10] true rework queue doi__10.3390_ijms232113316
[5/10] true rework queue doi__10.3390_ijms232213844
[6/10] true rework queue doi__10.3390_ijms232214151
[7/10] true rework queue doi__10.3390_ijms232415594
[8/10] true rework queue doi__10.3390_ijms24010267
[9/10] true rework queue doi__10.3390_ijms24010779
[10/10] true rework queue doi__10.3390_ijms24043951
{
  "ok": true,
  "summary_path": "/root/work/抗菌肽/数据库/batch/4-team/reports/true_rework_queue_next100_10lane_20260508T121022Z_lane10_20260508T172402Z.json",
  "latest_path": "/root/work/抗菌肽/数据库/batch/4-team/reports/true_rework_queue_next100_10lane_20260508T121022Z_lane10_latest.json",
  "terminal_status_counts": {
    "accepted_after_rework": 10
  },
  "result_status_counts": {
    "accepted_after_rework": 10
  },
  "refined_status_counts": {
    "accepted_after_rework_attempt1": 8,
    "accepted_after_rework_attempt1_with_infra_retry": 2
  },
  "followup_queue_manifest_paths": {
    "infra_recovery": "/root/work/抗菌肽/数据库/batch/4-team/reports/followup_queues/true_rework_queue_next100_10lane_20260508T121022Z_lane10_20260508T172402Z_infra_recovery.json",
    "watchdog_retry": "/root/work/抗菌肽/数据库/batch/4-team/reports/followup_queues/true_rework_queue_next100_10lane_20260508T121022Z_lane10_20260508T172402Z_watchdog_retry.json",
    "source_staging_needed": "/root/work/抗菌肽/数据库/batch/4-team/reports/followup_queues/true_rework_queue_next100_10lane_20260508T121022Z_lane10_20260508T172402Z_source_staging_needed.json",
    "parser_manual_extraction_needed": "/root/work/抗菌肽/数据库/batch/4-team/reports/followup_queues/true_rework_queue_next100_10lane_20260508T121022Z_lane10_20260508T172402Z_parser_manual_extraction_needed.json",
    "owner_context_rework_needed": "/root/work/抗菌肽/数据库/batch/4-team/reports/followup_queues/true_rework_queue_next100_10lane_20260508T121022Z_lane10_20260508T172402Z_owner_context_rework_needed.json"
  },
  "accepted_sample_audit_manifest_path": "/root/work/抗菌肽/数据库/batch/4-team/reports/followup_queues/true_rework_queue_next100_10lane_20260508T121022Z_lane10_20260508T172402Z_accepted_sample_audit.json"
}
