[1/10] true rework queue doi__10.3390_ijms20061417
[2/10] true rework queue doi__10.3390_ijms20143604
[3/10] true rework queue doi__10.3390_ijms20163954
[4/10] true rework queue doi__10.3390_ijms20174184
[5/10] true rework queue doi__10.3390_ijms20184558
[6/10] true rework queue doi__10.3390_ijms20215426
[7/10] true rework queue doi__10.3390_ijms20235904
[8/10] true rework queue doi__10.3390_ijms21030887
[9/10] true rework queue doi__10.3390_ijms21031140
[10/10] true rework queue doi__10.3390_ijms21041470
{
  "ok": true,
  "summary_path": "/root/work/抗菌肽/数据库/batch/4-team/reports/true_rework_queue_next100_10lane_20260508T121022Z_lane05_20260508T163303Z.json",
  "latest_path": "/root/work/抗菌肽/数据库/batch/4-team/reports/true_rework_queue_next100_10lane_20260508T121022Z_lane05_latest.json",
  "terminal_status_counts": {
    "accepted_after_rework": 10
  },
  "result_status_counts": {
    "accepted_after_rework": 10
  },
  "refined_status_counts": {
    "accepted_after_rework_attempt1": 10
  },
  "followup_queue_manifest_paths": {
    "infra_recovery": "/root/work/抗菌肽/数据库/batch/4-team/reports/followup_queues/true_rework_queue_next100_10lane_20260508T121022Z_lane05_20260508T163303Z_infra_recovery.json",
    "watchdog_retry": "/root/work/抗菌肽/数据库/batch/4-team/reports/followup_queues/true_rework_queue_next100_10lane_20260508T121022Z_lane05_20260508T163303Z_watchdog_retry.json",
    "source_staging_needed": "/root/work/抗菌肽/数据库/batch/4-team/reports/followup_queues/true_rework_queue_next100_10lane_20260508T121022Z_lane05_20260508T163303Z_source_staging_needed.json",
    "parser_manual_extraction_needed": "/root/work/抗菌肽/数据库/batch/4-team/reports/followup_queues/true_rework_queue_next100_10lane_20260508T121022Z_lane05_20260508T163303Z_parser_manual_extraction_needed.json",
    "owner_context_rework_needed": "/root/work/抗菌肽/数据库/batch/4-team/reports/followup_queues/true_rework_queue_next100_10lane_20260508T121022Z_lane05_20260508T163303Z_owner_context_rework_needed.json"
  },
  "accepted_sample_audit_manifest_path": "/root/work/抗菌肽/数据库/batch/4-team/reports/followup_queues/true_rework_queue_next100_10lane_20260508T121022Z_lane05_20260508T163303Z_accepted_sample_audit.json"
}
