[1/7] true rework queue doi__10.7150_ijbs.23419
[2/7] true rework queue doi__10.7150_ijbs.76148
[3/7] true rework queue doi__10.7150_ijbs.9859
[4/7] true rework queue doi__10.7150_ijms.5037
[5/7] true rework queue doi__10.7150_thno.21425
[6/7] true rework queue doi__10.7150_thno.39157
[7/7] true rework queue doi__10.7150_thno.40971
{
  "ok": true,
  "summary_path": "/root/work/抗菌肽/数据库/batch/4-team/reports/true_rework_queue_next100_10lane_20260510T160219Z_lane08_20260510T190433Z.json",
  "latest_path": "/root/work/抗菌肽/数据库/batch/4-team/reports/true_rework_queue_next100_10lane_20260510T160219Z_lane08_latest.json",
  "terminal_status_counts": {
    "accepted_after_rework": 6,
    "blocked_after_best_effort": 1
  },
  "result_status_counts": {
    "accepted_after_rework": 6,
    "blocked_activity_table_extraction_gap": 1
  },
  "refined_status_counts": {
    "accepted_after_rework_attempt1": 5,
    "accepted_after_rework_attempt1_with_infra_retry": 1,
    "blocked_parser_gap_activity_table": 1
  },
  "followup_queue_manifest_paths": {
    "infra_recovery": "/root/work/抗菌肽/数据库/batch/4-team/reports/followup_queues/true_rework_queue_next100_10lane_20260510T160219Z_lane08_20260510T190433Z_infra_recovery.json",
    "watchdog_retry": "/root/work/抗菌肽/数据库/batch/4-team/reports/followup_queues/true_rework_queue_next100_10lane_20260510T160219Z_lane08_20260510T190433Z_watchdog_retry.json",
    "source_staging_needed": "/root/work/抗菌肽/数据库/batch/4-team/reports/followup_queues/true_rework_queue_next100_10lane_20260510T160219Z_lane08_20260510T190433Z_source_staging_needed.json",
    "parser_manual_extraction_needed": "/root/work/抗菌肽/数据库/batch/4-team/reports/followup_queues/true_rework_queue_next100_10lane_20260510T160219Z_lane08_20260510T190433Z_parser_manual_extraction_needed.json",
    "owner_context_rework_needed": "/root/work/抗菌肽/数据库/batch/4-team/reports/followup_queues/true_rework_queue_next100_10lane_20260510T160219Z_lane08_20260510T190433Z_owner_context_rework_needed.json"
  },
  "accepted_sample_audit_manifest_path": "/root/work/抗菌肽/数据库/batch/4-team/reports/followup_queues/true_rework_queue_next100_10lane_20260510T160219Z_lane08_20260510T190433Z_accepted_sample_audit.json"
}
