[1/10] true rework queue doi__10.3390_ijms22179427
[2/10] true rework queue doi__10.3390_ijms221810156
[3/10] true rework queue doi__10.3390_ijms222111681
[4/10] true rework queue doi__10.3390_ijms222111869
[5/10] true rework queue doi__10.3390_ijms222312718
[6/10] true rework queue doi__10.3390_ijms23020883
[7/10] true rework queue doi__10.3390_ijms23042060
[8/10] true rework queue doi__10.3390_ijms23116345
[9/10] true rework queue doi__10.3390_ijms23137173
[10/10] true rework queue doi__10.3390_ijms23147979
{
  "ok": true,
  "summary_path": "/root/work/抗菌肽/数据库/batch/4-team/reports/true_rework_queue_next100_10lane_20260508T121022Z_lane09_20260508T171729Z.json",
  "latest_path": "/root/work/抗菌肽/数据库/batch/4-team/reports/true_rework_queue_next100_10lane_20260508T121022Z_lane09_latest.json",
  "terminal_status_counts": {
    "accepted_after_rework": 9,
    "blocked_after_best_effort": 1
  },
  "result_status_counts": {
    "accepted_after_rework": 9,
    "infrastructure_codex_worker_retry_exhausted": 1
  },
  "refined_status_counts": {
    "accepted_after_rework_attempt1": 7,
    "accepted_after_rework_attempt1_with_infra_retry": 2,
    "infrastructure_retry_exhausted_api_or_network": 1
  },
  "followup_queue_manifest_paths": {
    "infra_recovery": "/root/work/抗菌肽/数据库/batch/4-team/reports/followup_queues/true_rework_queue_next100_10lane_20260508T121022Z_lane09_20260508T171729Z_infra_recovery.json",
    "watchdog_retry": "/root/work/抗菌肽/数据库/batch/4-team/reports/followup_queues/true_rework_queue_next100_10lane_20260508T121022Z_lane09_20260508T171729Z_watchdog_retry.json",
    "source_staging_needed": "/root/work/抗菌肽/数据库/batch/4-team/reports/followup_queues/true_rework_queue_next100_10lane_20260508T121022Z_lane09_20260508T171729Z_source_staging_needed.json",
    "parser_manual_extraction_needed": "/root/work/抗菌肽/数据库/batch/4-team/reports/followup_queues/true_rework_queue_next100_10lane_20260508T121022Z_lane09_20260508T171729Z_parser_manual_extraction_needed.json",
    "owner_context_rework_needed": "/root/work/抗菌肽/数据库/batch/4-team/reports/followup_queues/true_rework_queue_next100_10lane_20260508T121022Z_lane09_20260508T171729Z_owner_context_rework_needed.json"
  },
  "accepted_sample_audit_manifest_path": "/root/work/抗菌肽/数据库/batch/4-team/reports/followup_queues/true_rework_queue_next100_10lane_20260508T121022Z_lane09_20260508T171729Z_accepted_sample_audit.json"
}
