[1/10] true rework queue doi__10.3390_molecules25020257
[2/10] true rework queue doi__10.3390_molecules25030485
[3/10] true rework queue doi__10.3390_molecules25092027
[4/10] true rework queue doi__10.3390_molecules25163676
[5/10] true rework queue doi__10.3390_molecules25215035
[6/10] true rework queue doi__10.3390_molecules26010165
[7/10] true rework queue doi__10.3390_molecules26020444
[8/10] true rework queue doi__10.3390_molecules26071954
[9/10] true rework queue doi__10.3390_molecules26072059
[10/10] true rework queue doi__10.3390_molecules26123624
{
  "ok": true,
  "summary_path": "/root/work/抗菌肽/数据库/batch/4-team/reports/true_rework_queue_next100_10lane_20260509T154247Z_lane05_20260509T185508Z.json",
  "latest_path": "/root/work/抗菌肽/数据库/batch/4-team/reports/true_rework_queue_next100_10lane_20260509T154247Z_lane05_latest.json",
  "terminal_status_counts": {
    "blocked_after_best_effort": 1,
    "accepted_after_rework": 9
  },
  "result_status_counts": {
    "blocked_rework_cap_unresolved": 1,
    "accepted_after_rework": 9
  },
  "refined_status_counts": {
    "accepted_after_rework_attempt1": 9,
    "blocked_quality_gate_rework_cap_unresolved": 1
  },
  "followup_queue_manifest_paths": {
    "infra_recovery": "/root/work/抗菌肽/数据库/batch/4-team/reports/followup_queues/true_rework_queue_next100_10lane_20260509T154247Z_lane05_20260509T185508Z_infra_recovery.json",
    "watchdog_retry": "/root/work/抗菌肽/数据库/batch/4-team/reports/followup_queues/true_rework_queue_next100_10lane_20260509T154247Z_lane05_20260509T185508Z_watchdog_retry.json",
    "source_staging_needed": "/root/work/抗菌肽/数据库/batch/4-team/reports/followup_queues/true_rework_queue_next100_10lane_20260509T154247Z_lane05_20260509T185508Z_source_staging_needed.json",
    "parser_manual_extraction_needed": "/root/work/抗菌肽/数据库/batch/4-team/reports/followup_queues/true_rework_queue_next100_10lane_20260509T154247Z_lane05_20260509T185508Z_parser_manual_extraction_needed.json",
    "owner_context_rework_needed": "/root/work/抗菌肽/数据库/batch/4-team/reports/followup_queues/true_rework_queue_next100_10lane_20260509T154247Z_lane05_20260509T185508Z_owner_context_rework_needed.json"
  },
  "accepted_sample_audit_manifest_path": "/root/work/抗菌肽/数据库/batch/4-team/reports/followup_queues/true_rework_queue_next100_10lane_20260509T154247Z_lane05_20260509T185508Z_accepted_sample_audit.json"
}
