[1/8] true rework queue doi__10.3390_toxins11090517
[2/8] true rework queue doi__10.3390_toxins11100562
[3/8] true rework queue doi__10.3390_toxins11100584
[4/8] true rework queue doi__10.3390_toxins12080484
[5/8] true rework queue doi__10.3390_toxins12120771
[6/8] true rework queue doi__10.3390_toxins13120867
[7/8] true rework queue doi__10.3390_toxins14010001
[8/8] true rework queue doi__10.3390_toxins14010058
{
  "ok": true,
  "summary_path": "/root/work/抗菌肽/数据库/batch/4-team/reports/true_rework_queue_next100_10lane_20260510T160219Z_lane02_20260510T193052Z.json",
  "latest_path": "/root/work/抗菌肽/数据库/batch/4-team/reports/true_rework_queue_next100_10lane_20260510T160219Z_lane02_latest.json",
  "terminal_status_counts": {
    "accepted_after_rework": 8
  },
  "result_status_counts": {
    "accepted_after_rework": 8
  },
  "refined_status_counts": {
    "accepted_after_rework_attempt1": 7,
    "accepted_after_rework_attempt1_with_infra_retry": 1
  },
  "followup_queue_manifest_paths": {
    "infra_recovery": "/root/work/抗菌肽/数据库/batch/4-team/reports/followup_queues/true_rework_queue_next100_10lane_20260510T160219Z_lane02_20260510T193052Z_infra_recovery.json",
    "watchdog_retry": "/root/work/抗菌肽/数据库/batch/4-team/reports/followup_queues/true_rework_queue_next100_10lane_20260510T160219Z_lane02_20260510T193052Z_watchdog_retry.json",
    "source_staging_needed": "/root/work/抗菌肽/数据库/batch/4-team/reports/followup_queues/true_rework_queue_next100_10lane_20260510T160219Z_lane02_20260510T193052Z_source_staging_needed.json",
    "parser_manual_extraction_needed": "/root/work/抗菌肽/数据库/batch/4-team/reports/followup_queues/true_rework_queue_next100_10lane_20260510T160219Z_lane02_20260510T193052Z_parser_manual_extraction_needed.json",
    "owner_context_rework_needed": "/root/work/抗菌肽/数据库/batch/4-team/reports/followup_queues/true_rework_queue_next100_10lane_20260510T160219Z_lane02_20260510T193052Z_owner_context_rework_needed.json"
  },
  "accepted_sample_audit_manifest_path": "/root/work/抗菌肽/数据库/batch/4-team/reports/followup_queues/true_rework_queue_next100_10lane_20260510T160219Z_lane02_20260510T193052Z_accepted_sample_audit.json"
}
