[1/10] true rework queue doi__10.3390_md20080517
[2/10] true rework queue doi__10.3390_md20100591
[3/10] true rework queue doi__10.3390_md20100651
[4/10] true rework queue doi__10.3390_md21020074
[5/10] true rework queue doi__10.3390_md22100463
[6/10] true rework queue doi__10.3390_md23080330
[7/10] true rework queue doi__10.3390_md8082384
[8/10] true rework queue doi__10.3390_md9010071
[9/10] true rework queue doi__10.3390_md9101969
[10/10] true rework queue doi__10.3390_md9112469
{
  "ok": true,
  "summary_path": "/root/work/抗菌肽/数据库/batch/4-team/reports/true_rework_queue_next100_10lane_20260509T075436Z_lane08_20260509T121951Z.json",
  "latest_path": "/root/work/抗菌肽/数据库/batch/4-team/reports/true_rework_queue_next100_10lane_20260509T075436Z_lane08_latest.json",
  "terminal_status_counts": {
    "accepted_after_rework": 10
  },
  "result_status_counts": {
    "accepted_after_rework": 10
  },
  "refined_status_counts": {
    "accepted_after_rework_attempt1": 9,
    "accepted_after_rework_attempt1_with_infra_retry": 1
  },
  "followup_queue_manifest_paths": {
    "infra_recovery": "/root/work/抗菌肽/数据库/batch/4-team/reports/followup_queues/true_rework_queue_next100_10lane_20260509T075436Z_lane08_20260509T121951Z_infra_recovery.json",
    "watchdog_retry": "/root/work/抗菌肽/数据库/batch/4-team/reports/followup_queues/true_rework_queue_next100_10lane_20260509T075436Z_lane08_20260509T121951Z_watchdog_retry.json",
    "source_staging_needed": "/root/work/抗菌肽/数据库/batch/4-team/reports/followup_queues/true_rework_queue_next100_10lane_20260509T075436Z_lane08_20260509T121951Z_source_staging_needed.json",
    "parser_manual_extraction_needed": "/root/work/抗菌肽/数据库/batch/4-team/reports/followup_queues/true_rework_queue_next100_10lane_20260509T075436Z_lane08_20260509T121951Z_parser_manual_extraction_needed.json",
    "owner_context_rework_needed": "/root/work/抗菌肽/数据库/batch/4-team/reports/followup_queues/true_rework_queue_next100_10lane_20260509T075436Z_lane08_20260509T121951Z_owner_context_rework_needed.json"
  },
  "accepted_sample_audit_manifest_path": "/root/work/抗菌肽/数据库/batch/4-team/reports/followup_queues/true_rework_queue_next100_10lane_20260509T075436Z_lane08_20260509T121951Z_accepted_sample_audit.json"
}
