[1/10] true rework queue doi__10.3390_life15020242
[2/10] true rework queue doi__10.3390_life15101568
[3/10] true rework queue doi__10.3390_md10122912
[4/10] true rework queue doi__10.3390_md11030944
[5/10] true rework queue doi__10.3390_md11061836
[6/10] true rework queue doi__10.3390_md11061878
[7/10] true rework queue doi__10.3390_md11124761
[8/10] true rework queue doi__10.3390_md11124834
[9/10] true rework queue doi__10.3390_md12020871
[10/10] true rework queue doi__10.3390_md12063203
{
  "ok": true,
  "summary_path": "/root/work/抗菌肽/数据库/batch/4-team/reports/true_rework_queue_next100_10lane_20260509T075436Z_lane03_20260509T121300Z.json",
  "latest_path": "/root/work/抗菌肽/数据库/batch/4-team/reports/true_rework_queue_next100_10lane_20260509T075436Z_lane03_latest.json",
  "terminal_status_counts": {
    "accepted_after_rework": 10
  },
  "result_status_counts": {
    "accepted_after_rework": 10
  },
  "refined_status_counts": {
    "accepted_after_rework_attempt1": 9,
    "accepted_after_rework_attempt1_with_infra_retry": 1
  },
  "followup_queue_manifest_paths": {
    "infra_recovery": "/root/work/抗菌肽/数据库/batch/4-team/reports/followup_queues/true_rework_queue_next100_10lane_20260509T075436Z_lane03_20260509T121300Z_infra_recovery.json",
    "watchdog_retry": "/root/work/抗菌肽/数据库/batch/4-team/reports/followup_queues/true_rework_queue_next100_10lane_20260509T075436Z_lane03_20260509T121300Z_watchdog_retry.json",
    "source_staging_needed": "/root/work/抗菌肽/数据库/batch/4-team/reports/followup_queues/true_rework_queue_next100_10lane_20260509T075436Z_lane03_20260509T121300Z_source_staging_needed.json",
    "parser_manual_extraction_needed": "/root/work/抗菌肽/数据库/batch/4-team/reports/followup_queues/true_rework_queue_next100_10lane_20260509T075436Z_lane03_20260509T121300Z_parser_manual_extraction_needed.json",
    "owner_context_rework_needed": "/root/work/抗菌肽/数据库/batch/4-team/reports/followup_queues/true_rework_queue_next100_10lane_20260509T075436Z_lane03_20260509T121300Z_owner_context_rework_needed.json"
  },
  "accepted_sample_audit_manifest_path": "/root/work/抗菌肽/数据库/batch/4-team/reports/followup_queues/true_rework_queue_next100_10lane_20260509T075436Z_lane03_20260509T121300Z_accepted_sample_audit.json"
}
