[1/10] true rework queue doi__10.3390_antibiotics11010076
[2/10] true rework queue doi__10.3390_antibiotics11020166
[3/10] true rework queue doi__10.3390_antibiotics11020243
[4/10] true rework queue doi__10.3390_antibiotics11030411
[5/10] true rework queue doi__10.3390_antibiotics11040430
[6/10] true rework queue doi__10.3390_antibiotics11060754
[7/10] true rework queue doi__10.3390_antibiotics11070952
[8/10] true rework queue doi__10.3390_antibiotics11080989
[9/10] true rework queue doi__10.3390_antibiotics11081048
[10/10] true rework queue doi__10.3390_antibiotics11081080
{
  "ok": true,
  "summary_path": "/root/work/抗菌肽/数据库/batch/4-team/reports/true_rework_queue_next100_10lane_20260507T144551Z_lane04_20260507T181712Z.json",
  "latest_path": "/root/work/抗菌肽/数据库/batch/4-team/reports/true_rework_queue_next100_10lane_20260507T144551Z_lane04_latest.json",
  "terminal_status_counts": {
    "accepted_after_rework": 9,
    "blocked_after_best_effort": 1
  },
  "result_status_counts": {
    "accepted_after_rework": 9,
    "blocked_figure_chart_value_gap": 1
  },
  "refined_status_counts": {
    "accepted_after_rework_attempt1": 9,
    "blocked_source_gap_figure_chart_exact_value": 1
  },
  "followup_queue_manifest_paths": {
    "infra_recovery": "/root/work/抗菌肽/数据库/batch/4-team/reports/followup_queues/true_rework_queue_next100_10lane_20260507T144551Z_lane04_20260507T181712Z_infra_recovery.json",
    "watchdog_retry": "/root/work/抗菌肽/数据库/batch/4-team/reports/followup_queues/true_rework_queue_next100_10lane_20260507T144551Z_lane04_20260507T181712Z_watchdog_retry.json",
    "source_staging_needed": "/root/work/抗菌肽/数据库/batch/4-team/reports/followup_queues/true_rework_queue_next100_10lane_20260507T144551Z_lane04_20260507T181712Z_source_staging_needed.json",
    "parser_manual_extraction_needed": "/root/work/抗菌肽/数据库/batch/4-team/reports/followup_queues/true_rework_queue_next100_10lane_20260507T144551Z_lane04_20260507T181712Z_parser_manual_extraction_needed.json",
    "owner_context_rework_needed": "/root/work/抗菌肽/数据库/batch/4-team/reports/followup_queues/true_rework_queue_next100_10lane_20260507T144551Z_lane04_20260507T181712Z_owner_context_rework_needed.json"
  },
  "accepted_sample_audit_manifest_path": "/root/work/抗菌肽/数据库/batch/4-team/reports/followup_queues/true_rework_queue_next100_10lane_20260507T144551Z_lane04_20260507T181712Z_accepted_sample_audit.json"
}
