[1/10] true rework queue doi__10.3389_fphar.2018.01501
[2/10] true rework queue doi__10.3389_fphar.2021.731056
[3/10] true rework queue doi__10.3389_fphar.2021.731499
[4/10] true rework queue doi__10.3389_fphar.2021.769739
[5/10] true rework queue doi__10.3389_fphar.2021.783108
[6/10] true rework queue doi__10.3389_fphar.2024.1334419
[7/10] true rework queue doi__10.3389_fphar.2024.1443497
[8/10] true rework queue doi__10.3389_fphar.2024.1487338
[9/10] true rework queue doi__10.3389_fpls.2021.753217
[10/10] true rework queue doi__10.3389_fpls.2021.756357
{
  "ok": true,
  "summary_path": "/root/work/抗菌肽/数据库/batch/4-team/reports/true_rework_queue_next100_10lane_20260507T144551Z_lane02_20260507T184455Z.json",
  "latest_path": "/root/work/抗菌肽/数据库/batch/4-team/reports/true_rework_queue_next100_10lane_20260507T144551Z_lane02_latest.json",
  "terminal_status_counts": {
    "accepted_after_rework": 9,
    "blocked_after_best_effort": 1
  },
  "result_status_counts": {
    "accepted_after_rework": 9,
    "blocked_missing_external_supplement": 1
  },
  "refined_status_counts": {
    "accepted_after_rework_attempt1": 9,
    "blocked_source_gap_missing_external_supplement": 1
  },
  "followup_queue_manifest_paths": {
    "infra_recovery": "/root/work/抗菌肽/数据库/batch/4-team/reports/followup_queues/true_rework_queue_next100_10lane_20260507T144551Z_lane02_20260507T184455Z_infra_recovery.json",
    "watchdog_retry": "/root/work/抗菌肽/数据库/batch/4-team/reports/followup_queues/true_rework_queue_next100_10lane_20260507T144551Z_lane02_20260507T184455Z_watchdog_retry.json",
    "source_staging_needed": "/root/work/抗菌肽/数据库/batch/4-team/reports/followup_queues/true_rework_queue_next100_10lane_20260507T144551Z_lane02_20260507T184455Z_source_staging_needed.json",
    "parser_manual_extraction_needed": "/root/work/抗菌肽/数据库/batch/4-team/reports/followup_queues/true_rework_queue_next100_10lane_20260507T144551Z_lane02_20260507T184455Z_parser_manual_extraction_needed.json",
    "owner_context_rework_needed": "/root/work/抗菌肽/数据库/batch/4-team/reports/followup_queues/true_rework_queue_next100_10lane_20260507T144551Z_lane02_20260507T184455Z_owner_context_rework_needed.json"
  },
  "accepted_sample_audit_manifest_path": "/root/work/抗菌肽/数据库/batch/4-team/reports/followup_queues/true_rework_queue_next100_10lane_20260507T144551Z_lane02_20260507T184455Z_accepted_sample_audit.json"
}
