[1/10] true rework queue doi__10.3390_md17020127
[2/10] true rework queue doi__10.3390_md17030159
[3/10] true rework queue doi__10.3390_md17060376
[4/10] true rework queue doi__10.3390_md17070413
[5/10] true rework queue doi__10.3390_md17090488
[6/10] true rework queue doi__10.3390_md18010051
[7/10] true rework queue doi__10.3390_md18010056
[8/10] true rework queue doi__10.3390_md18080380
[9/10] true rework queue doi__10.3390_md18110532
[10/10] true rework queue doi__10.3390_md18120620
{
  "ok": true,
  "summary_path": "/root/work/抗菌肽/数据库/batch/4-team/reports/true_rework_queue_next100_10lane_20260509T075436Z_lane06_20260509T131040Z.json",
  "latest_path": "/root/work/抗菌肽/数据库/batch/4-team/reports/true_rework_queue_next100_10lane_20260509T075436Z_lane06_latest.json",
  "terminal_status_counts": {
    "accepted_after_rework": 10
  },
  "result_status_counts": {
    "accepted_after_rework": 10
  },
  "refined_status_counts": {
    "accepted_after_rework_attempt1": 8,
    "accepted_after_rework_attempt1_with_infra_retry": 2
  },
  "followup_queue_manifest_paths": {
    "infra_recovery": "/root/work/抗菌肽/数据库/batch/4-team/reports/followup_queues/true_rework_queue_next100_10lane_20260509T075436Z_lane06_20260509T131040Z_infra_recovery.json",
    "watchdog_retry": "/root/work/抗菌肽/数据库/batch/4-team/reports/followup_queues/true_rework_queue_next100_10lane_20260509T075436Z_lane06_20260509T131040Z_watchdog_retry.json",
    "source_staging_needed": "/root/work/抗菌肽/数据库/batch/4-team/reports/followup_queues/true_rework_queue_next100_10lane_20260509T075436Z_lane06_20260509T131040Z_source_staging_needed.json",
    "parser_manual_extraction_needed": "/root/work/抗菌肽/数据库/batch/4-team/reports/followup_queues/true_rework_queue_next100_10lane_20260509T075436Z_lane06_20260509T131040Z_parser_manual_extraction_needed.json",
    "owner_context_rework_needed": "/root/work/抗菌肽/数据库/batch/4-team/reports/followup_queues/true_rework_queue_next100_10lane_20260509T075436Z_lane06_20260509T131040Z_owner_context_rework_needed.json"
  },
  "accepted_sample_audit_manifest_path": "/root/work/抗菌肽/数据库/batch/4-team/reports/followup_queues/true_rework_queue_next100_10lane_20260509T075436Z_lane06_20260509T131040Z_accepted_sample_audit.json"
}
