[1/8] true rework queue doi__10.3390_toxics12060387
[2/8] true rework queue doi__10.3390_toxins10010021
[3/8] true rework queue doi__10.3390_toxins10040161
[4/8] true rework queue doi__10.3390_toxins10060219
[5/8] true rework queue doi__10.3390_toxins10060227
[6/8] true rework queue doi__10.3390_toxins10100413
[7/8] true rework queue doi__10.3390_toxins10120522
[8/8] true rework queue doi__10.3390_toxins11030155
{
  "ok": true,
  "summary_path": "/root/work/抗菌肽/数据库/batch/4-team/reports/true_rework_queue_next100_10lane_20260510T160219Z_lane01_20260510T184729Z.json",
  "latest_path": "/root/work/抗菌肽/数据库/batch/4-team/reports/true_rework_queue_next100_10lane_20260510T160219Z_lane01_latest.json",
  "terminal_status_counts": {
    "accepted_after_rework": 8
  },
  "result_status_counts": {
    "accepted_after_rework": 8
  },
  "refined_status_counts": {
    "accepted_after_rework_attempt1": 7,
    "accepted_after_rework_attempt1_with_infra_retry": 1
  },
  "followup_queue_manifest_paths": {
    "infra_recovery": "/root/work/抗菌肽/数据库/batch/4-team/reports/followup_queues/true_rework_queue_next100_10lane_20260510T160219Z_lane01_20260510T184729Z_infra_recovery.json",
    "watchdog_retry": "/root/work/抗菌肽/数据库/batch/4-team/reports/followup_queues/true_rework_queue_next100_10lane_20260510T160219Z_lane01_20260510T184729Z_watchdog_retry.json",
    "source_staging_needed": "/root/work/抗菌肽/数据库/batch/4-team/reports/followup_queues/true_rework_queue_next100_10lane_20260510T160219Z_lane01_20260510T184729Z_source_staging_needed.json",
    "parser_manual_extraction_needed": "/root/work/抗菌肽/数据库/batch/4-team/reports/followup_queues/true_rework_queue_next100_10lane_20260510T160219Z_lane01_20260510T184729Z_parser_manual_extraction_needed.json",
    "owner_context_rework_needed": "/root/work/抗菌肽/数据库/batch/4-team/reports/followup_queues/true_rework_queue_next100_10lane_20260510T160219Z_lane01_20260510T184729Z_owner_context_rework_needed.json"
  },
  "accepted_sample_audit_manifest_path": "/root/work/抗菌肽/数据库/batch/4-team/reports/followup_queues/true_rework_queue_next100_10lane_20260510T160219Z_lane01_20260510T184729Z_accepted_sample_audit.json"
}
