[1/10] true rework queue doi__10.3389_fmicb.2022.1074359
[2/10] true rework queue doi__10.3389_fmicb.2022.806654
[3/10] true rework queue doi__10.3389_fmicb.2022.862834
[4/10] true rework queue doi__10.3389_fmicb.2022.864374
[5/10] true rework queue doi__10.3389_fmicb.2022.888525
[6/10] true rework queue doi__10.3389_fmicb.2022.963292
[7/10] true rework queue doi__10.3389_fmicb.2022.965621
[8/10] true rework queue doi__10.3389_fmicb.2022.971503
[9/10] true rework queue doi__10.3389_fmicb.2023.1102789
[10/10] true rework queue doi__10.3389_fmicb.2023.1201505
{
  "ok": true,
  "summary_path": "/root/work/抗菌肽/数据库/batch/4-team/reports/true_rework_queue_next100_10lane_20260506T153312Z_lane10_20260506T225319Z.json",
  "latest_path": "/root/work/抗菌肽/数据库/batch/4-team/reports/true_rework_queue_next100_10lane_20260506T153312Z_lane10_latest.json",
  "terminal_status_counts": {
    "accepted_after_rework": 10
  },
  "result_status_counts": {
    "accepted_after_rework": 10
  },
  "refined_status_counts": {
    "accepted_after_rework_attempt1": 7,
    "accepted_after_rework_attempt1_with_infra_retry": 3
  },
  "followup_queue_manifest_paths": {
    "infra_recovery": "/root/work/抗菌肽/数据库/batch/4-team/reports/followup_queues/true_rework_queue_next100_10lane_20260506T153312Z_lane10_20260506T225319Z_infra_recovery.json",
    "watchdog_retry": "/root/work/抗菌肽/数据库/batch/4-team/reports/followup_queues/true_rework_queue_next100_10lane_20260506T153312Z_lane10_20260506T225319Z_watchdog_retry.json",
    "source_staging_needed": "/root/work/抗菌肽/数据库/batch/4-team/reports/followup_queues/true_rework_queue_next100_10lane_20260506T153312Z_lane10_20260506T225319Z_source_staging_needed.json",
    "parser_manual_extraction_needed": "/root/work/抗菌肽/数据库/batch/4-team/reports/followup_queues/true_rework_queue_next100_10lane_20260506T153312Z_lane10_20260506T225319Z_parser_manual_extraction_needed.json",
    "owner_context_rework_needed": "/root/work/抗菌肽/数据库/batch/4-team/reports/followup_queues/true_rework_queue_next100_10lane_20260506T153312Z_lane10_20260506T225319Z_owner_context_rework_needed.json"
  },
  "accepted_sample_audit_manifest_path": "/root/work/抗菌肽/数据库/batch/4-team/reports/followup_queues/true_rework_queue_next100_10lane_20260506T153312Z_lane10_20260506T225319Z_accepted_sample_audit.json"
}
