[1/10] true rework queue doi__10.3390_antibiotics13010074
[2/10] true rework queue doi__10.3390_antibiotics13070574
[3/10] true rework queue doi__10.3390_antibiotics13070615
[4/10] true rework queue doi__10.3390_antibiotics13080758
[5/10] true rework queue doi__10.3390_antibiotics13121213
[6/10] true rework queue doi__10.3390_antibiotics3040595
[7/10] true rework queue doi__10.3390_antibiotics4030358
[8/10] true rework queue doi__10.3390_antibiotics6030013
[9/10] true rework queue doi__10.3390_antibiotics6030015
[10/10] true rework queue doi__10.3390_antibiotics8010020
{
  "ok": true,
  "summary_path": "/root/work/抗菌肽/数据库/batch/4-team/reports/true_rework_queue_next100_10lane_20260507T144551Z_lane07_20260507T183921Z.json",
  "latest_path": "/root/work/抗菌肽/数据库/batch/4-team/reports/true_rework_queue_next100_10lane_20260507T144551Z_lane07_latest.json",
  "terminal_status_counts": {
    "accepted_after_rework": 10
  },
  "result_status_counts": {
    "accepted_after_rework": 10
  },
  "refined_status_counts": {
    "accepted_after_rework_attempt1": 10
  },
  "followup_queue_manifest_paths": {
    "infra_recovery": "/root/work/抗菌肽/数据库/batch/4-team/reports/followup_queues/true_rework_queue_next100_10lane_20260507T144551Z_lane07_20260507T183921Z_infra_recovery.json",
    "watchdog_retry": "/root/work/抗菌肽/数据库/batch/4-team/reports/followup_queues/true_rework_queue_next100_10lane_20260507T144551Z_lane07_20260507T183921Z_watchdog_retry.json",
    "source_staging_needed": "/root/work/抗菌肽/数据库/batch/4-team/reports/followup_queues/true_rework_queue_next100_10lane_20260507T144551Z_lane07_20260507T183921Z_source_staging_needed.json",
    "parser_manual_extraction_needed": "/root/work/抗菌肽/数据库/batch/4-team/reports/followup_queues/true_rework_queue_next100_10lane_20260507T144551Z_lane07_20260507T183921Z_parser_manual_extraction_needed.json",
    "owner_context_rework_needed": "/root/work/抗菌肽/数据库/batch/4-team/reports/followup_queues/true_rework_queue_next100_10lane_20260507T144551Z_lane07_20260507T183921Z_owner_context_rework_needed.json"
  },
  "accepted_sample_audit_manifest_path": "/root/work/抗菌肽/数据库/batch/4-team/reports/followup_queues/true_rework_queue_next100_10lane_20260507T144551Z_lane07_20260507T183921Z_accepted_sample_audit.json"
}
