[1/10] true rework queue doi__10.3390_molecules28186558
[2/10] true rework queue doi__10.3390_molecules29051181
[3/10] true rework queue doi__10.3390_molecules29071534
[4/10] true rework queue doi__10.3390_nano12203691
[5/10] true rework queue doi__10.3390_ph11010003
[6/10] true rework queue doi__10.3390_ph11010020
[7/10] true rework queue doi__10.3390_ph12020082
[8/10] true rework queue doi__10.3390_ph14040304
[9/10] true rework queue doi__10.3390_ph14100956
[10/10] true rework queue doi__10.3390_ph14121245
{
  "ok": true,
  "summary_path": "/root/work/抗菌肽/数据库/batch/4-team/reports/true_rework_queue_next100_10lane_20260509T154247Z_lane07_20260509T191137Z.json",
  "latest_path": "/root/work/抗菌肽/数据库/batch/4-team/reports/true_rework_queue_next100_10lane_20260509T154247Z_lane07_latest.json",
  "terminal_status_counts": {
    "accepted_after_rework": 10
  },
  "result_status_counts": {
    "accepted_after_rework": 10
  },
  "refined_status_counts": {
    "accepted_after_rework_attempt1": 9,
    "accepted_after_rework_attempt1_with_infra_retry": 1
  },
  "followup_queue_manifest_paths": {
    "infra_recovery": "/root/work/抗菌肽/数据库/batch/4-team/reports/followup_queues/true_rework_queue_next100_10lane_20260509T154247Z_lane07_20260509T191137Z_infra_recovery.json",
    "watchdog_retry": "/root/work/抗菌肽/数据库/batch/4-team/reports/followup_queues/true_rework_queue_next100_10lane_20260509T154247Z_lane07_20260509T191137Z_watchdog_retry.json",
    "source_staging_needed": "/root/work/抗菌肽/数据库/batch/4-team/reports/followup_queues/true_rework_queue_next100_10lane_20260509T154247Z_lane07_20260509T191137Z_source_staging_needed.json",
    "parser_manual_extraction_needed": "/root/work/抗菌肽/数据库/batch/4-team/reports/followup_queues/true_rework_queue_next100_10lane_20260509T154247Z_lane07_20260509T191137Z_parser_manual_extraction_needed.json",
    "owner_context_rework_needed": "/root/work/抗菌肽/数据库/batch/4-team/reports/followup_queues/true_rework_queue_next100_10lane_20260509T154247Z_lane07_20260509T191137Z_owner_context_rework_needed.json"
  },
  "accepted_sample_audit_manifest_path": "/root/work/抗菌肽/数据库/batch/4-team/reports/followup_queues/true_rework_queue_next100_10lane_20260509T154247Z_lane07_20260509T191137Z_accepted_sample_audit.json"
}
