[1/10] true rework queue doi__10.3390_antibiotics9110831
[2/10] true rework queue doi__10.3390_antibiotics9120840
[3/10] true rework queue doi__10.3390_antibiotics9120844
[4/10] true rework queue doi__10.3390_antibiotics9120870
[5/10] true rework queue doi__10.3390_antibiotics9120921
[6/10] true rework queue doi__10.3390_biology11091263
[7/10] true rework queue doi__10.3390_biology12091218
[8/10] true rework queue doi__10.3390_biology9070148
[9/10] true rework queue doi__10.3390_biology9080209
[10/10] true rework queue doi__10.3390_biom10050790
{
  "ok": true,
  "summary_path": "/root/work/抗菌肽/数据库/batch/4-team/reports/true_rework_queue_next100_10lane_20260507T144551Z_lane10_20260507T193032Z.json",
  "latest_path": "/root/work/抗菌肽/数据库/batch/4-team/reports/true_rework_queue_next100_10lane_20260507T144551Z_lane10_latest.json",
  "terminal_status_counts": {
    "accepted_after_rework": 10
  },
  "result_status_counts": {
    "accepted_after_rework": 10
  },
  "refined_status_counts": {
    "accepted_after_rework_attempt1": 8,
    "accepted_after_rework_attempt1_with_infra_retry": 1,
    "accepted_after_rework_multi_attempt": 1
  },
  "followup_queue_manifest_paths": {
    "infra_recovery": "/root/work/抗菌肽/数据库/batch/4-team/reports/followup_queues/true_rework_queue_next100_10lane_20260507T144551Z_lane10_20260507T193032Z_infra_recovery.json",
    "watchdog_retry": "/root/work/抗菌肽/数据库/batch/4-team/reports/followup_queues/true_rework_queue_next100_10lane_20260507T144551Z_lane10_20260507T193032Z_watchdog_retry.json",
    "source_staging_needed": "/root/work/抗菌肽/数据库/batch/4-team/reports/followup_queues/true_rework_queue_next100_10lane_20260507T144551Z_lane10_20260507T193032Z_source_staging_needed.json",
    "parser_manual_extraction_needed": "/root/work/抗菌肽/数据库/batch/4-team/reports/followup_queues/true_rework_queue_next100_10lane_20260507T144551Z_lane10_20260507T193032Z_parser_manual_extraction_needed.json",
    "owner_context_rework_needed": "/root/work/抗菌肽/数据库/batch/4-team/reports/followup_queues/true_rework_queue_next100_10lane_20260507T144551Z_lane10_20260507T193032Z_owner_context_rework_needed.json"
  },
  "accepted_sample_audit_manifest_path": "/root/work/抗菌肽/数据库/batch/4-team/reports/followup_queues/true_rework_queue_next100_10lane_20260507T144551Z_lane10_20260507T193032Z_accepted_sample_audit.json"
}
