[1/10] true rework queue doi__10.3389_fmicb.2020.00820
[2/10] true rework queue doi__10.3389_fmicb.2020.01057
[3/10] true rework queue doi__10.3389_fmicb.2020.01146
[4/10] true rework queue doi__10.3389_fmicb.2020.01353
[5/10] true rework queue doi__10.3389_fmicb.2020.01589
[6/10] true rework queue doi__10.3389_fmicb.2020.01767
[7/10] true rework queue doi__10.3389_fmicb.2020.548620
[8/10] true rework queue doi__10.3389_fmicb.2020.561060
[9/10] true rework queue doi__10.3389_fmicb.2020.563030
[10/10] true rework queue doi__10.3389_fmicb.2020.565158
{
  "ok": true,
  "summary_path": "/root/work/抗菌肽/数据库/batch/4-team/reports/true_rework_queue_next100_10lane_20260506T153312Z_lane06_20260506T230727Z.json",
  "latest_path": "/root/work/抗菌肽/数据库/batch/4-team/reports/true_rework_queue_next100_10lane_20260506T153312Z_lane06_latest.json",
  "terminal_status_counts": {
    "accepted_after_rework": 10
  },
  "result_status_counts": {
    "accepted_after_rework": 10
  },
  "refined_status_counts": {
    "accepted_after_rework_attempt1": 5,
    "accepted_after_rework_attempt1_with_infra_retry": 5
  },
  "followup_queue_manifest_paths": {
    "infra_recovery": "/root/work/抗菌肽/数据库/batch/4-team/reports/followup_queues/true_rework_queue_next100_10lane_20260506T153312Z_lane06_20260506T230727Z_infra_recovery.json",
    "watchdog_retry": "/root/work/抗菌肽/数据库/batch/4-team/reports/followup_queues/true_rework_queue_next100_10lane_20260506T153312Z_lane06_20260506T230727Z_watchdog_retry.json",
    "source_staging_needed": "/root/work/抗菌肽/数据库/batch/4-team/reports/followup_queues/true_rework_queue_next100_10lane_20260506T153312Z_lane06_20260506T230727Z_source_staging_needed.json",
    "parser_manual_extraction_needed": "/root/work/抗菌肽/数据库/batch/4-team/reports/followup_queues/true_rework_queue_next100_10lane_20260506T153312Z_lane06_20260506T230727Z_parser_manual_extraction_needed.json",
    "owner_context_rework_needed": "/root/work/抗菌肽/数据库/batch/4-team/reports/followup_queues/true_rework_queue_next100_10lane_20260506T153312Z_lane06_20260506T230727Z_owner_context_rework_needed.json"
  },
  "accepted_sample_audit_manifest_path": "/root/work/抗菌肽/数据库/batch/4-team/reports/followup_queues/true_rework_queue_next100_10lane_20260506T153312Z_lane06_20260506T230727Z_accepted_sample_audit.json"
}
