[1/10] true rework queue doi__10.1055_s-0029-1185675
[2/10] true rework queue doi__10.3390_ijms24086901
[3/10] true rework queue doi__10.3390_ijms24119251
[4/10] true rework queue doi__10.3390_ijms241814053
[5/10] true rework queue doi__10.3390_ijms241814268
[6/10] true rework queue doi__10.3390_ijms241914472
[7/10] true rework queue doi__10.3390_ijms242216423
[8/10] true rework queue doi__10.3390_ijms252413688
[9/10] true rework queue doi__10.3390_ijms26010051
[10/10] true rework queue doi__10.3390_ijms26041702
{
  "ok": false,
  "summary_path": "/root/work/抗菌肽/数据库/batch/4-team/reports/true_rework_queue_next100_10lane_20260509T075436Z_lane01_20260509T113259Z.json",
  "latest_path": "/root/work/抗菌肽/数据库/batch/4-team/reports/true_rework_queue_next100_10lane_20260509T075436Z_lane01_latest.json",
  "terminal_status_counts": {
    "initial_queue_failed": 1,
    "accepted_after_rework": 9
  },
  "result_status_counts": {
    "infrastructure_initial_queue_failed": 1,
    "accepted_after_rework": 9
  },
  "refined_status_counts": {
    "accepted_after_rework_attempt1": 9,
    "infrastructure_initial_queue_failed": 1
  },
  "followup_queue_manifest_paths": {
    "infra_recovery": "/root/work/抗菌肽/数据库/batch/4-team/reports/followup_queues/true_rework_queue_next100_10lane_20260509T075436Z_lane01_20260509T113259Z_infra_recovery.json",
    "watchdog_retry": "/root/work/抗菌肽/数据库/batch/4-team/reports/followup_queues/true_rework_queue_next100_10lane_20260509T075436Z_lane01_20260509T113259Z_watchdog_retry.json",
    "source_staging_needed": "/root/work/抗菌肽/数据库/batch/4-team/reports/followup_queues/true_rework_queue_next100_10lane_20260509T075436Z_lane01_20260509T113259Z_source_staging_needed.json",
    "parser_manual_extraction_needed": "/root/work/抗菌肽/数据库/batch/4-team/reports/followup_queues/true_rework_queue_next100_10lane_20260509T075436Z_lane01_20260509T113259Z_parser_manual_extraction_needed.json",
    "owner_context_rework_needed": "/root/work/抗菌肽/数据库/batch/4-team/reports/followup_queues/true_rework_queue_next100_10lane_20260509T075436Z_lane01_20260509T113259Z_owner_context_rework_needed.json"
  },
  "accepted_sample_audit_manifest_path": "/root/work/抗菌肽/数据库/batch/4-team/reports/followup_queues/true_rework_queue_next100_10lane_20260509T075436Z_lane01_20260509T113259Z_accepted_sample_audit.json"
}
