[1/10] true rework queue doi__10.3389_fpls.2022.899740
[2/10] true rework queue doi__10.3389_fpls.2023.1250906
[3/10] true rework queue doi__10.3389_fvets.2025.1689589
[4/10] true rework queue doi__10.3390_antibiotics10010036
[5/10] true rework queue doi__10.3390_antibiotics10060712
[6/10] true rework queue doi__10.3390_antibiotics10080895
[7/10] true rework queue doi__10.3390_antibiotics10080896
[8/10] true rework queue doi__10.3390_antibiotics10080956
[9/10] true rework queue doi__10.3390_antibiotics10101208
[10/10] true rework queue doi__10.3390_antibiotics10121529
{
  "ok": true,
  "summary_path": "/root/work/抗菌肽/数据库/batch/4-team/reports/true_rework_queue_next100_10lane_20260507T144551Z_lane03_20260507T183413Z.json",
  "latest_path": "/root/work/抗菌肽/数据库/batch/4-team/reports/true_rework_queue_next100_10lane_20260507T144551Z_lane03_latest.json",
  "terminal_status_counts": {
    "accepted_after_rework": 10
  },
  "result_status_counts": {
    "accepted_after_rework": 10
  },
  "refined_status_counts": {
    "accepted_after_rework_attempt1": 10
  },
  "followup_queue_manifest_paths": {
    "infra_recovery": "/root/work/抗菌肽/数据库/batch/4-team/reports/followup_queues/true_rework_queue_next100_10lane_20260507T144551Z_lane03_20260507T183413Z_infra_recovery.json",
    "watchdog_retry": "/root/work/抗菌肽/数据库/batch/4-team/reports/followup_queues/true_rework_queue_next100_10lane_20260507T144551Z_lane03_20260507T183413Z_watchdog_retry.json",
    "source_staging_needed": "/root/work/抗菌肽/数据库/batch/4-team/reports/followup_queues/true_rework_queue_next100_10lane_20260507T144551Z_lane03_20260507T183413Z_source_staging_needed.json",
    "parser_manual_extraction_needed": "/root/work/抗菌肽/数据库/batch/4-team/reports/followup_queues/true_rework_queue_next100_10lane_20260507T144551Z_lane03_20260507T183413Z_parser_manual_extraction_needed.json",
    "owner_context_rework_needed": "/root/work/抗菌肽/数据库/batch/4-team/reports/followup_queues/true_rework_queue_next100_10lane_20260507T144551Z_lane03_20260507T183413Z_owner_context_rework_needed.json"
  },
  "accepted_sample_audit_manifest_path": "/root/work/抗菌肽/数据库/batch/4-team/reports/followup_queues/true_rework_queue_next100_10lane_20260507T144551Z_lane03_20260507T183413Z_accepted_sample_audit.json"
}
