[1/10] true rework queue doi__10.3389_fmicb.2020.569118
[2/10] true rework queue doi__10.3389_fmicb.2020.573614
[3/10] true rework queue doi__10.3389_fmicb.2020.589666
[4/10] true rework queue doi__10.3389_fmicb.2020.598789
[5/10] true rework queue doi__10.3389_fmicb.2021.624465
[6/10] true rework queue doi__10.3389_fmicb.2021.632008
[7/10] true rework queue doi__10.3389_fmicb.2021.662462
[8/10] true rework queue doi__10.3389_fmicb.2021.663151
[9/10] true rework queue doi__10.3389_fmicb.2021.678330
[10/10] true rework queue doi__10.3389_fmicb.2021.682437
{
  "ok": true,
  "summary_path": "/root/work/抗菌肽/数据库/batch/4-team/reports/true_rework_queue_next100_10lane_20260506T153312Z_lane07_20260506T222940Z.json",
  "latest_path": "/root/work/抗菌肽/数据库/batch/4-team/reports/true_rework_queue_next100_10lane_20260506T153312Z_lane07_latest.json",
  "terminal_status_counts": {
    "accepted_after_rework": 9,
    "blocked_after_best_effort": 1
  },
  "result_status_counts": {
    "accepted_after_rework": 9,
    "blocked_figure_chart_value_gap": 1
  },
  "refined_status_counts": {
    "accepted_after_rework_attempt1": 6,
    "accepted_after_rework_attempt1_with_infra_retry": 3,
    "blocked_source_gap_figure_chart_exact_value": 1
  },
  "followup_queue_manifest_paths": {
    "infra_recovery": "/root/work/抗菌肽/数据库/batch/4-team/reports/followup_queues/true_rework_queue_next100_10lane_20260506T153312Z_lane07_20260506T222940Z_infra_recovery.json",
    "watchdog_retry": "/root/work/抗菌肽/数据库/batch/4-team/reports/followup_queues/true_rework_queue_next100_10lane_20260506T153312Z_lane07_20260506T222940Z_watchdog_retry.json",
    "source_staging_needed": "/root/work/抗菌肽/数据库/batch/4-team/reports/followup_queues/true_rework_queue_next100_10lane_20260506T153312Z_lane07_20260506T222940Z_source_staging_needed.json",
    "parser_manual_extraction_needed": "/root/work/抗菌肽/数据库/batch/4-team/reports/followup_queues/true_rework_queue_next100_10lane_20260506T153312Z_lane07_20260506T222940Z_parser_manual_extraction_needed.json",
    "owner_context_rework_needed": "/root/work/抗菌肽/数据库/batch/4-team/reports/followup_queues/true_rework_queue_next100_10lane_20260506T153312Z_lane07_20260506T222940Z_owner_context_rework_needed.json"
  },
  "accepted_sample_audit_manifest_path": "/root/work/抗菌肽/数据库/batch/4-team/reports/followup_queues/true_rework_queue_next100_10lane_20260506T153312Z_lane07_20260506T222940Z_accepted_sample_audit.json"
}
