[1/7] true rework queue doi__10.7150_thno.75444
[2/7] true rework queue doi__10.7150_thno.87916
[3/7] true rework queue doi__10.7554_elife.37689
[4/7] true rework queue doi__10.7554_elife.64411
[5/7] true rework queue doi__10.7717_peerj.10176
[6/7] true rework queue doi__10.7717_peerj.16143
[7/7] true rework queue doi__10.7717_peerj.5369
{
  "ok": true,
  "summary_path": "/root/work/抗菌肽/数据库/batch/4-team/reports/true_rework_queue_next100_10lane_20260510T160219Z_lane09_20260510T182126Z.json",
  "latest_path": "/root/work/抗菌肽/数据库/batch/4-team/reports/true_rework_queue_next100_10lane_20260510T160219Z_lane09_latest.json",
  "terminal_status_counts": {
    "accepted_after_rework": 6,
    "blocked_after_best_effort": 1
  },
  "result_status_counts": {
    "accepted_after_rework": 6,
    "blocked_rework_cap_unresolved": 1
  },
  "refined_status_counts": {
    "accepted_after_rework_attempt1": 6,
    "blocked_quality_gate_rework_cap_unresolved": 1
  },
  "followup_queue_manifest_paths": {
    "infra_recovery": "/root/work/抗菌肽/数据库/batch/4-team/reports/followup_queues/true_rework_queue_next100_10lane_20260510T160219Z_lane09_20260510T182126Z_infra_recovery.json",
    "watchdog_retry": "/root/work/抗菌肽/数据库/batch/4-team/reports/followup_queues/true_rework_queue_next100_10lane_20260510T160219Z_lane09_20260510T182126Z_watchdog_retry.json",
    "source_staging_needed": "/root/work/抗菌肽/数据库/batch/4-team/reports/followup_queues/true_rework_queue_next100_10lane_20260510T160219Z_lane09_20260510T182126Z_source_staging_needed.json",
    "parser_manual_extraction_needed": "/root/work/抗菌肽/数据库/batch/4-team/reports/followup_queues/true_rework_queue_next100_10lane_20260510T160219Z_lane09_20260510T182126Z_parser_manual_extraction_needed.json",
    "owner_context_rework_needed": "/root/work/抗菌肽/数据库/batch/4-team/reports/followup_queues/true_rework_queue_next100_10lane_20260510T160219Z_lane09_20260510T182126Z_owner_context_rework_needed.json"
  },
  "accepted_sample_audit_manifest_path": "/root/work/抗菌肽/数据库/batch/4-team/reports/followup_queues/true_rework_queue_next100_10lane_20260510T160219Z_lane09_20260510T182126Z_accepted_sample_audit.json"
}
