[1/10] true rework queue doi__10.3390_biom8040122
[2/10] true rework queue doi__10.3390_biom9060242
[3/10] true rework queue doi__10.3390_biom9060249
[4/10] true rework queue doi__10.3390_biom9070280
[5/10] true rework queue doi__10.3390_biom9100598
[6/10] true rework queue doi__10.3390_biom9100628
[7/10] true rework queue doi__10.3390_biom9110646
[8/10] true rework queue doi__10.3390_biom9110667
[9/10] true rework queue doi__10.3390_biomedicines10092071
[10/10] true rework queue doi__10.3390_biomedicines8070185
{
  "ok": true,
  "summary_path": "/root/work/抗菌肽/数据库/batch/4-team/reports/true_rework_queue_next100_10lane_20260508T121022Z_lane02_20260508T165949Z.json",
  "latest_path": "/root/work/抗菌肽/数据库/batch/4-team/reports/true_rework_queue_next100_10lane_20260508T121022Z_lane02_latest.json",
  "terminal_status_counts": {
    "accepted_after_rework": 10
  },
  "result_status_counts": {
    "accepted_after_rework": 10
  },
  "refined_status_counts": {
    "accepted_after_rework_attempt1": 8,
    "accepted_after_rework_attempt1_with_infra_retry": 2
  },
  "followup_queue_manifest_paths": {
    "infra_recovery": "/root/work/抗菌肽/数据库/batch/4-team/reports/followup_queues/true_rework_queue_next100_10lane_20260508T121022Z_lane02_20260508T165949Z_infra_recovery.json",
    "watchdog_retry": "/root/work/抗菌肽/数据库/batch/4-team/reports/followup_queues/true_rework_queue_next100_10lane_20260508T121022Z_lane02_20260508T165949Z_watchdog_retry.json",
    "source_staging_needed": "/root/work/抗菌肽/数据库/batch/4-team/reports/followup_queues/true_rework_queue_next100_10lane_20260508T121022Z_lane02_20260508T165949Z_source_staging_needed.json",
    "parser_manual_extraction_needed": "/root/work/抗菌肽/数据库/batch/4-team/reports/followup_queues/true_rework_queue_next100_10lane_20260508T121022Z_lane02_20260508T165949Z_parser_manual_extraction_needed.json",
    "owner_context_rework_needed": "/root/work/抗菌肽/数据库/batch/4-team/reports/followup_queues/true_rework_queue_next100_10lane_20260508T121022Z_lane02_20260508T165949Z_owner_context_rework_needed.json"
  },
  "accepted_sample_audit_manifest_path": "/root/work/抗菌肽/数据库/batch/4-team/reports/followup_queues/true_rework_queue_next100_10lane_20260508T121022Z_lane02_20260508T165949Z_accepted_sample_audit.json"
}
