[1/50] true rework queue doi__10.1155_2009_136284
[2/50] true rework queue doi__10.1155_2012_349427
[3/50] true rework queue doi__10.1155_2012_738503
[4/50] true rework queue doi__10.1155_2012_764834
[5/50] true rework queue doi__10.1155_2013_251398
[6/50] true rework queue doi__10.1155_2013_939804
[7/50] true rework queue doi__10.1155_2013_986273
[8/50] true rework queue doi__10.1155_2014_156060
[9/50] true rework queue doi__10.1155_2014_158546
[10/50] true rework queue doi__10.1155_2014_176214
[11/50] true rework queue doi__10.1155_2014_320796
[12/50] true rework queue doi__10.1155_2014_671362
[13/50] true rework queue doi__10.1155_2015_197608
[14/50] true rework queue doi__10.1155_2015_453826
[15/50] true rework queue doi__10.1155_2015_578764
[16/50] true rework queue doi__10.1155_2015_909870
[17/50] true rework queue doi__10.1155_2018_4353580
[18/50] true rework queue doi__10.1155_2018_5252891
[19/50] true rework queue doi__10.1155_2020_2131535
[20/50] true rework queue doi__10.1155_2024_2205864
[21/50] true rework queue doi__10.1167_iovs.17-22243
[22/50] true rework queue doi__10.1177_11779322251315291
[23/50] true rework queue doi__10.1177_1178636120933635
[24/50] true rework queue doi__10.1186_1297-9716-45-40
[25/50] true rework queue doi__10.1186_1471-2091-11-6
[26/50] true rework queue doi__10.1186_1471-2164-11-187
[27/50] true rework queue doi__10.1186_1471-2164-11-239
[28/50] true rework queue doi__10.1186_1471-2164-11-452
[29/50] true rework queue doi__10.1186_1471-2164-5-56
[30/50] true rework queue doi__10.1186_1471-2164-8-119
[31/50] true rework queue doi__10.1186_1471-2164-8-18
[32/50] true rework queue doi__10.1186_1471-2164-8-326
[33/50] true rework queue doi__10.1186_1471-2164-9-15
[34/50] true rework queue doi__10.1186_1471-2172-11-12
[35/50] true rework queue doi__10.1186_1471-2172-13-61
[36/50] true rework queue doi__10.1186_1471-2180-12-24
[37/50] true rework queue doi__10.1186_1471-2180-13-212
[38/50] true rework queue doi__10.1186_1471-2180-13-87
[39/50] true rework queue doi__10.1186_1471-2180-14-140
[40/50] true rework queue doi__10.1186_1471-2180-6-36
[41/50] true rework queue doi__10.1186_1471-2180-9-187
[42/50] true rework queue doi__10.1186_1471-2199-12-47
[43/50] true rework queue doi__10.1186_1471-2229-12-180
[44/50] true rework queue doi__10.1186_1471-2229-8-75
[45/50] true rework queue doi__10.1186_1471-2407-11-116
[46/50] true rework queue doi__10.1186_1475-2867-5-21
[47/50] true rework queue doi__10.1186_1476-0711-10-11
[48/50] true rework queue doi__10.1186_1476-0711-6-14
[49/50] true rework queue doi__10.1186_1477-7827-4-7
[50/50] true rework queue doi__10.1186_1741-7007-3-20
{
  "ok": true,
  "summary_path": "/root/work/抗菌肽/数据库/batch/4-team/reports/true_rework_queue_queue_next500_1800_lane7_20260503T194002Z.json",
  "latest_path": "/root/work/抗菌肽/数据库/batch/4-team/reports/true_rework_queue_queue_next500_1800_lane7_latest.json",
  "terminal_status_counts": {
    "accepted_after_rework": 43,
    "blocked_after_best_effort": 7
  },
  "result_status_counts": {
    "accepted_after_rework": 43,
    "blocked_watchdog_timeout_retryable": 1,
    "blocked_missing_external_supplement": 3,
    "blocked_activity_table_extraction_gap": 2,
    "blocked_figure_chart_value_gap": 1
  }
}
