[1/7] true rework queue doi__10.1016_j.biomaterials.2013.12.049
[2/7] true rework queue doi__10.1016_j.cell.2024.07.027
[3/7] true rework queue doi__10.1016_j.csbj.2021.08.039
[4/7] true rework queue doi__10.1016_j.csbj.2023.11.031
[5/7] true rework queue doi__10.1016_j.csbj.2024.05.020
[6/7] true rework queue doi__10.1016_j.csbj.2024.09.006
[7/7] true rework queue doi__10.1016_j.dib.2019.104538
{
  "ok": true,
  "summary_path": "/root/work/抗菌肽/数据库/batch/4-team/reports/true_rework_queue_queue100_timeout1800_lane2_20260502T044417Z.json",
  "latest_path": "/root/work/抗菌肽/数据库/batch/4-team/reports/true_rework_queue_queue100_timeout1800_lane2_latest.json",
  "terminal_status_counts": {
    "accepted_after_rework": 6,
    "blocked_after_best_effort": 1
  },
  "result_status_counts": {
    "accepted_after_rework": 6,
    "blocked_watchdog_timeout_retryable": 1
  }
}
