[1/50] true rework queue doi__10.1186_1741-7007-6-43
[2/50] true rework queue doi__10.1186_1742-4690-5-70
[3/50] true rework queue doi__10.1186_1743-422x-2-49
[4/50] true rework queue doi__10.1186_1743-422x-6-187
[5/50] true rework queue doi__10.1186_1743-422x-8-76
[6/50] true rework queue doi__10.1186_1756-0500-4-459
[7/50] true rework queue doi__10.1186_1756-3305-4-63
[8/50] true rework queue doi__10.1186_2191-0855-2-67
[9/50] true rework queue doi__10.1186_2191-0855-3-2
[10/50] true rework queue doi__10.1186_2191-0855-3-35
[11/50] true rework queue doi__10.1186_gb-2003-4-12-r79
[12/50] true rework queue doi__10.1186_gb-2003-4-5-r31
[13/50] true rework queue doi__10.1186_gb-2004-6-1-r6
[14/50] true rework queue doi__10.1186_s12864-018-5225-5
[15/50] true rework queue doi__10.1186_s12864-022-08310-4
[16/50] true rework queue doi__10.1186_s12866-014-0226-2
[17/50] true rework queue doi__10.1186_s12866-015-0473-x
[18/50] true rework queue doi__10.1186_s12866-016-0626-6
[19/50] true rework queue doi__10.1186_s12866-016-0799-z
[20/50] true rework queue doi__10.1186_s12866-016-0828-y
[21/50] true rework queue doi__10.1186_s12866-017-0959-9
[22/50] true rework queue doi__10.1186_s12866-018-1190-z
[23/50] true rework queue doi__10.1186_s12866-020-01925-1
[24/50] true rework queue doi__10.1186_s12866-022-02621-y
[25/50] true rework queue doi__10.1186_s12866-023-03131-1
[26/50] true rework queue doi__10.1186_s12866-024-03325-1
[27/50] true rework queue doi__10.1186_s12866-025-04160-8
[28/50] true rework queue doi__10.1186_s12866-025-04343-3
[29/50] true rework queue doi__10.1186_s12870-014-0248-9
[30/50] true rework queue doi__10.1186_s12870-018-1611-z
[31/50] true rework queue doi__10.1186_s12885-023-11045-4
[32/50] true rework queue doi__10.1186_s12906-015-0940-9
[33/50] true rework queue doi__10.1186_s12915-022-01304-4
[34/50] true rework queue doi__10.1186_s12917-020-02620-z
[35/50] true rework queue doi__10.1186_s12917-020-02630-x
[36/50] true rework queue doi__10.1186_s12917-024-04202-9
[37/50] true rework queue doi__10.1186_s12929-024-01007-8
[38/50] true rework queue doi__10.1186_s12934-015-0302-9
[39/50] true rework queue doi__10.1186_s12941-017-0193-1
[40/50] true rework queue doi__10.1186_s12941-024-00701-7
[41/50] true rework queue doi__10.1186_s12951-024-02896-5
[42/50] true rework queue doi__10.1186_s12985-019-1199-4
[43/50] true rework queue doi__10.1186_s13046-018-0682-x
[44/50] true rework queue doi__10.1186_s13071-014-0554-y
[45/50] true rework queue doi__10.1186_s13071-014-0625-0
[46/50] true rework queue doi__10.1186_s13071-015-0669-9
[47/50] true rework queue doi__10.1186_s13071-015-1176-8
[48/50] true rework queue doi__10.1186_s13071-016-1344-5
[49/50] true rework queue doi__10.1186_s13071-016-1360-5
[50/50] true rework queue doi__10.1186_s13071-017-2397-9
{
  "ok": true,
  "summary_path": "/root/work/抗菌肽/数据库/batch/4-team/reports/true_rework_queue_queue_next500_1800_lane8_20260503T202107Z.json",
  "latest_path": "/root/work/抗菌肽/数据库/batch/4-team/reports/true_rework_queue_queue_next500_1800_lane8_latest.json",
  "terminal_status_counts": {
    "accepted_after_rework": 43,
    "blocked_after_best_effort": 7
  },
  "result_status_counts": {
    "accepted_after_rework": 43,
    "infrastructure_codex_worker_retry_exhausted": 1,
    "blocked_figure_chart_value_gap": 4,
    "blocked_activity_table_extraction_gap": 1,
    "blocked_missing_external_supplement": 1
  }
}
