[1/20] true rework queue doi__10.1021_acs.jnatprod.2c00674
[2/20] true rework queue doi__10.1021_acs.jnatprod.4c00118
[3/20] true rework queue doi__10.1021_acs.jnatprod.4c00814
[4/20] true rework queue doi__10.1021_acs.joc.4c01414
[5/20] true rework queue doi__10.1021_acs.joc.4c02828
[6/20] true rework queue doi__10.1021_acs.langmuir.0c02135
[7/20] true rework queue doi__10.1021_acs.langmuir.2c00506
[8/20] true rework queue doi__10.1021_acsbiomedchemau.4c00119
[9/20] true rework queue doi__10.1021_acscentsci.0c01135
[10/20] true rework queue doi__10.1021_acschembio.0c00568
[11/20] true rework queue doi__10.1021_acschembio.1c00641
[12/20] true rework queue doi__10.1021_acschembio.3c00577
[13/20] true rework queue doi__10.1021_acsinfecdis.2c00307
[14/20] true rework queue doi__10.1021_acsinfecdis.2c00456
[15/20] true rework queue doi__10.1021_acsinfecdis.3c00206
[16/20] true rework queue doi__10.1021_acsinfecdis.3c00421
[17/20] true rework queue doi__10.1021_acsinfecdis.4c00130
[18/20] true rework queue doi__10.1021_acsinfecdis.4c00160
[19/20] true rework queue doi__10.1021_acsinfecdis.6b00045
[20/20] true rework queue doi__10.1021_acsinfecdis.9b00157
{
  "ok": true,
  "summary_path": "/root/work/抗菌肽/数据库/batch/4-team/reports/true_rework_queue_queue_next100_1800_lane2_20260502T143703Z.json",
  "latest_path": "/root/work/抗菌肽/数据库/batch/4-team/reports/true_rework_queue_queue_next100_1800_lane2_latest.json",
  "terminal_status_counts": {
    "accepted_after_rework": 19,
    "blocked_after_best_effort": 1
  },
  "result_status_counts": {
    "accepted_after_rework": 19,
    "blocked_watchdog_timeout_retryable": 1
  }
}
