[1/50] true rework queue doi__10.1371_journal.pone.0023417
[2/50] true rework queue doi__10.1371_journal.pone.0024030
[3/50] true rework queue doi__10.1371_journal.pone.0030478
[4/50] true rework queue doi__10.1371_journal.pone.0031498
[5/50] true rework queue doi__10.1371_journal.pone.0033351
[6/50] true rework queue doi__10.1371_journal.pone.0033639
[7/50] true rework queue doi__10.1371_journal.pone.0034947
[8/50] true rework queue doi__10.1371_journal.pone.0040125
[9/50] true rework queue doi__10.1371_journal.pone.0040135
[10/50] true rework queue doi__10.1371_journal.pone.0044351
[11/50] true rework queue doi__10.1371_journal.pone.0045848
[12/50] true rework queue doi__10.1371_journal.pone.0047047
[13/50] true rework queue doi__10.1371_journal.pone.0047642
[14/50] true rework queue doi__10.1371_journal.pone.0047743
[15/50] true rework queue doi__10.1371_journal.pone.0048721
[16/50] true rework queue doi__10.1371_journal.pone.0050003
[17/50] true rework queue doi__10.1371_journal.pone.0050263
[18/50] true rework queue doi__10.1371_journal.pone.0050995
[19/50] true rework queue doi__10.1371_journal.pone.0053326
[20/50] true rework queue doi__10.1371_journal.pone.0053491
[21/50] true rework queue doi__10.1371_journal.pone.0053686
[22/50] true rework queue doi__10.1371_journal.pone.0056081
[23/50] true rework queue doi__10.1371_journal.pone.0057318
[24/50] true rework queue doi__10.1371_journal.pone.0057991
[25/50] true rework queue doi__10.1371_journal.pone.0058709
[26/50] true rework queue doi__10.1371_journal.pone.0058866
[27/50] true rework queue doi__10.1371_journal.pone.0058997
[28/50] true rework queue doi__10.1371_journal.pone.0059119
[29/50] true rework queue doi__10.1371_journal.pone.0059255
[30/50] true rework queue doi__10.1371_journal.pone.0060462
[31/50] true rework queue doi__10.1371_journal.pone.0061614
[32/50] true rework queue doi__10.1371_journal.pone.0061964
[33/50] true rework queue doi__10.1371_journal.pone.0062302
[34/50] true rework queue doi__10.1371_journal.pone.0064010
[35/50] true rework queue doi__10.1371_journal.pone.0066084
[36/50] true rework queue doi__10.1371_journal.pone.0066279
[37/50] true rework queue doi__10.1371_journal.pone.0067597
[38/50] true rework queue doi__10.1371_journal.pone.0067937
[39/50] true rework queue doi__10.1371_journal.pone.0070484
[40/50] true rework queue doi__10.1371_journal.pone.0070782
[41/50] true rework queue doi__10.1371_journal.pone.0071687
[42/50] true rework queue doi__10.1371_journal.pone.0072923
[43/50] true rework queue doi__10.1371_journal.pone.0073136
[44/50] true rework queue doi__10.1371_journal.pone.0075582
[45/50] true rework queue doi__10.1371_journal.pone.0076981
[46/50] true rework queue doi__10.1371_journal.pone.0077031
[47/50] true rework queue doi__10.1371_journal.pone.0077751
[48/50] true rework queue doi__10.1371_journal.pone.0080025
[49/50] true rework queue doi__10.1371_journal.pone.0080050
[50/50] true rework queue doi__10.1371_journal.pone.0082081
{
  "ok": true,
  "summary_path": "/root/work/抗菌肽/数据库/batch/4-team/reports/true_rework_queue_queue_next500_1800_lane10_20260503T202026Z.json",
  "latest_path": "/root/work/抗菌肽/数据库/batch/4-team/reports/true_rework_queue_queue_next500_1800_lane10_latest.json",
  "terminal_status_counts": {
    "accepted_after_rework": 47,
    "blocked_after_best_effort": 3
  },
  "result_status_counts": {
    "accepted_after_rework": 47,
    "blocked_missing_external_supplement": 1,
    "blocked_figure_chart_value_gap": 1,
    "infrastructure_codex_worker_retry_exhausted": 1
  }
}
