[1/20] true rework queue doi__10.1007_s00253-012-4578-y
[2/20] true rework queue doi__10.1007_s00253-016-7400-4
[3/20] true rework queue doi__10.1007_s00253-020-10685-x
[4/20] true rework queue doi__10.1007_s00253-023-12887-5
[5/20] true rework queue doi__10.1007_s00253-023-12947-w
[6/20] true rework queue doi__10.1007_s00262-014-1540-0
[7/20] true rework queue doi__10.1007_s00438-026-02390-7
[8/20] true rework queue doi__10.1007_s00726-012-1388-6
[9/20] true rework queue doi__10.1007_s00726-017-2449-7
[10/20] true rework queue doi__10.1007_s00726-017-2473-7
[11/20] true rework queue doi__10.1007_s00726-018-2575-x
[12/20] true rework queue doi__10.1007_s10295-013-1259-5
[13/20] true rework queue doi__10.1007_s10526-022-10132-y
[14/20] true rework queue doi__10.1007_s10989-014-9423-y
[15/20] true rework queue doi__10.1007_s10989-015-9494-4
[16/20] true rework queue doi__10.1007_s11274-016-2171-8
[17/20] true rework queue doi__10.1007_s12539-016-0163-x
[18/20] true rework queue doi__10.1007_s12602-018-9444-5
[19/20] true rework queue doi__10.1007_s12602-018-9501-0
[20/20] true rework queue doi__10.1007_s12602-022-10036-4
{
  "ok": true,
  "summary_path": "/root/work/抗菌肽/数据库/batch/4-team/reports/true_rework_queue_queue100_obtainable_lane2_20260501T192335Z.json",
  "latest_path": "/root/work/抗菌肽/数据库/batch/4-team/reports/true_rework_queue_queue100_obtainable_lane2_latest.json",
  "terminal_status_counts": {
    "accepted_after_rework": 17,
    "blocked_after_best_effort": 3
  }
}
