[1/50] true rework queue doi__10.1038_s41598-018-29566-5
[2/50] true rework queue doi__10.1038_s41598-018-29826-4
[3/50] true rework queue doi__10.1038_s41598-018-32947-5
[4/50] true rework queue doi__10.1038_s41598-018-32981-3
[5/50] true rework queue doi__10.1038_s41598-018-33133-3
[6/50] true rework queue doi__10.1038_s41598-018-33289-y
[7/50] true rework queue doi__10.1038_s41598-018-34087-2
[8/50] true rework queue doi__10.1038_s41598-018-34467-8
[9/50] true rework queue doi__10.1038_s41598-018-34684-1
[10/50] true rework queue doi__10.1038_s41598-018-35530-0
[11/50] true rework queue doi__10.1038_s41598-018-37630-3
[12/50] true rework queue doi__10.1038_s41598-018-38442-1
[13/50] true rework queue doi__10.1038_s41598-019-39042-3
[14/50] true rework queue doi__10.1038_s41598-019-39219-w
[15/50] true rework queue doi__10.1038_s41598-019-40577-8
[16/50] true rework queue doi__10.1038_s41598-019-41005-7
[17/50] true rework queue doi__10.1038_s41598-019-42440-2
[18/50] true rework queue doi__10.1038_s41598-019-44256-6
[19/50] true rework queue doi__10.1038_s41598-019-47108-5
[20/50] true rework queue doi__10.1038_s41598-019-47327-w
[21/50] true rework queue doi__10.1038_s41598-019-47568-9
[22/50] true rework queue doi__10.1038_s41598-019-47955-2
[23/50] true rework queue doi__10.1038_s41598-019-50061-y
[24/50] true rework queue doi__10.1038_s41598-019-54716-8
[25/50] true rework queue doi__10.1038_s41598-020-58014-6
[26/50] true rework queue doi__10.1038_s41598-020-59665-1
[27/50] true rework queue doi__10.1038_s41598-020-60570-w
[28/50] true rework queue doi__10.1038_s41598-020-60623-0
[29/50] true rework queue doi__10.1038_s41598-020-60829-2
[30/50] true rework queue doi__10.1038_s41598-020-62746-w
[31/50] true rework queue doi__10.1038_s41598-020-65688-5
[32/50] true rework queue doi__10.1038_s41598-020-66164-w
[33/50] true rework queue doi__10.1038_s41598-020-67041-2
[34/50] true rework queue doi__10.1038_s41598-020-69162-0
[35/50] true rework queue doi__10.1038_s41598-020-69485-y
[36/50] true rework queue doi__10.1038_s41598-020-69995-9
[37/50] true rework queue doi__10.1038_s41598-020-70314-5
[38/50] true rework queue doi__10.1038_s41598-020-70328-z
[39/50] true rework queue doi__10.1038_s41598-020-71771-8
[40/50] true rework queue doi__10.1038_s41598-020-80596-4
[41/50] true rework queue doi__10.1038_s41598-021-02007-6
[42/50] true rework queue doi__10.1038_s41598-021-81394-2
[43/50] true rework queue doi__10.1038_s41598-021-81734-2
[44/50] true rework queue doi__10.1038_s41598-021-89485-w
[45/50] true rework queue doi__10.1038_s41598-021-90613-9
[46/50] true rework queue doi__10.1038_s41598-021-91670-w
[47/50] true rework queue doi__10.1038_s41598-021-91765-4
[48/50] true rework queue doi__10.1038_s41598-021-97581-0
[49/50] true rework queue doi__10.1038_s41598-021-97821-3
[50/50] true rework queue doi__10.1038_s41598-022-08247-4
{
  "ok": true,
  "summary_path": "/root/work/抗菌肽/数据库/batch/4-team/reports/true_rework_queue_queue_next500_1800_lane2_20260503T220056Z.json",
  "latest_path": "/root/work/抗菌肽/数据库/batch/4-team/reports/true_rework_queue_queue_next500_1800_lane2_latest.json",
  "terminal_status_counts": {
    "accepted_after_rework": 38,
    "blocked_after_best_effort": 12
  },
  "result_status_counts": {
    "accepted_after_rework": 38,
    "blocked_missing_external_supplement": 5,
    "blocked_figure_chart_value_gap": 3,
    "blocked_watchdog_timeout_retryable": 4
  }
}
