[1/50] true rework queue doi__10.1038_s41467-022-29234-3
[2/50] true rework queue doi__10.1038_s41467-022-33613-1
[3/50] true rework queue doi__10.1038_s41467-023-36280-y
[4/50] true rework queue doi__10.1038_s41467-023-36994-z
[5/50] true rework queue doi__10.1038_s41467-023-37003-z
[6/50] true rework queue doi__10.1038_s41467-023-42387-z
[7/50] true rework queue doi__10.1038_s41467-023-42434-9
[8/50] true rework queue doi__10.1038_s41467-024-49215-y
[9/50] true rework queue doi__10.1038_s41467-024-51730-x
[10/50] true rework queue doi__10.1038_s41467-024-51933-2
[11/50] true rework queue doi__10.1038_s41467-024-53309-y
[12/50] true rework queue doi__10.1038_s41467-025-60051-6
[13/50] true rework queue doi__10.1038_s41467-025-62604-1
[14/50] true rework queue doi__10.1038_s41467-025-64378-y
[15/50] true rework queue doi__10.1038_s41467-025-65449-w
[16/50] true rework queue doi__10.1038_s41522-017-0042-1
[17/50] true rework queue doi__10.1038_s41522-022-00320-0
[18/50] true rework queue doi__10.1038_s41522-024-00637-y
[19/50] true rework queue doi__10.1038_s41538-021-00109-z
[20/50] true rework queue doi__10.1038_s41551-024-01201-x
[21/50] true rework queue doi__10.1038_s41557-019-0323-9
[22/50] true rework queue doi__10.1038_s41557-025-01979-6
[23/50] true rework queue doi__10.1038_s41586-019-1791-1
[24/50] true rework queue doi__10.1038_s41586-025-08615-w
[25/50] true rework queue doi__10.1038_s41598-017-01267-5
[26/50] true rework queue doi__10.1038_s41598-017-01474-0
[27/50] true rework queue doi__10.1038_s41598-017-01698-0
[28/50] true rework queue doi__10.1038_s41598-017-02373-0
[29/50] true rework queue doi__10.1038_s41598-017-03576-1
[30/50] true rework queue doi__10.1038_s41598-017-03664-2
[31/50] true rework queue doi__10.1038_s41598-017-04274-8
[32/50] true rework queue doi__10.1038_s41598-017-04777-4
[33/50] true rework queue doi__10.1038_s41598-017-07331-4
[34/50] true rework queue doi__10.1038_s41598-017-07440-0
[35/50] true rework queue doi__10.1038_s41598-017-08963-2
[36/50] true rework queue doi__10.1038_s41598-017-10492-x
[37/50] true rework queue doi__10.1038_s41598-017-10839-4
[38/50] true rework queue doi__10.1038_s41598-017-11396-6
[39/50] true rework queue doi__10.1038_s41598-017-11832-7
[40/50] true rework queue doi__10.1038_s41598-017-13685-6
[41/50] true rework queue doi__10.1038_s41598-017-15436-z
[42/50] true rework queue doi__10.1038_s41598-017-16784-6
[43/50] true rework queue doi__10.1038_s41598-018-19434-7
[44/50] true rework queue doi__10.1038_s41598-018-19669-4
[45/50] true rework queue doi__10.1038_s41598-018-20002-2
[46/50] true rework queue doi__10.1038_s41598-018-20912-1
[47/50] true rework queue doi__10.1038_s41598-018-27225-3
[48/50] true rework queue doi__10.1038_s41598-018-27231-5
[49/50] true rework queue doi__10.1038_s41598-018-27417-x
[50/50] true rework queue doi__10.1038_s41598-018-29444-0
{
  "ok": true,
  "summary_path": "/root/work/抗菌肽/数据库/batch/4-team/reports/true_rework_queue_queue_next500_1800_lane1_20260503T232213Z.json",
  "latest_path": "/root/work/抗菌肽/数据库/batch/4-team/reports/true_rework_queue_queue_next500_1800_lane1_latest.json",
  "terminal_status_counts": {
    "accepted_after_rework": 35,
    "blocked_after_best_effort": 15
  },
  "result_status_counts": {
    "accepted_after_rework": 35,
    "blocked_figure_chart_value_gap": 7,
    "blocked_watchdog_timeout_retryable": 7,
    "blocked_missing_external_supplement": 1
  }
}
