[1/50] true rework queue doi__10.1186_s13567-024-01402-x
[2/50] true rework queue doi__10.1186_s13568-014-0050-y
[3/50] true rework queue doi__10.1186_s13568-014-0078-z
[4/50] true rework queue doi__10.1186_s13568-016-0295-8
[5/50] true rework queue doi__10.1186_s13568-016-0315-8
[6/50] true rework queue doi__10.1186_s13568-017-0345-x
[7/50] true rework queue doi__10.1186_s13568-017-0409-y
[8/50] true rework queue doi__10.1186_s13568-017-0430-1
[9/50] true rework queue doi__10.1186_s13568-017-0497-8
[10/50] true rework queue doi__10.1186_s13568-018-0710-4
[11/50] true rework queue doi__10.1186_s13568-019-0739-z
[12/50] true rework queue doi__10.1186_s13568-019-0843-0
[13/50] true rework queue doi__10.1186_s13568-020-01139-8
[14/50] true rework queue doi__10.1186_s13568-021-01272-y
[15/50] true rework queue doi__10.1186_s40064-016-1854-9
[16/50] true rework queue doi__10.1186_s40104-019-0367-0
[17/50] true rework queue doi__10.1186_s40168-023-01521-1
[18/50] true rework queue doi__10.1186_s40168-024-01985-9
[19/50] true rework queue doi__10.1186_s40168-025-02145-3
[20/50] true rework queue doi__10.1186_s40360-019-0309-7
[21/50] true rework queue doi__10.1186_s40409-016-0058-7
[22/50] true rework queue doi__10.1186_s40409-016-0070-y
[23/50] true rework queue doi__10.1186_s40409-017-0094-y
[24/50] true rework queue doi__10.1186_s40409-017-0119-6
[25/50] true rework queue doi__10.1186_s40409-017-0130-y
[26/50] true rework queue doi__10.1186_s43141-022-00366-9
[27/50] true rework queue doi__10.1242_dmm.007310
[28/50] true rework queue doi__10.1371_journal.pbio.0030038
[29/50] true rework queue doi__10.1371_journal.pbio.3000337
[30/50] true rework queue doi__10.1371_journal.pcbi.1003212
[31/50] true rework queue doi__10.1371_journal.pcbi.1004074
[32/50] true rework queue doi__10.1371_journal.pgen.1000740
[33/50] true rework queue doi__10.1371_journal.pgen.1003662
[34/50] true rework queue doi__10.1371_journal.pgen.1007440
[35/50] true rework queue doi__10.1371_journal.pntd.0000721
[36/50] true rework queue doi__10.1371_journal.pntd.0001141
[37/50] true rework queue doi__10.1371_journal.pntd.0002307
[38/50] true rework queue doi__10.1371_journal.pntd.0007217
[39/50] true rework queue doi__10.1371_journal.pone.0000201
[40/50] true rework queue doi__10.1371_journal.pone.0003217
[41/50] true rework queue doi__10.1371_journal.pone.0007191
[42/50] true rework queue doi__10.1371_journal.pone.0007517
[43/50] true rework queue doi__10.1371_journal.pone.0008926
[44/50] true rework queue doi__10.1371_journal.pone.0009505
[45/50] true rework queue doi__10.1371_journal.pone.0012684
[46/50] true rework queue doi__10.1371_journal.pone.0013480
[47/50] true rework queue doi__10.1371_journal.pone.0016400
[48/50] true rework queue doi__10.1371_journal.pone.0017898
[49/50] true rework queue doi__10.1371_journal.pone.0018550
[50/50] true rework queue doi__10.1371_journal.pone.0018756
{
  "ok": true,
  "summary_path": "/root/work/抗菌肽/数据库/batch/4-team/reports/true_rework_queue_queue_next500_1800_lane9_20260503T214059Z.json",
  "latest_path": "/root/work/抗菌肽/数据库/batch/4-team/reports/true_rework_queue_queue_next500_1800_lane9_latest.json",
  "terminal_status_counts": {
    "accepted_after_rework": 45,
    "blocked_after_best_effort": 5
  },
  "result_status_counts": {
    "accepted_after_rework": 45,
    "blocked_watchdog_timeout_retryable": 1,
    "blocked_missing_external_supplement": 3,
    "blocked_figure_chart_value_gap": 1
  }
}
