[1/20] true rework queue doi__10.1021_acsomega.0c00189
[2/20] true rework queue doi__10.1021_acsomega.0c00442
[3/20] true rework queue doi__10.1021_acsomega.0c01065
[4/20] true rework queue doi__10.1021_acsomega.0c01462
[5/20] true rework queue doi__10.1021_acsomega.0c02088
[6/20] true rework queue doi__10.1021_acsomega.1c00020
[7/20] true rework queue doi__10.1021_acsomega.1c01854
[8/20] true rework queue doi__10.1021_acsomega.1c07160
[9/20] true rework queue doi__10.1021_acsomega.2c01089
[10/20] true rework queue doi__10.1021_acsomega.2c02203
[11/20] true rework queue doi__10.1021_acsomega.2c02778
[12/20] true rework queue doi__10.1021_acsomega.3c07455
[13/20] true rework queue doi__10.1021_acsomega.4c01277
[14/20] true rework queue doi__10.1021_acsomega.4c01577
[15/20] true rework queue doi__10.1021_acsomega.4c09054
[16/20] true rework queue doi__10.1021_acsomega.5c07214
[17/20] true rework queue doi__10.1021_acsomega.8b01876
[18/20] true rework queue doi__10.1021_acsomega.9b02201
[19/20] true rework queue doi__10.1021_acsomega.9b02278
[20/20] true rework queue doi__10.1021_acsomega.9b03307
{
  "ok": true,
  "summary_path": "/root/work/抗菌肽/数据库/batch/4-team/reports/true_rework_queue_queue_next100_1800_lane3_20260502T135235Z.json",
  "latest_path": "/root/work/抗菌肽/数据库/batch/4-team/reports/true_rework_queue_queue_next100_1800_lane3_latest.json",
  "terminal_status_counts": {
    "accepted_after_rework": 18,
    "blocked_after_best_effort": 2
  },
  "result_status_counts": {
    "accepted_after_rework": 18,
    "blocked_activity_table_extraction_gap": 1,
    "blocked_figure_chart_value_gap": 1
  }
}
