[1/50] true rework queue doi__10.1126_sciadv.adf8782
[2/50] true rework queue doi__10.1126_sciadv.adg3683
[3/50] true rework queue doi__10.1126_sciadv.adp7171
[4/50] true rework queue doi__10.1126_science.abd9909
[5/50] true rework queue doi__10.1126_science.abf4058
[6/50] true rework queue doi__10.1126_science.abf4896
[7/50] true rework queue doi__10.1128_aac.00311-24
[8/50] true rework queue doi__10.1128_aac.00338-19
[9/50] true rework queue doi__10.1128_aac.00424-24
[10/50] true rework queue doi__10.1128_aac.00876-20
[11/50] true rework queue doi__10.1128_aac.00904-21
[12/50] true rework queue doi__10.1128_aac.01016-18
[13/50] true rework queue doi__10.1128_aac.01343-25
[14/50] true rework queue doi__10.1128_aac.02204-18
[15/50] true rework queue doi__10.1128_aac.02241-16
[16/50] true rework queue doi__10.1128_aac.02367-17
[17/50] true rework queue doi__10.1128_aac.02690-18
[18/50] true rework queue doi__10.1128_iai.00361-22
[19/50] true rework queue doi__10.1128_jb.00529-19
[20/50] true rework queue doi__10.1128_jvi.00635-20
[21/50] true rework queue doi__10.1128_mbio.00226-19
[22/50] true rework queue doi__10.1128_mbio.00498-13
[23/50] true rework queue doi__10.1128_mbio.00802-18
[24/50] true rework queue doi__10.1128_mbio.01821-19
[25/50] true rework queue doi__10.1128_mbio.01935-20
[26/50] true rework queue doi__10.1128_mbio.02021-19
[27/50] true rework queue doi__10.1128_mbio.02451-20
[28/50] true rework queue doi__10.1128_mbio.03258-19
[29/50] true rework queue doi__10.1128_msphere.00390-17
[30/50] true rework queue doi__10.1128_msystems.00047-20
[31/50] true rework queue doi__10.1128_msystems.01358-23
[32/50] true rework queue doi__10.1128_spectrum.01050-24
[33/50] true rework queue doi__10.1128_spectrum.01312-22
[34/50] true rework queue doi__10.1128_spectrum.01318-21
[35/50] true rework queue doi__10.1128_spectrum.01535-21
[36/50] true rework queue doi__10.1128_spectrum.01583-22
[37/50] true rework queue doi__10.1128_spectrum.01584-21
[38/50] true rework queue doi__10.1128_spectrum.01664-21
[39/50] true rework queue doi__10.1128_spectrum.01827-23
[40/50] true rework queue doi__10.1128_spectrum.02013-21
[41/50] true rework queue doi__10.1128_spectrum.02306-23
[42/50] true rework queue doi__10.1128_spectrum.02515-21
[43/50] true rework queue doi__10.1128_spectrum.02523-24
[44/50] true rework queue doi__10.1128_spectrum.03089-22
[45/50] true rework queue doi__10.1128_spectrum.03206-22
[46/50] true rework queue doi__10.1128_spectrum.03339-23
[47/50] true rework queue doi__10.1128_spectrum.03853-22
[48/50] true rework queue doi__10.1128_spectrum.05210-22
[49/50] true rework queue doi__10.1128_spectrum.05319-22
[50/50] true rework queue doi__10.1136_jitc-2021-004129
{
  "ok": true,
  "summary_path": "/root/work/抗菌肽/数据库/batch/4-team/reports/true_rework_queue_queue_next500_1800_lane6_20260503T213554Z.json",
  "latest_path": "/root/work/抗菌肽/数据库/batch/4-team/reports/true_rework_queue_queue_next500_1800_lane6_latest.json",
  "terminal_status_counts": {
    "accepted_after_rework": 45,
    "blocked_after_best_effort": 5
  },
  "result_status_counts": {
    "accepted_after_rework": 45,
    "infrastructure_codex_worker_retry_exhausted": 3,
    "blocked_watchdog_timeout_retryable": 1,
    "blocked_figure_chart_value_gap": 1
  }
}
