[1/20] true rework queue doi__10.1038_msb4100049
[2/20] true rework queue doi__10.1038_nchembio.215
[3/20] true rework queue doi__10.1038_ncomms4067
[4/20] true rework queue doi__10.1038_ncomms6573
[5/20] true rework queue doi__10.1038_s41392-021-00698-x
[6/20] true rework queue doi__10.1038_s41396-018-0293-8
[7/20] true rework queue doi__10.1038_s41421-020-0171-1
[8/20] true rework queue doi__10.1038_s41422-020-0305-x
[9/20] true rework queue doi__10.1038_s41422-022-00617-x
[10/20] true rework queue doi__10.1038_s41423-020-0374-2
[11/20] true rework queue doi__10.1038_s41467-017-00419-5
[12/20] true rework queue doi__10.1038_s41467-018-03746-3
[13/20] true rework queue doi__10.1038_s41467-018-05781-6
[14/20] true rework queue doi__10.1038_s41467-019-10754-4
[15/20] true rework queue doi__10.1038_s41467-019-11503-3
[16/20] true rework queue doi__10.1038_s41467-020-16950-x
[17/20] true rework queue doi__10.1038_s41467-020-17736-x
[18/20] true rework queue doi__10.1038_s41467-020-17986-9
[19/20] true rework queue doi__10.1038_s41467-021-21825-w
[20/20] true rework queue doi__10.1038_s41467-021-27655-0
{
  "ok": true,
  "summary_path": "/root/work/抗菌肽/数据库/batch/4-team/reports/true_rework_queue_queue_next100_1800_lane5_20260502T125331Z.json",
  "latest_path": "/root/work/抗菌肽/数据库/batch/4-team/reports/true_rework_queue_queue_next100_1800_lane5_latest.json",
  "terminal_status_counts": {
    "blocked_after_best_effort": 12,
    "accepted_after_rework": 8
  },
  "result_status_counts": {
    "blocked_missing_external_supplement": 1,
    "accepted_after_rework": 8,
    "blocked_activity_table_extraction_gap": 7,
    "blocked_watchdog_timeout_retryable": 4
  }
}
