[1/50] true rework queue doi__10.1038_s41598-022-15977-y
[2/50] true rework queue doi__10.1038_s41598-022-16303-2
[3/50] true rework queue doi__10.1038_s41598-022-19450-8
[4/50] true rework queue doi__10.1038_s41598-022-20236-1
[5/50] true rework queue doi__10.1038_s41598-022-20427-w
[6/50] true rework queue doi__10.1038_s41598-022-23613-y
[7/50] true rework queue doi__10.1038_s41598-023-28386-6
[8/50] true rework queue doi__10.1038_s41598-023-28502-6
[9/50] true rework queue doi__10.1038_s41598-023-30427-z
[10/50] true rework queue doi__10.1038_s41598-023-31185-8
[11/50] true rework queue doi__10.1038_s41598-023-39785-0
[12/50] true rework queue doi__10.1038_s41598-023-41581-9
[13/50] true rework queue doi__10.1038_s41598-023-41945-1
[14/50] true rework queue doi__10.1038_s41598-023-43274-9
[15/50] true rework queue doi__10.1038_s41598-023-45875-w
[16/50] true rework queue doi__10.1038_s41598-024-52721-0
[17/50] true rework queue doi__10.1038_s41598-024-53662-4
[18/50] true rework queue doi__10.1038_s41598-024-60246-9
[19/50] true rework queue doi__10.1038_s41598-024-63552-4
[20/50] true rework queue doi__10.1038_s41598-024-67777-1
[21/50] true rework queue doi__10.1038_s41598-024-76553-0
[22/50] true rework queue doi__10.1038_s41598-025-18026-6
[23/50] true rework queue doi__10.1038_s42003-020-01420-3
[24/50] true rework queue doi__10.1038_s42003-020-01511-1
[25/50] true rework queue doi__10.1038_s42003-020-0761-3
[26/50] true rework queue doi__10.1038_s42003-021-01736-8
[27/50] true rework queue doi__10.1038_s42003-022-03899-4
[28/50] true rework queue doi__10.1038_s42003-022-04164-4
[29/50] true rework queue doi__10.1038_s42003-022-04385-7
[30/50] true rework queue doi__10.1038_s42003-023-05560-0
[31/50] true rework queue doi__10.1038_s42003-024-07216-z
[32/50] true rework queue doi__10.1038_s42256-025-01119-2
[33/50] true rework queue doi__10.1038_s44259-025-00121-3
[34/50] true rework queue doi__10.1038_s44319-024-00277-5
[35/50] true rework queue doi__10.1038_s44320-025-00120-6
[36/50] true rework queue doi__10.1038_srep04900
[37/50] true rework queue doi__10.1038_srep09127
[38/50] true rework queue doi__10.1038_srep09216
[39/50] true rework queue doi__10.1038_srep09388
[40/50] true rework queue doi__10.1038_srep09657
[41/50] true rework queue doi__10.1038_srep09761
[42/50] true rework queue doi__10.1038_srep10558
[43/50] true rework queue doi__10.1038_srep11082
[44/50] true rework queue doi__10.1038_srep11951
[45/50] true rework queue doi__10.1038_srep12048
[46/50] true rework queue doi__10.1038_srep13412
[47/50] true rework queue doi__10.1038_srep13595
[48/50] true rework queue doi__10.1038_srep14569
[49/50] true rework queue doi__10.1038_srep15963
[50/50] true rework queue doi__10.1038_srep17260
{
  "ok": true,
  "summary_path": "/root/work/抗菌肽/数据库/batch/4-team/reports/true_rework_queue_queue_next500_1800_lane3_20260503T225410Z.json",
  "latest_path": "/root/work/抗菌肽/数据库/batch/4-team/reports/true_rework_queue_queue_next500_1800_lane3_latest.json",
  "terminal_status_counts": {
    "accepted_after_rework": 39,
    "blocked_after_best_effort": 11
  },
  "result_status_counts": {
    "accepted_after_rework": 39,
    "blocked_figure_chart_value_gap": 2,
    "blocked_watchdog_timeout_retryable": 5,
    "blocked_rework_cap_unresolved": 1,
    "blocked_missing_external_supplement": 2,
    "infrastructure_codex_worker_retry_exhausted": 1
  }
}
