[1/20] true rework queue doi__10.1017_s0031182017000506
[2/20] true rework queue doi__10.1021_acs.biochem.0c00565
[3/20] true rework queue doi__10.1021_acs.inorgchem.1c02101
[4/20] true rework queue doi__10.1021_acs.jafc.1c08139
[5/20] true rework queue doi__10.1021_acs.jafc.5c02065
[6/20] true rework queue doi__10.1021_acs.jmedchem.1c00477
[7/20] true rework queue doi__10.1021_acs.jmedchem.1c00795
[8/20] true rework queue doi__10.1021_acs.jmedchem.1c01033
[9/20] true rework queue doi__10.1021_acs.jmedchem.2c00061
[10/20] true rework queue doi__10.1021_acs.jmedchem.2c00270
[11/20] true rework queue doi__10.1021_acs.jmedchem.2c01469
[12/20] true rework queue doi__10.1021_acs.jmedchem.3c00460
[13/20] true rework queue doi__10.1021_acs.jmedchem.4c00912
[14/20] true rework queue doi__10.1021_acs.jmedchem.4c01768
[15/20] true rework queue doi__10.1021_acs.jmedchem.5b01593
[16/20] true rework queue doi__10.1021_acs.jmedchem.5c01193
[17/20] true rework queue doi__10.1021_acs.jmedchem.7b01732
[18/20] true rework queue doi__10.1021_acs.jmedchem.8b00890
[19/20] true rework queue doi__10.1021_acs.jmedchem.9b01078
[20/20] true rework queue doi__10.1021_acs.jnatprod.0c01104
{
  "ok": true,
  "summary_path": "/root/work/抗菌肽/数据库/batch/4-team/reports/true_rework_queue_queue_next100_1800_lane1_20260502T140255Z.json",
  "latest_path": "/root/work/抗菌肽/数据库/batch/4-team/reports/true_rework_queue_queue_next100_1800_lane1_latest.json",
  "terminal_status_counts": {
    "accepted_after_rework": 16,
    "blocked_after_best_effort": 4
  },
  "result_status_counts": {
    "accepted_after_rework": 16,
    "blocked_activity_table_extraction_gap": 3,
    "blocked_watchdog_timeout_retryable": 1
  }
}
