[1/50] true rework queue doi__10.1038_srep18355
[2/50] true rework queue doi__10.1038_srep20823
[3/50] true rework queue doi__10.1038_srep20832
[4/50] true rework queue doi__10.1038_srep21385
[5/50] true rework queue doi__10.1038_srep22008
[6/50] true rework queue doi__10.1038_srep22875
[7/50] true rework queue doi__10.1038_srep24000
[8/50] true rework queue doi__10.1038_srep24684
[9/50] true rework queue doi__10.1038_srep26077
[10/50] true rework queue doi__10.1038_srep27258
[11/50] true rework queue doi__10.1038_srep27394
[12/50] true rework queue doi__10.1038_srep29145
[13/50] true rework queue doi__10.1038_srep29707
[14/50] true rework queue doi__10.1038_srep32121
[15/50] true rework queue doi__10.1038_srep35019
[16/50] true rework queue doi__10.1038_srep35347
[17/50] true rework queue doi__10.1038_srep35465
[18/50] true rework queue doi__10.1038_srep39925
[19/50] true rework queue doi__10.1038_srep40228
[20/50] true rework queue doi__10.1038_srep40854
[21/50] true rework queue doi__10.1038_srep41772
[22/50] true rework queue doi__10.1038_srep42994
[23/50] true rework queue doi__10.1038_srep43384
[24/50] true rework queue doi__10.1038_srep43610
[25/50] true rework queue doi__10.1038_srep44278
[26/50] true rework queue doi__10.1038_srep45282
[27/50] true rework queue doi__10.1038_srep46541
[28/50] true rework queue doi__10.1039_c7sc01599b
[29/50] true rework queue doi__10.1039_c8cc05790g
[30/50] true rework queue doi__10.1039_c8ra08065h
[31/50] true rework queue doi__10.1039_c9md00031c
[32/50] true rework queue doi__10.1039_c9ra00708c
[33/50] true rework queue doi__10.1039_d1cb00124h
[34/50] true rework queue doi__10.1039_d1ra04882a
[35/50] true rework queue doi__10.1039_d1sc01713f
[36/50] true rework queue doi__10.1039_d1sc03628a
[37/50] true rework queue doi__10.1039_d1sc05662j
[38/50] true rework queue doi__10.1039_d1sc06998e
[39/50] true rework queue doi__10.1039_d1sc07190d
[40/50] true rework queue doi__10.1039_d3ra02473c
[41/50] true rework queue doi__10.1039_d3ra04100j
[42/50] true rework queue doi__10.1039_d3ra08313f
[43/50] true rework queue doi__10.1039_d4md00383g
[44/50] true rework queue doi__10.1039_d4sc06689h
[45/50] true rework queue doi__10.1042_bsr20150060
[46/50] true rework queue doi__10.1042_bsr20170967
[47/50] true rework queue doi__10.1042_bsr20180710
[48/50] true rework queue doi__10.1042_bsr20200019
[49/50] true rework queue doi__10.1073_pnas.1500553112
[50/50] true rework queue doi__10.1073_pnas.1817376116
{
  "ok": true,
  "summary_path": "/root/work/抗菌肽/数据库/batch/4-team/reports/true_rework_queue_queue_next500_1800_lane4_20260503T221956Z.json",
  "latest_path": "/root/work/抗菌肽/数据库/batch/4-team/reports/true_rework_queue_queue_next500_1800_lane4_latest.json",
  "terminal_status_counts": {
    "accepted_after_rework": 47,
    "blocked_after_best_effort": 3
  },
  "result_status_counts": {
    "accepted_after_rework": 47,
    "infrastructure_codex_worker_retry_exhausted": 1,
    "blocked_rework_cap_unresolved": 1,
    "blocked_watchdog_timeout_retryable": 1
  }
}
