[1/7] true rework queue doi__10.1002_cbic.202100609
[2/7] true rework queue doi__10.1002_cmdc.202200291
[3/7] true rework queue doi__10.1007_s00018-020-03755-w
[4/7] true rework queue doi__10.1007_s00253-020-10685-x
[5/7] true rework queue doi__10.1007_s12602-018-9501-0
[6/7] true rework queue doi__10.1016_j.bbrep.2024.101747
[7/7] true rework queue doi__10.1016_j.biomaterials.2013.01.075
{
  "ok": true,
  "summary_path": "/root/work/抗菌肽/数据库/batch/4-team/reports/true_rework_queue_queue100_timeout1800_lane1_20260502T035541Z.json",
  "latest_path": "/root/work/抗菌肽/数据库/batch/4-team/reports/true_rework_queue_queue100_timeout1800_lane1_latest.json",
  "terminal_status_counts": {
    "blocked_after_best_effort": 3,
    "accepted_after_rework": 4
  },
  "result_status_counts": {
    "blocked_figure_chart_value_gap": 2,
    "accepted_after_rework": 4,
    "blocked_missing_external_supplement": 1
  }
}
