[1/7] true rework queue doi__10.1016_j.ebiom.2020.102775
[2/7] true rework queue doi__10.1016_j.fob.2014.01.007
[3/7] true rework queue doi__10.1016_j.heliyon.2021.e07980
[4/7] true rework queue doi__10.1016_j.isci.2020.101785
[5/7] true rework queue doi__10.1016_j.isci.2021.102480
[6/7] true rework queue doi__10.1016_j.isci.2024.110404
[7/7] true rework queue doi__10.1016_j.isci.2025.113286
{
  "ok": true,
  "summary_path": "/root/work/抗菌肽/数据库/batch/4-team/reports/true_rework_queue_queue100_timeout1800_lane3_20260502T043439Z.json",
  "latest_path": "/root/work/抗菌肽/数据库/batch/4-team/reports/true_rework_queue_queue100_timeout1800_lane3_latest.json",
  "terminal_status_counts": {
    "accepted_after_rework": 6,
    "blocked_after_best_effort": 1
  },
  "result_status_counts": {
    "accepted_after_rework": 6,
    "blocked_activity_table_extraction_gap": 1
  }
}
