[1/50] true rework queue doi__10.1073_pnas.1909585117
[2/50] true rework queue doi__10.1073_pnas.2007036117
[3/50] true rework queue doi__10.1073_pnas.2123379119
[4/50] true rework queue doi__10.1073_pnas.2210990119
[5/50] true rework queue doi__10.1073_pnas.2219392120
[6/50] true rework queue doi__10.1073_pnas.2219679120
[7/50] true rework queue doi__10.1074_jbc.m109.036459
[8/50] true rework queue doi__10.1074_jbc.m113.459560
[9/50] true rework queue doi__10.1080_14756366.2020.1819258
[10/50] true rework queue doi__10.1080_19490976.2024.2387139
[11/50] true rework queue doi__10.1080_19490976.2025.2523811
[12/50] true rework queue doi__10.1080_22221751.2021.1937329
[13/50] true rework queue doi__10.1080_22221751.2022.2051753
[14/50] true rework queue doi__10.1083_jcb.118.4.929
[15/50] true rework queue doi__10.1084_jem.143.6.1540
[16/50] true rework queue doi__10.1084_jem.176.1.59
[17/50] true rework queue doi__10.1084_jem.70.1.1
[18/50] true rework queue doi__10.1084_jem.70.3.249
[19/50] true rework queue doi__10.1085_jgp.115.5.583
[20/50] true rework queue doi__10.1093_bib_bbag115
[21/50] true rework queue doi__10.1093_ecam_neh033
[22/50] true rework queue doi__10.1093_gerona_glq129
[23/50] true rework queue doi__10.1093_infdis_jiv325
[24/50] true rework queue doi__10.1093_jac_dkq165
[25/50] true rework queue doi__10.1093_jac_dkx395
[26/50] true rework queue doi__10.1093_jac_dky386
[27/50] true rework queue doi__10.1093_jambio_lxaf031
[28/50] true rework queue doi__10.1093_mmy_myaa015
[29/50] true rework queue doi__10.1093_molbev_msn208
[30/50] true rework queue doi__10.1093_nar_gkaa278
[31/50] true rework queue doi__10.1093_nar_gkae567
[32/50] true rework queue doi__10.1093_nar_gkn823
[33/50] true rework queue doi__10.1093_pnasnexus_pgae419
[34/50] true rework queue doi__10.1093_protein_gzs104
[35/50] true rework queue doi__10.1096_fj.202001885rr
[36/50] true rework queue doi__10.1097_md.0000000000012832
[37/50] true rework queue doi__10.1098_rsob.240286
[38/50] true rework queue doi__10.1098_rsos.201822
[39/50] true rework queue doi__10.1099_jgv.0.001453
[40/50] true rework queue doi__10.1101_gr.171264.113
[41/50] true rework queue doi__10.1111_1462-2920.15145
[42/50] true rework queue doi__10.1111_1751-7915.13484
[43/50] true rework queue doi__10.1111_cbdd.70193
[44/50] true rework queue doi__10.1111_j.1582-4934.2008.00129.x
[45/50] true rework queue doi__10.1111_j.1582-4934.2008.00341.x
[46/50] true rework queue doi__10.1111_jcmm.14032
[47/50] true rework queue doi__10.1111_mpp.13458
[48/50] true rework queue doi__10.1126_sciadv.aav4580
[49/50] true rework queue doi__10.1126_sciadv.aax1946
[50/50] true rework queue doi__10.1126_sciadv.ade0008
{
  "ok": true,
  "summary_path": "/root/work/抗菌肽/数据库/batch/4-team/reports/true_rework_queue_queue_next500_1800_lane5_20260503T220823Z.json",
  "latest_path": "/root/work/抗菌肽/数据库/batch/4-team/reports/true_rework_queue_queue_next500_1800_lane5_latest.json",
  "terminal_status_counts": {
    "accepted_after_rework": 43,
    "blocked_after_best_effort": 7
  },
  "result_status_counts": {
    "accepted_after_rework": 43,
    "infrastructure_codex_worker_retry_exhausted": 4,
    "blocked_figure_chart_value_gap": 2,
    "blocked_missing_external_supplement": 1
  }
}
