[1/20] true rework queue doi__10.1002_cmdc.201900465
[2/20] true rework queue doi__10.1002_advs.202205301
[3/20] true rework queue doi__10.1002_advs.202401793
[4/20] true rework queue doi__10.1002_cbic.202100609
[5/20] true rework queue doi__10.1002_cbic.202100151
[6/20] true rework queue doi__10.1002_cmdc.201600498
[7/20] true rework queue doi__10.1002_cmdc.202200291
[8/20] true rework queue doi__10.1002_gch2.202200213
[9/20] true rework queue doi__10.1002_anie.201901589
[10/20] true rework queue doi__10.1002_advs.202507457
[11/20] true rework queue doi__10.1002_advs.202516470
[12/20] true rework queue doi__10.1002_mbo3.606
[13/20] true rework queue doi__10.1002_mlf2.12123
[14/20] true rework queue doi__10.1002_open.201800130
[15/20] true rework queue doi__10.1002_pep2.24269
[16/20] true rework queue doi__10.1002_pld3.42
[17/20] true rework queue doi__10.1002_pro.5088
[18/20] true rework queue doi__10.1007_s00018-020-03755-w
[19/20] true rework queue doi__10.1007_s00018-022-04440-w
[20/20] true rework queue doi__10.1007_s00018-023-04795-8
{
  "ok": true,
  "summary_path": "/root/work/抗菌肽/数据库/batch/4-team/reports/true_rework_queue_queue100_obtainable_lane1_20260501T192806Z.json",
  "latest_path": "/root/work/抗菌肽/数据库/batch/4-team/reports/true_rework_queue_queue100_obtainable_lane1_latest.json",
  "terminal_status_counts": {
    "accepted_after_rework": 17,
    "blocked_after_best_effort": 3
  }
}
