[1/20] true rework queue doi__10.1007_s12602-025-10542-1
[2/20] true rework queue doi__10.1007_s13238-014-0061-0
[3/20] true rework queue doi__10.1007_s13659-014-0037-z
[4/20] true rework queue doi__10.1016_j.antiviral.2005.10.005
[5/20] true rework queue doi__10.1016_j.antiviral.2008.10.001
[6/20] true rework queue doi__10.1016_j.antiviral.2013.11.013
[7/20] true rework queue doi__10.1016_j.antiviral.2017.11.021
[8/20] true rework queue doi__10.1016_j.antiviral.2022.105270
[9/20] true rework queue doi__10.1016_j.apsb.2021.07.026
[10/20] true rework queue doi__10.1016_j.bbrc.2004.04.141
[11/20] true rework queue doi__10.1016_j.bbrc.2004.05.046
[12/20] true rework queue doi__10.1016_j.bbrep.2024.101747
[13/20] true rework queue doi__10.1016_j.biomaterials.2013.01.075
[14/20] true rework queue doi__10.1016_j.biomaterials.2013.12.049
[15/20] true rework queue doi__10.1016_j.btre.2020.e00583
[16/20] true rework queue doi__10.1016_j.cell.2024.07.027
[17/20] true rework queue doi__10.1016_j.celrep.2020.108254
[18/20] true rework queue doi__10.1016_j.celrep.2021.108959
[19/20] true rework queue doi__10.1016_j.csbj.2021.08.039
[20/20] true rework queue doi__10.1016_j.csbj.2023.05.006
{
  "ok": true,
  "summary_path": "/root/work/抗菌肽/数据库/batch/4-team/reports/true_rework_queue_queue100_obtainable_lane3_20260501T183320Z.json",
  "latest_path": "/root/work/抗菌肽/数据库/batch/4-team/reports/true_rework_queue_queue100_obtainable_lane3_latest.json",
  "terminal_status_counts": {
    "accepted_after_rework": 9,
    "blocked_after_best_effort": 11
  }
}
