[1/20] true rework queue doi__10.1021_acssynbio.1c00161
[2/20] true rework queue doi__10.1021_acssynbio.3c00612
[3/20] true rework queue doi__10.1021_bi5004102
[4/20] true rework queue doi__10.1021_cb500080r
[5/20] true rework queue doi__10.1021_cb500340w
[6/20] true rework queue doi__10.1021_cb500475y
[7/20] true rework queue doi__10.1021_cb900194x
[8/20] true rework queue doi__10.1021_ja402993u
[9/20] true rework queue doi__10.1021_ja410385c
[10/20] true rework queue doi__10.1021_mp400747k
[11/20] true rework queue doi__10.1021_mp5003027
[12/20] true rework queue doi__10.1021_nl5002313
[13/20] true rework queue doi__10.1021_np5003548
[14/20] true rework queue doi__10.1021_np700718p
[15/20] true rework queue doi__10.1021_ol3022758
[16/20] true rework queue doi__10.1038_cddis.2013.401
[17/20] true rework queue doi__10.1038_cddis.2015.118
[18/20] true rework queue doi__10.1038_hdy.2016.117
[19/20] true rework queue doi__10.1038_ja.2010.22
[20/20] true rework queue doi__10.1038_ki.2012.410
{
  "ok": true,
  "summary_path": "/root/work/抗菌肽/数据库/batch/4-team/reports/true_rework_queue_queue_next100_1800_lane4_20260502T135505Z.json",
  "latest_path": "/root/work/抗菌肽/数据库/batch/4-team/reports/true_rework_queue_queue_next100_1800_lane4_latest.json",
  "terminal_status_counts": {
    "accepted_after_rework": 20
  },
  "result_status_counts": {
    "accepted_after_rework": 20
  }
}
