[1/20] true rework queue doi__10.1016_j.jbc.2022.102724
[2/20] true rework queue doi__10.1016_j.jmb.2009.10.032
[3/20] true rework queue doi__10.1016_j.jsps.2023.04.001
[4/20] true rework queue doi__10.1016_j.omtn.2020.05.006
[5/20] true rework queue doi__10.1016_j.omto.2019.12.001
[6/20] true rework queue doi__10.1016_j.peptides.2003.07.025
[7/20] true rework queue doi__10.1016_j.peptides.2008.04.022
[8/20] true rework queue doi__10.1016_j.peptides.2011.05.015
[9/20] true rework queue doi__10.1016_j.psj.2023.102695
[10/20] true rework queue doi__10.1016_j.tibtech.2009.07.004
[11/20] true rework queue doi__10.1016_j.tibtech.2024.09.008
[12/20] true rework queue doi__10.1016_j.toxrep.2015.06.011
[13/20] true rework queue doi__10.1016_j.ultsonch.2021.105676
[14/20] true rework queue doi__10.1016_j.vetmic.2020.108708
[15/20] true rework queue doi__10.1016_j.virol.2006.01.029
[16/20] true rework queue doi__10.1016_j.virol.2010.11.014
[17/20] true rework queue doi__10.1016_j.virol.2017.07.033
[18/20] true rework queue doi__10.1016_j.virusres.2006.03.001
[19/20] true rework queue doi__10.1016_j.yjsbx.2023.100091
[20/20] true rework queue doi__10.1016_s0140-6736(04)15788-7
{
  "ok": false,
  "summary_path": "/root/work/抗菌肽/数据库/batch/4-team/reports/true_rework_queue_queue100_obtainable_lane5_20260501T184537Z.json",
  "latest_path": "/root/work/抗菌肽/数据库/batch/4-team/reports/true_rework_queue_queue100_obtainable_lane5_latest.json",
  "terminal_status_counts": {
    "accepted_after_rework": 6,
    "blocked_after_best_effort": 13,
    "initial_queue_failed": 1
  }
}
