[1/20] true rework queue doi__10.1016_j.csbj.2023.11.031
[2/20] true rework queue doi__10.1016_j.csbj.2024.05.020
[3/20] true rework queue doi__10.1016_j.csbj.2024.09.006
[4/20] true rework queue doi__10.1016_j.dib.2019.104538
[5/20] true rework queue doi__10.1016_j.ebiom.2020.102775
[6/20] true rework queue doi__10.1016_j.fob.2014.01.007
[7/20] true rework queue doi__10.1016_j.heliyon.2021.e07980
[8/20] true rework queue doi__10.1016_j.isci.2020.100999
[9/20] true rework queue doi__10.1016_j.isci.2020.101785
[10/20] true rework queue doi__10.1016_j.isci.2021.102480
[11/20] true rework queue doi__10.1016_j.isci.2024.110404
[12/20] true rework queue doi__10.1016_j.isci.2025.113286
[13/20] true rework queue doi__10.1016_j.jacbts.2020.10.003
[14/20] true rework queue doi__10.1016_j.jare.2024.01.023
[15/20] true rework queue doi__10.1016_j.jare.2024.02.016
[16/20] true rework queue doi__10.1016_j.jare.2024.09.017
[17/20] true rework queue doi__10.1016_j.jare.2025.01.005
[18/20] true rework queue doi__10.1016_j.jare.2025.01.029
[19/20] true rework queue doi__10.1016_j.jbc.2021.100657
[20/20] true rework queue doi__10.1016_j.jbc.2022.101822
{
  "ok": true,
  "summary_path": "/root/work/抗菌肽/数据库/batch/4-team/reports/true_rework_queue_queue100_obtainable_lane4_20260501T192327Z.json",
  "latest_path": "/root/work/抗菌肽/数据库/batch/4-team/reports/true_rework_queue_queue100_obtainable_lane4_latest.json",
  "terminal_status_counts": {
    "blocked_after_best_effort": 17,
    "accepted_after_rework": 3
  }
}
