[1/20] true rework queue doi__10.2147_ijn.s180040
[2/20] true rework queue doi__10.2147_ijn.s187957
[3/20] true rework queue doi__10.2147_ijn.s39491
[4/20] true rework queue doi__10.2147_ijn.s424932
[5/20] true rework queue doi__10.2174_1381612822666161027120518
[6/20] true rework queue doi__10.2174_187152010794728639
[7/20] true rework queue doi__10.24272_j.issn.2095-8137.2018.062
[8/20] true rework queue doi__10.24272_j.issn.2095-8137.2018.070
[9/20] true rework queue doi__10.26181_13211579.v3
[10/20] true rework queue doi__10.3204_pubdb-2020-00345
[11/20] true rework queue doi__10.32607_20758251-2014-6-4-99-109
[12/20] true rework queue doi__10.32607_20758251-2016-8-3-136-146
[13/20] true rework queue doi__10.3389_fbioe.2020.00450
[14/20] true rework queue doi__10.3389_fbioe.2020.552035
[15/20] true rework queue doi__10.3389_fcell.2016.00039
[16/20] true rework queue doi__10.3389_fcell.2016.00086
[17/20] true rework queue doi__10.3389_fchem.2017.00001
[18/20] true rework queue doi__10.3389_fchem.2017.00024
[19/20] true rework queue doi__10.3389_fchem.2017.00051
[20/20] true rework queue doi__10.3389_fchem.2018.00309
{
  "ok": true,
  "summary_path": "/root/work/抗菌肽/数据库/batch/4-team/reports/true_rework_queue_next200_10lane_20260505T152139Z_lane08_20260506T020610Z.json",
  "latest_path": "/root/work/抗菌肽/数据库/batch/4-team/reports/true_rework_queue_next200_10lane_20260505T152139Z_lane08_latest.json",
  "terminal_status_counts": {
    "accepted_after_rework": 20
  },
  "result_status_counts": {
    "accepted_after_rework": 20
  },
  "refined_status_counts": {
    "accepted_after_rework_attempt1": 17,
    "accepted_after_rework_attempt1_with_infra_retry": 3
  },
  "followup_queue_manifest_paths": {
    "infra_recovery": "/root/work/抗菌肽/数据库/batch/4-team/reports/followup_queues/true_rework_queue_next200_10lane_20260505T152139Z_lane08_20260506T020610Z_infra_recovery.json",
    "watchdog_retry": "/root/work/抗菌肽/数据库/batch/4-team/reports/followup_queues/true_rework_queue_next200_10lane_20260505T152139Z_lane08_20260506T020610Z_watchdog_retry.json",
    "source_staging_needed": "/root/work/抗菌肽/数据库/batch/4-team/reports/followup_queues/true_rework_queue_next200_10lane_20260505T152139Z_lane08_20260506T020610Z_source_staging_needed.json",
    "parser_manual_extraction_needed": "/root/work/抗菌肽/数据库/batch/4-team/reports/followup_queues/true_rework_queue_next200_10lane_20260505T152139Z_lane08_20260506T020610Z_parser_manual_extraction_needed.json",
    "owner_context_rework_needed": "/root/work/抗菌肽/数据库/batch/4-team/reports/followup_queues/true_rework_queue_next200_10lane_20260505T152139Z_lane08_20260506T020610Z_owner_context_rework_needed.json"
  },
  "accepted_sample_audit_manifest_path": "/root/work/抗菌肽/数据库/batch/4-team/reports/followup_queues/true_rework_queue_next200_10lane_20260505T152139Z_lane08_20260506T020610Z_accepted_sample_audit.json"
}
