[1/20] true rework queue doi__10.3389_fcimb.2024.1389020
[2/20] true rework queue doi__10.3389_fcimb.2024.1390934
[3/20] true rework queue doi__10.3389_fcimb.2024.1450353
[4/20] true rework queue doi__10.3389_fimmu.2016.00664
[5/20] true rework queue doi__10.3389_fimmu.2017.01111
[6/20] true rework queue doi__10.3389_fimmu.2019.00872
[7/20] true rework queue doi__10.3389_fimmu.2020.00347
[8/20] true rework queue doi__10.3389_fimmu.2021.740620
[9/20] true rework queue doi__10.3389_fimmu.2022.794779
[10/20] true rework queue doi__10.3389_fimmu.2022.811378
[11/20] true rework queue doi__10.3389_fimmu.2022.821070
[12/20] true rework queue doi__10.3389_fimmu.2022.851642
[13/20] true rework queue doi__10.3389_fimmu.2025.1629256
[14/20] true rework queue doi__10.3389_fimmu.2026.1745714
[15/20] true rework queue doi__10.3389_fmicb.2012.00324
[16/20] true rework queue doi__10.3389_fmicb.2013.00332
[17/20] true rework queue doi__10.3389_fmicb.2015.00876
[18/20] true rework queue doi__10.3389_fmicb.2016.01115
[19/20] true rework queue doi__10.3389_fmicb.2016.01140
[20/20] true rework queue doi__10.3389_fmicb.2016.01484
{
  "ok": true,
  "summary_path": "/root/work/抗菌肽/数据库/batch/4-team/reports/true_rework_queue_next200_10lane_20260505T152139Z_lane10_20260506T055218Z.json",
  "latest_path": "/root/work/抗菌肽/数据库/batch/4-team/reports/true_rework_queue_next200_10lane_20260505T152139Z_lane10_latest.json",
  "terminal_status_counts": {
    "accepted_after_rework": 20
  },
  "result_status_counts": {
    "accepted_after_rework": 20
  },
  "refined_status_counts": {
    "accepted_after_rework_attempt1": 13,
    "accepted_after_rework_attempt1_with_infra_retry": 7
  },
  "followup_queue_manifest_paths": {
    "infra_recovery": "/root/work/抗菌肽/数据库/batch/4-team/reports/followup_queues/true_rework_queue_next200_10lane_20260505T152139Z_lane10_20260506T055218Z_infra_recovery.json",
    "watchdog_retry": "/root/work/抗菌肽/数据库/batch/4-team/reports/followup_queues/true_rework_queue_next200_10lane_20260505T152139Z_lane10_20260506T055218Z_watchdog_retry.json",
    "source_staging_needed": "/root/work/抗菌肽/数据库/batch/4-team/reports/followup_queues/true_rework_queue_next200_10lane_20260505T152139Z_lane10_20260506T055218Z_source_staging_needed.json",
    "parser_manual_extraction_needed": "/root/work/抗菌肽/数据库/batch/4-team/reports/followup_queues/true_rework_queue_next200_10lane_20260505T152139Z_lane10_20260506T055218Z_parser_manual_extraction_needed.json",
    "owner_context_rework_needed": "/root/work/抗菌肽/数据库/batch/4-team/reports/followup_queues/true_rework_queue_next200_10lane_20260505T152139Z_lane10_20260506T055218Z_owner_context_rework_needed.json"
  },
  "accepted_sample_audit_manifest_path": "/root/work/抗菌肽/数据库/batch/4-team/reports/followup_queues/true_rework_queue_next200_10lane_20260505T152139Z_lane10_20260506T055218Z_accepted_sample_audit.json"
}
