[1/20] true rework queue doi__10.1371_journal.pone.0083044
[2/20] true rework queue doi__10.1371_journal.pone.0085515
[3/20] true rework queue doi__10.1371_journal.pone.0086339
[4/20] true rework queue doi__10.1371_journal.pone.0086364
[5/20] true rework queue doi__10.1371_journal.pone.0087730
[6/20] true rework queue doi__10.1371_journal.pone.0090397
[7/20] true rework queue doi__10.1371_journal.pone.0091007
[8/20] true rework queue doi__10.1371_journal.pone.0093216
[9/20] true rework queue doi__10.1371_journal.pone.0095737
[10/20] true rework queue doi__10.1371_journal.pone.0095939
[11/20] true rework queue doi__10.1371_journal.pone.0096222
[12/20] true rework queue doi__10.1371_journal.pone.0097539
[13/20] true rework queue doi__10.1371_journal.pone.0098935
[14/20] true rework queue doi__10.1371_journal.pone.0100670
[15/20] true rework queue doi__10.1371_journal.pone.0101742
[16/20] true rework queue doi__10.1371_journal.pone.0102577
[17/20] true rework queue doi__10.1371_journal.pone.0105441
[18/20] true rework queue doi__10.1371_journal.pone.0105549
[19/20] true rework queue doi__10.1371_journal.pone.0106543
[20/20] true rework queue doi__10.1371_journal.pone.0110221
{
  "ok": true,
  "summary_path": "/root/work/抗菌肽/数据库/batch/4-team/reports/true_rework_queue_next200_10lane_20260505T152139Z_lane01_20260506T053426Z.json",
  "latest_path": "/root/work/抗菌肽/数据库/batch/4-team/reports/true_rework_queue_next200_10lane_20260505T152139Z_lane01_latest.json",
  "terminal_status_counts": {
    "accepted_after_rework": 18,
    "blocked_after_best_effort": 2
  },
  "result_status_counts": {
    "accepted_after_rework": 18,
    "blocked_figure_chart_value_gap": 1,
    "infrastructure_codex_worker_retry_exhausted": 1
  },
  "refined_status_counts": {
    "accepted_after_rework_attempt1": 10,
    "accepted_after_rework_attempt1_with_infra_retry": 8,
    "blocked_source_gap_figure_chart_exact_value": 1,
    "infrastructure_retry_exhausted_worker_nonzero_exit": 1
  },
  "followup_queue_manifest_paths": {
    "infra_recovery": "/root/work/抗菌肽/数据库/batch/4-team/reports/followup_queues/true_rework_queue_next200_10lane_20260505T152139Z_lane01_20260506T053426Z_infra_recovery.json",
    "watchdog_retry": "/root/work/抗菌肽/数据库/batch/4-team/reports/followup_queues/true_rework_queue_next200_10lane_20260505T152139Z_lane01_20260506T053426Z_watchdog_retry.json",
    "source_staging_needed": "/root/work/抗菌肽/数据库/batch/4-team/reports/followup_queues/true_rework_queue_next200_10lane_20260505T152139Z_lane01_20260506T053426Z_source_staging_needed.json",
    "parser_manual_extraction_needed": "/root/work/抗菌肽/数据库/batch/4-team/reports/followup_queues/true_rework_queue_next200_10lane_20260505T152139Z_lane01_20260506T053426Z_parser_manual_extraction_needed.json",
    "owner_context_rework_needed": "/root/work/抗菌肽/数据库/batch/4-team/reports/followup_queues/true_rework_queue_next200_10lane_20260505T152139Z_lane01_20260506T053426Z_owner_context_rework_needed.json"
  },
  "accepted_sample_audit_manifest_path": "/root/work/抗菌肽/数据库/batch/4-team/reports/followup_queues/true_rework_queue_next200_10lane_20260505T152139Z_lane01_20260506T053426Z_accepted_sample_audit.json"
}
