[1/20] true rework queue doi__10.1371_journal.pone.0142451
[2/20] true rework queue doi__10.1371_journal.pone.0144611
[3/20] true rework queue doi__10.1371_journal.pone.0144741
[4/20] true rework queue doi__10.1371_journal.pone.0145854
[5/20] true rework queue doi__10.1371_journal.pone.0149729
[6/20] true rework queue doi__10.1371_journal.pone.0150196
[7/20] true rework queue doi__10.1371_journal.pone.0151639
[8/20] true rework queue doi__10.1371_journal.pone.0151694
[9/20] true rework queue doi__10.1371_journal.pone.0151820
[10/20] true rework queue doi__10.1371_journal.pone.0155304
[11/20] true rework queue doi__10.1371_journal.pone.0159423
[12/20] true rework queue doi__10.1371_journal.pone.0161573
[13/20] true rework queue doi__10.1371_journal.pone.0162007
[14/20] true rework queue doi__10.1371_journal.pone.0162537
[15/20] true rework queue doi__10.1371_journal.pone.0167953
[16/20] true rework queue doi__10.1371_journal.pone.0169582
[17/20] true rework queue doi__10.1371_journal.pone.0169678
[18/20] true rework queue doi__10.1371_journal.pone.0170821
[19/20] true rework queue doi__10.1371_journal.pone.0173783
[20/20] true rework queue doi__10.1371_journal.pone.0174024
{
  "ok": true,
  "summary_path": "/root/work/抗菌肽/数据库/batch/4-team/reports/true_rework_queue_next200_10lane_20260505T152139Z_lane03_20260506T071156Z.json",
  "latest_path": "/root/work/抗菌肽/数据库/batch/4-team/reports/true_rework_queue_next200_10lane_20260505T152139Z_lane03_latest.json",
  "terminal_status_counts": {
    "accepted_after_rework": 19,
    "blocked_after_best_effort": 1
  },
  "result_status_counts": {
    "accepted_after_rework": 19,
    "infrastructure_codex_worker_retry_exhausted": 1
  },
  "refined_status_counts": {
    "accepted_after_rework_attempt1": 13,
    "accepted_after_rework_attempt1_with_infra_retry": 6,
    "infrastructure_retry_exhausted_worker_nonzero_exit": 1
  },
  "followup_queue_manifest_paths": {
    "infra_recovery": "/root/work/抗菌肽/数据库/batch/4-team/reports/followup_queues/true_rework_queue_next200_10lane_20260505T152139Z_lane03_20260506T071156Z_infra_recovery.json",
    "watchdog_retry": "/root/work/抗菌肽/数据库/batch/4-team/reports/followup_queues/true_rework_queue_next200_10lane_20260505T152139Z_lane03_20260506T071156Z_watchdog_retry.json",
    "source_staging_needed": "/root/work/抗菌肽/数据库/batch/4-team/reports/followup_queues/true_rework_queue_next200_10lane_20260505T152139Z_lane03_20260506T071156Z_source_staging_needed.json",
    "parser_manual_extraction_needed": "/root/work/抗菌肽/数据库/batch/4-team/reports/followup_queues/true_rework_queue_next200_10lane_20260505T152139Z_lane03_20260506T071156Z_parser_manual_extraction_needed.json",
    "owner_context_rework_needed": "/root/work/抗菌肽/数据库/batch/4-team/reports/followup_queues/true_rework_queue_next200_10lane_20260505T152139Z_lane03_20260506T071156Z_owner_context_rework_needed.json"
  },
  "accepted_sample_audit_manifest_path": "/root/work/抗菌肽/数据库/batch/4-team/reports/followup_queues/true_rework_queue_next200_10lane_20260505T152139Z_lane03_20260506T071156Z_accepted_sample_audit.json"
}
