[1/20] true rework queue doi__10.21203_rs.3.rs-3535234_v1
[2/20] true rework queue doi__10.21203_rs.3.rs-3789296_v1
[3/20] true rework queue doi__10.21203_rs.3.rs-571433_v1
[4/20] true rework queue doi__10.21203_rs.3.rs-578319_v1
[5/20] true rework queue doi__10.2144_fsoa-2022-0013
[6/20] true rework queue doi__10.2147_dddt.s101212
[7/20] true rework queue doi__10.2147_dddt.s107195
[8/20] true rework queue doi__10.2147_dddt.s121283
[9/20] true rework queue doi__10.2147_dddt.s181188
[10/20] true rework queue doi__10.2147_dddt.s191072
[11/20] true rework queue doi__10.2147_idr.s118877
[12/20] true rework queue doi__10.2147_idr.s165179
[13/20] true rework queue doi__10.2147_idr.s166236
[14/20] true rework queue doi__10.2147_idr.s195872
[15/20] true rework queue doi__10.2147_idr.s199473
[16/20] true rework queue doi__10.2147_idr.s204626
[17/20] true rework queue doi__10.2147_idr.s214057
[18/20] true rework queue doi__10.2147_idr.s218778
[19/20] true rework queue doi__10.2147_ijn.s139625
[20/20] true rework queue doi__10.2147_ijn.s155245
{
  "ok": true,
  "summary_path": "/root/work/抗菌肽/数据库/batch/4-team/reports/true_rework_queue_next200_10lane_20260505T152139Z_lane07_20260506T035339Z.json",
  "latest_path": "/root/work/抗菌肽/数据库/batch/4-team/reports/true_rework_queue_next200_10lane_20260505T152139Z_lane07_latest.json",
  "terminal_status_counts": {
    "accepted_after_rework": 19,
    "blocked_after_best_effort": 1
  },
  "result_status_counts": {
    "accepted_after_rework": 19,
    "blocked_figure_chart_value_gap": 1
  },
  "refined_status_counts": {
    "accepted_after_rework_attempt1": 15,
    "accepted_after_rework_attempt1_with_infra_retry": 4,
    "blocked_source_gap_figure_chart_exact_value": 1
  },
  "followup_queue_manifest_paths": {
    "infra_recovery": "/root/work/抗菌肽/数据库/batch/4-team/reports/followup_queues/true_rework_queue_next200_10lane_20260505T152139Z_lane07_20260506T035339Z_infra_recovery.json",
    "watchdog_retry": "/root/work/抗菌肽/数据库/batch/4-team/reports/followup_queues/true_rework_queue_next200_10lane_20260505T152139Z_lane07_20260506T035339Z_watchdog_retry.json",
    "source_staging_needed": "/root/work/抗菌肽/数据库/batch/4-team/reports/followup_queues/true_rework_queue_next200_10lane_20260505T152139Z_lane07_20260506T035339Z_source_staging_needed.json",
    "parser_manual_extraction_needed": "/root/work/抗菌肽/数据库/batch/4-team/reports/followup_queues/true_rework_queue_next200_10lane_20260505T152139Z_lane07_20260506T035339Z_parser_manual_extraction_needed.json",
    "owner_context_rework_needed": "/root/work/抗菌肽/数据库/batch/4-team/reports/followup_queues/true_rework_queue_next200_10lane_20260505T152139Z_lane07_20260506T035339Z_owner_context_rework_needed.json"
  },
  "accepted_sample_audit_manifest_path": "/root/work/抗菌肽/数据库/batch/4-team/reports/followup_queues/true_rework_queue_next200_10lane_20260505T152139Z_lane07_20260506T035339Z_accepted_sample_audit.json"
}
