[1/20] true rework queue doi__10.3389_fchem.2018.00359
[2/20] true rework queue doi__10.3389_fchem.2018.00394
[3/20] true rework queue doi__10.3389_fchem.2020.00476
[4/20] true rework queue doi__10.3389_fchem.2020.616147
[5/20] true rework queue doi__10.3389_fchem.2021.741290
[6/20] true rework queue doi__10.3389_fchem.2022.1000765
[7/20] true rework queue doi__10.3389_fchem.2022.840131
[8/20] true rework queue doi__10.3389_fchem.2023.1233938
[9/20] true rework queue doi__10.3389_fchem.2025.1579097
[10/20] true rework queue doi__10.3389_fcimb.2018.00242
[11/20] true rework queue doi__10.3389_fcimb.2018.00354
[12/20] true rework queue doi__10.3389_fcimb.2019.00048
[13/20] true rework queue doi__10.3389_fcimb.2019.00128
[14/20] true rework queue doi__10.3389_fcimb.2019.00174
[15/20] true rework queue doi__10.3389_fcimb.2019.00419
[16/20] true rework queue doi__10.3389_fcimb.2020.00450
[17/20] true rework queue doi__10.3389_fcimb.2020.552905
[18/20] true rework queue doi__10.3389_fcimb.2021.752637
[19/20] true rework queue doi__10.3389_fcimb.2022.928220
[20/20] true rework queue doi__10.3389_fcimb.2024.1334378
{
  "ok": true,
  "summary_path": "/root/work/抗菌肽/数据库/batch/4-team/reports/true_rework_queue_next200_10lane_20260505T152139Z_lane09_20260506T041811Z.json",
  "latest_path": "/root/work/抗菌肽/数据库/batch/4-team/reports/true_rework_queue_next200_10lane_20260505T152139Z_lane09_latest.json",
  "terminal_status_counts": {
    "accepted_after_rework": 20
  },
  "result_status_counts": {
    "accepted_after_rework": 20
  },
  "refined_status_counts": {
    "accepted_after_rework_attempt1": 15,
    "accepted_after_rework_attempt1_with_infra_retry": 5
  },
  "followup_queue_manifest_paths": {
    "infra_recovery": "/root/work/抗菌肽/数据库/batch/4-team/reports/followup_queues/true_rework_queue_next200_10lane_20260505T152139Z_lane09_20260506T041811Z_infra_recovery.json",
    "watchdog_retry": "/root/work/抗菌肽/数据库/batch/4-team/reports/followup_queues/true_rework_queue_next200_10lane_20260505T152139Z_lane09_20260506T041811Z_watchdog_retry.json",
    "source_staging_needed": "/root/work/抗菌肽/数据库/batch/4-team/reports/followup_queues/true_rework_queue_next200_10lane_20260505T152139Z_lane09_20260506T041811Z_source_staging_needed.json",
    "parser_manual_extraction_needed": "/root/work/抗菌肽/数据库/batch/4-team/reports/followup_queues/true_rework_queue_next200_10lane_20260505T152139Z_lane09_20260506T041811Z_parser_manual_extraction_needed.json",
    "owner_context_rework_needed": "/root/work/抗菌肽/数据库/batch/4-team/reports/followup_queues/true_rework_queue_next200_10lane_20260505T152139Z_lane09_20260506T041811Z_owner_context_rework_needed.json"
  },
  "accepted_sample_audit_manifest_path": "/root/work/抗菌肽/数据库/batch/4-team/reports/followup_queues/true_rework_queue_next200_10lane_20260505T152139Z_lane09_20260506T041811Z_accepted_sample_audit.json"
}
