[1/20] true rework queue doi__10.1371_journal.pone.0176088
[2/20] true rework queue doi__10.1371_journal.pone.0178785
[3/20] true rework queue doi__10.1371_journal.pone.0186442
[4/20] true rework queue doi__10.1371_journal.pone.0187914
[5/20] true rework queue doi__10.1371_journal.pone.0190778
[6/20] true rework queue doi__10.1371_journal.pone.0196295
[7/20] true rework queue doi__10.1371_journal.pone.0197742
[8/20] true rework queue doi__10.1371_journal.pone.0201571
[9/20] true rework queue doi__10.1371_journal.pone.0201668
[10/20] true rework queue doi__10.1371_journal.pone.0203451
[11/20] true rework queue doi__10.1371_journal.pone.0204042
[12/20] true rework queue doi__10.1371_journal.pone.0205509
[13/20] true rework queue doi__10.1371_journal.pone.0205727
[14/20] true rework queue doi__10.1371_journal.pone.0206578
[15/20] true rework queue doi__10.1371_journal.pone.0212447
[16/20] true rework queue doi__10.1371_journal.pone.0215227
[17/20] true rework queue doi__10.1371_journal.pone.0215703
[18/20] true rework queue doi__10.1371_journal.pone.0216669
[19/20] true rework queue doi__10.1371_journal.pone.0218479
[20/20] true rework queue doi__10.1371_journal.pone.0220656
{
  "ok": true,
  "summary_path": "/root/work/抗菌肽/数据库/batch/4-team/reports/true_rework_queue_next200_10lane_20260505T152139Z_lane04_20260506T024657Z.json",
  "latest_path": "/root/work/抗菌肽/数据库/batch/4-team/reports/true_rework_queue_next200_10lane_20260505T152139Z_lane04_latest.json",
  "terminal_status_counts": {
    "accepted_after_rework": 20
  },
  "result_status_counts": {
    "accepted_after_rework": 20
  },
  "refined_status_counts": {
    "accepted_after_rework_attempt1": 16,
    "accepted_after_rework_attempt1_with_infra_retry": 4
  },
  "followup_queue_manifest_paths": {
    "infra_recovery": "/root/work/抗菌肽/数据库/batch/4-team/reports/followup_queues/true_rework_queue_next200_10lane_20260505T152139Z_lane04_20260506T024657Z_infra_recovery.json",
    "watchdog_retry": "/root/work/抗菌肽/数据库/batch/4-team/reports/followup_queues/true_rework_queue_next200_10lane_20260505T152139Z_lane04_20260506T024657Z_watchdog_retry.json",
    "source_staging_needed": "/root/work/抗菌肽/数据库/batch/4-team/reports/followup_queues/true_rework_queue_next200_10lane_20260505T152139Z_lane04_20260506T024657Z_source_staging_needed.json",
    "parser_manual_extraction_needed": "/root/work/抗菌肽/数据库/batch/4-team/reports/followup_queues/true_rework_queue_next200_10lane_20260505T152139Z_lane04_20260506T024657Z_parser_manual_extraction_needed.json",
    "owner_context_rework_needed": "/root/work/抗菌肽/数据库/batch/4-team/reports/followup_queues/true_rework_queue_next200_10lane_20260505T152139Z_lane04_20260506T024657Z_owner_context_rework_needed.json"
  },
  "accepted_sample_audit_manifest_path": "/root/work/抗菌肽/数据库/batch/4-team/reports/followup_queues/true_rework_queue_next200_10lane_20260505T152139Z_lane04_20260506T024657Z_accepted_sample_audit.json"
}
