[1/20] true rework queue doi__10.1371_journal.ppat.1008082
[2/20] true rework queue doi__10.1371_journal.ppat.1011508
[3/20] true rework queue doi__10.13918_j.issn.2095-8137.2016.6.347
[4/20] true rework queue doi__10.14202_vetworld.2023.1284-1288
[5/20] true rework queue doi__10.15252_emmm.202114499
[6/20] true rework queue doi__10.1590_s1517-83822014000300043
[7/20] true rework queue doi__10.18632_oncotarget.11841
[8/20] true rework queue doi__10.18632_oncotarget.18124
[9/20] true rework queue doi__10.18632_oncotarget.2039
[10/20] true rework queue doi__10.18632_oncotarget.22797
[11/20] true rework queue doi__10.18632_oncotarget.24582
[12/20] true rework queue doi__10.18632_oncotarget.2754
[13/20] true rework queue doi__10.18632_oncotarget.4101
[14/20] true rework queue doi__10.18632_oncotarget.6794
[15/20] true rework queue doi__10.18725_oparu-34849
[16/20] true rework queue doi__10.18725_oparu-38134
[17/20] true rework queue doi__10.21203_rs.3.rs-1856348_v1
[18/20] true rework queue doi__10.21203_rs.3.rs-2194162_v1
[19/20] true rework queue doi__10.21203_rs.3.rs-3457760_v1
[20/20] true rework queue doi__10.21203_rs.3.rs-3491947_v1
{
  "ok": true,
  "summary_path": "/root/work/抗菌肽/数据库/batch/4-team/reports/true_rework_queue_next200_10lane_20260505T152139Z_lane06_20260506T091335Z.json",
  "latest_path": "/root/work/抗菌肽/数据库/batch/4-team/reports/true_rework_queue_next200_10lane_20260505T152139Z_lane06_latest.json",
  "terminal_status_counts": {
    "accepted_after_rework": 17,
    "blocked_after_best_effort": 3
  },
  "result_status_counts": {
    "accepted_after_rework": 17,
    "blocked_figure_chart_value_gap": 1,
    "infrastructure_codex_worker_retry_exhausted": 2
  },
  "refined_status_counts": {
    "accepted_after_rework_attempt1": 10,
    "accepted_after_rework_attempt1_with_infra_retry": 7,
    "blocked_source_gap_figure_chart_exact_value": 1,
    "infrastructure_retry_exhausted_worker_nonzero_exit": 2
  },
  "followup_queue_manifest_paths": {
    "infra_recovery": "/root/work/抗菌肽/数据库/batch/4-team/reports/followup_queues/true_rework_queue_next200_10lane_20260505T152139Z_lane06_20260506T091335Z_infra_recovery.json",
    "watchdog_retry": "/root/work/抗菌肽/数据库/batch/4-team/reports/followup_queues/true_rework_queue_next200_10lane_20260505T152139Z_lane06_20260506T091335Z_watchdog_retry.json",
    "source_staging_needed": "/root/work/抗菌肽/数据库/batch/4-team/reports/followup_queues/true_rework_queue_next200_10lane_20260505T152139Z_lane06_20260506T091335Z_source_staging_needed.json",
    "parser_manual_extraction_needed": "/root/work/抗菌肽/数据库/batch/4-team/reports/followup_queues/true_rework_queue_next200_10lane_20260505T152139Z_lane06_20260506T091335Z_parser_manual_extraction_needed.json",
    "owner_context_rework_needed": "/root/work/抗菌肽/数据库/batch/4-team/reports/followup_queues/true_rework_queue_next200_10lane_20260505T152139Z_lane06_20260506T091335Z_owner_context_rework_needed.json"
  },
  "accepted_sample_audit_manifest_path": "/root/work/抗菌肽/数据库/batch/4-team/reports/followup_queues/true_rework_queue_next200_10lane_20260505T152139Z_lane06_20260506T091335Z_accepted_sample_audit.json"
}
