[1/12] true rework queue doi__10.1002_advs.202401793
[2/12] true rework queue doi__10.1002_cmdc.202200291
[3/12] true rework queue doi__10.1002_advs.202516470
[4/12] true rework queue doi__10.1002_pep2.24269
[5/12] true rework queue doi__10.1007_s00018-022-04440-w
[6/12] true rework queue doi__10.1007_s00253-020-10685-x
[7/12] true rework queue doi__10.1007_s00438-026-02390-7
[8/12] true rework queue doi__10.1007_s00726-018-2575-x
[9/12] true rework queue doi__10.1007_s10989-015-9494-4
[10/12] true rework queue doi__10.1007_s12602-018-9501-0
[11/12] true rework queue doi__10.1007_s13659-014-0037-z
[12/12] true rework queue doi__10.1016_j.antiviral.2017.11.021
{
  "ok": true,
  "summary_path": "/root/work/抗菌肽/数据库/batch/4-team/reports/true_rework_queue_queue50_lane1_retry_20260501T124813Z.json",
  "latest_path": "/root/work/抗菌肽/数据库/batch/4-team/reports/true_rework_queue_queue50_lane1_retry_latest.json",
  "terminal_status_counts": {
    "accepted_after_rework": 7,
    "blocked_after_best_effort": 5
  }
}
