[1/12] true rework queue doi__10.1002_cbic.202100609
[2/12] true rework queue doi__10.1002_gch2.202200213
[3/12] true rework queue doi__10.1002_mbo3.606
[4/12] true rework queue doi__10.1002_pld3.42
[5/12] true rework queue doi__10.1007_s00018-023-04795-8
[6/12] true rework queue doi__10.1007_s00253-023-12887-5
[7/12] true rework queue doi__10.1007_s00726-012-1388-6
[8/12] true rework queue doi__10.1007_s10295-013-1259-5
[9/12] true rework queue doi__10.1007_s11274-016-2171-8
[10/12] true rework queue doi__10.1007_s12602-022-10036-4
[11/12] true rework queue doi__10.1016_j.antiviral.2005.10.005
[12/12] true rework queue doi__10.1016_j.antiviral.2022.105270
{
  "ok": true,
  "summary_path": "/root/work/抗菌肽/数据库/batch/4-team/reports/true_rework_queue_queue50_lane2_20260501T075055Z.json",
  "latest_path": "/root/work/抗菌肽/数据库/batch/4-team/reports/true_rework_queue_queue50_lane2_latest.json",
  "terminal_status_counts": {
    "blocked_after_best_effort": 3,
    "accepted_after_rework": 9
  }
}
