[1/12] true rework queue doi__10.1002_cbic.202100151
[2/12] true rework queue doi__10.1002_anie.201901589
[3/12] true rework queue doi__10.1002_mlf2.12123
[4/12] true rework queue doi__10.1002_pro.5088
[5/12] true rework queue doi__10.1007_s00253-012-4578-y
[6/12] true rework queue doi__10.1007_s00253-023-12947-w
[7/12] true rework queue doi__10.1007_s00726-017-2449-7
[8/12] true rework queue doi__10.1007_s10526-022-10132-y
[9/12] true rework queue doi__10.1007_s12539-016-0163-x
[10/12] true rework queue doi__10.1007_s12602-025-10542-1
[11/12] true rework queue doi__10.1016_j.antiviral.2008.10.001
[12/12] true rework queue doi__10.1016_j.apsb.2021.07.026
{
  "ok": true,
  "summary_path": "/root/work/抗菌肽/数据库/batch/4-team/reports/true_rework_queue_queue50_lane3_20260501T051114Z.json",
  "latest_path": "/root/work/抗菌肽/数据库/batch/4-team/reports/true_rework_queue_queue50_lane3_latest.json",
  "terminal_status_counts": {
    "accepted_after_rework": 10,
    "blocked_after_best_effort": 2
  }
}
