[1/20] true rework queue doi__10.1371_journal.pone.0222438
[2/20] true rework queue doi__10.1371_journal.pone.0223541
[3/20] true rework queue doi__10.1371_journal.pone.0228740
[4/20] true rework queue doi__10.1371_journal.pone.0229417
[5/20] true rework queue doi__10.1371_journal.pone.0235892
[6/20] true rework queue doi__10.1371_journal.pone.0249658
[7/20] true rework queue doi__10.1371_journal.pone.0257431
[8/20] true rework queue doi__10.1371_journal.pone.0260003
[9/20] true rework queue doi__10.1371_journal.pone.0278419
[10/20] true rework queue doi__10.1371_journal.ppat.1000144
[11/20] true rework queue doi__10.1371_journal.ppat.1000509
[12/20] true rework queue doi__10.1371_journal.ppat.1000698
[13/20] true rework queue doi__10.1371_journal.ppat.1000857
[14/20] true rework queue doi__10.1371_journal.ppat.1002331
[15/20] true rework queue doi__10.1371_journal.ppat.1002891
[16/20] true rework queue doi__10.1371_journal.ppat.1003425
[17/20] true rework queue doi__10.1371_journal.ppat.1004071
[18/20] true rework queue doi__10.1371_journal.ppat.1004152
[19/20] true rework queue doi__10.1371_journal.ppat.1005159
[20/20] true rework queue doi__10.1371_journal.ppat.1007552
{
  "ok": true,
  "summary_path": "/root/work/抗菌肽/数据库/batch/4-team/reports/true_rework_queue_next200_10lane_20260505T152139Z_lane05_20260506T090254Z.json",
  "latest_path": "/root/work/抗菌肽/数据库/batch/4-team/reports/true_rework_queue_next200_10lane_20260505T152139Z_lane05_latest.json",
  "terminal_status_counts": {
    "accepted_after_rework": 18,
    "blocked_after_best_effort": 2
  },
  "result_status_counts": {
    "accepted_after_rework": 18,
    "infrastructure_codex_worker_retry_exhausted": 2
  },
  "refined_status_counts": {
    "accepted_after_rework_attempt1": 10,
    "accepted_after_rework_attempt1_with_infra_retry": 8,
    "infrastructure_retry_exhausted_api_or_network": 1,
    "infrastructure_retry_exhausted_worker_nonzero_exit": 1
  },
  "followup_queue_manifest_paths": {
    "infra_recovery": "/root/work/抗菌肽/数据库/batch/4-team/reports/followup_queues/true_rework_queue_next200_10lane_20260505T152139Z_lane05_20260506T090254Z_infra_recovery.json",
    "watchdog_retry": "/root/work/抗菌肽/数据库/batch/4-team/reports/followup_queues/true_rework_queue_next200_10lane_20260505T152139Z_lane05_20260506T090254Z_watchdog_retry.json",
    "source_staging_needed": "/root/work/抗菌肽/数据库/batch/4-team/reports/followup_queues/true_rework_queue_next200_10lane_20260505T152139Z_lane05_20260506T090254Z_source_staging_needed.json",
    "parser_manual_extraction_needed": "/root/work/抗菌肽/数据库/batch/4-team/reports/followup_queues/true_rework_queue_next200_10lane_20260505T152139Z_lane05_20260506T090254Z_parser_manual_extraction_needed.json",
    "owner_context_rework_needed": "/root/work/抗菌肽/数据库/batch/4-team/reports/followup_queues/true_rework_queue_next200_10lane_20260505T152139Z_lane05_20260506T090254Z_owner_context_rework_needed.json"
  },
  "accepted_sample_audit_manifest_path": "/root/work/抗菌肽/数据库/batch/4-team/reports/followup_queues/true_rework_queue_next200_10lane_20260505T152139Z_lane05_20260506T090254Z_accepted_sample_audit.json"
}
