[1/12] true rework queue doi__10.1002_cmdc.201600498
[2/12] true rework queue doi__10.1002_advs.202507457
[3/12] true rework queue doi__10.1002_open.201800130
[4/12] true rework queue doi__10.1007_s00018-020-03755-w
[5/12] true rework queue doi__10.1007_s00253-016-7400-4
[6/12] true rework queue doi__10.1007_s00262-014-1540-0
[7/12] true rework queue doi__10.1007_s00726-017-2473-7
[8/12] true rework queue doi__10.1007_s10989-014-9423-y
[9/12] true rework queue doi__10.1007_s12602-018-9444-5
[10/12] true rework queue doi__10.1007_s13238-014-0061-0
[11/12] true rework queue doi__10.1016_j.antiviral.2013.11.013
[12/12] true rework queue doi__10.1016_j.bbrc.2004.04.141
{
  "ok": true,
  "summary_path": "/root/work/抗菌肽/数据库/batch/4-team/reports/true_rework_queue_queue50_lane4_20260501T060958Z.json",
  "latest_path": "/root/work/抗菌肽/数据库/batch/4-team/reports/true_rework_queue_queue50_lane4_latest.json",
  "terminal_status_counts": {
    "accepted_after_rework": 11,
    "blocked_after_best_effort": 1
  }
}
