[1/20] true rework queue doi__10.1371_journal.pone.0110735
[2/20] true rework queue doi__10.1371_journal.pone.0110809
[3/20] true rework queue doi__10.1371_journal.pone.0114453
[4/20] true rework queue doi__10.1371_journal.pone.0114605
[5/20] true rework queue doi__10.1371_journal.pone.0116259
[6/20] true rework queue doi__10.1371_journal.pone.0116379
[7/20] true rework queue doi__10.1371_journal.pone.0117394
[8/20] true rework queue doi__10.1371_journal.pone.0117913
[9/20] true rework queue doi__10.1371_journal.pone.0118170
[10/20] true rework queue doi__10.1371_journal.pone.0119525
[11/20] true rework queue doi__10.1371_journal.pone.0124210
[12/20] true rework queue doi__10.1371_journal.pone.0126390
[13/20] true rework queue doi__10.1371_journal.pone.0128532
[14/20] true rework queue doi__10.1371_journal.pone.0128576
[15/20] true rework queue doi__10.1371_journal.pone.0132701
[16/20] true rework queue doi__10.1371_journal.pone.0135961
[17/20] true rework queue doi__10.1371_journal.pone.0137414
[18/20] true rework queue doi__10.1371_journal.pone.0138911
[19/20] true rework queue doi__10.1371_journal.pone.0139578
[20/20] true rework queue doi__10.1371_journal.pone.0140377
{
  "ok": true,
  "summary_path": "/root/work/抗菌肽/数据库/batch/4-team/reports/true_rework_queue_next200_10lane_20260505T152139Z_lane02_20260506T044710Z.json",
  "latest_path": "/root/work/抗菌肽/数据库/batch/4-team/reports/true_rework_queue_next200_10lane_20260505T152139Z_lane02_latest.json",
  "terminal_status_counts": {
    "accepted_after_rework": 18,
    "blocked_after_best_effort": 2
  },
  "result_status_counts": {
    "accepted_after_rework": 18,
    "blocked_activity_table_extraction_gap": 1,
    "blocked_figure_chart_value_gap": 1
  },
  "refined_status_counts": {
    "accepted_after_rework_attempt1": 13,
    "accepted_after_rework_attempt1_with_infra_retry": 5,
    "blocked_parser_gap_activity_table": 1,
    "blocked_source_gap_figure_chart_exact_value": 1
  },
  "followup_queue_manifest_paths": {
    "infra_recovery": "/root/work/抗菌肽/数据库/batch/4-team/reports/followup_queues/true_rework_queue_next200_10lane_20260505T152139Z_lane02_20260506T044710Z_infra_recovery.json",
    "watchdog_retry": "/root/work/抗菌肽/数据库/batch/4-team/reports/followup_queues/true_rework_queue_next200_10lane_20260505T152139Z_lane02_20260506T044710Z_watchdog_retry.json",
    "source_staging_needed": "/root/work/抗菌肽/数据库/batch/4-team/reports/followup_queues/true_rework_queue_next200_10lane_20260505T152139Z_lane02_20260506T044710Z_source_staging_needed.json",
    "parser_manual_extraction_needed": "/root/work/抗菌肽/数据库/batch/4-team/reports/followup_queues/true_rework_queue_next200_10lane_20260505T152139Z_lane02_20260506T044710Z_parser_manual_extraction_needed.json",
    "owner_context_rework_needed": "/root/work/抗菌肽/数据库/batch/4-team/reports/followup_queues/true_rework_queue_next200_10lane_20260505T152139Z_lane02_20260506T044710Z_owner_context_rework_needed.json"
  },
  "accepted_sample_audit_manifest_path": "/root/work/抗菌肽/数据库/batch/4-team/reports/followup_queues/true_rework_queue_next200_10lane_20260505T152139Z_lane02_20260506T044710Z_accepted_sample_audit.json"
}
