{
  "state_path": "/home/cihebi/抗菌肽/数据集/batch/5-team/pipeline_v2/deepmine/dbaasp_strict_pilot/manifests/remaining_200_strict_review_state_20260726.json",
  "journal_path": "/home/cihebi/抗菌肽/数据集/batch/5-team/pipeline_v2/deepmine/dbaasp_strict_pilot/reports/remaining_200_strict_review_journal_20260726.jsonl",
  "updated_at": "2026-07-28T02:26:16.498018Z",
  "counts": {
    "frozen_denominator": 200,
    "terminal_scientific_review_complete": 8,
    "remaining_nonterminal": 192,
    "strict_material_ready": 200,
    "primary_material_recovery_required": 0,
    "structured_fulltext_recovery_required": 0,
    "declared_supplement_recovery_required": 0,
    "open_ticket_count": 21,
    "workflow_status": {
      "awaiting_independent_verifier": 1,
      "awaiting_leader_field_semantic_audit": 1,
      "needs_targeted_semantic_rework": 6,
      "ready_for_six_worker_review": 184,
      "terminal_scientific_review_complete": 8
    }
  },
  "next": {
    "paper_id": "PMC12715223",
    "queue_index": 4,
    "workflow_status": "needs_targeted_semantic_rework",
    "action": "leader_must_define_targeted_rework_ticket",
    "command": [],
    "shell_command": ""
  }
}
