{
  "state_path": "/home/cihebi/抗菌肽/数据集/batch/5-team/pipeline_v2/deepmine/dbaasp_strict_pilot/manifests/remaining_200_strict_review_state_20260726.json",
  "journal_path": "/home/cihebi/抗菌肽/数据集/batch/5-team/pipeline_v2/deepmine/dbaasp_strict_pilot/reports/remaining_200_strict_review_journal_20260726.jsonl",
  "updated_at": "2026-07-27T11:49:09.412554Z",
  "counts": {
    "frozen_denominator": 200,
    "terminal_scientific_review_complete": 2,
    "remaining_nonterminal": 198,
    "strict_material_ready": 200,
    "primary_material_recovery_required": 0,
    "structured_fulltext_recovery_required": 0,
    "declared_supplement_recovery_required": 0,
    "open_ticket_count": 7,
    "workflow_status": {
      "needs_targeted_semantic_rework": 5,
      "ready_for_six_worker_review": 189,
      "six_worker_review_in_progress": 4,
      "terminal_scientific_review_complete": 2
    }
  },
  "next": {
    "paper_id": "PMC11897483",
    "queue_index": 3,
    "workflow_status": "needs_targeted_semantic_rework",
    "action": "run_next_ticket_owner_then_recheck_leader_validator",
    "command": [
      "python3",
      "pipeline_v2/deepmine/dbaasp_strict_pilot.py",
      "run",
      "--paper-id",
      "PMC11897483",
      "--workers",
      "worker-2",
      "--timeout",
      "3600",
      "--merge-existing"
    ],
    "shell_command": "python3 pipeline_v2/deepmine/dbaasp_strict_pilot.py run --paper-id PMC11897483 --workers worker-2 --timeout 3600 --merge-existing"
  }
}
