----------------------------------------
Exception occurred during processing of request from ('127.0.0.1', 40234)
Traceback (most recent call last):
  File "/usr/lib/python3.10/socketserver.py", line 683, in process_request_thread
    self.finish_request(request, client_address)
  File "/usr/lib/python3.10/socketserver.py", line 360, in finish_request
    self.RequestHandlerClass(request, client_address, self)
  File "/usr/lib/python3.10/socketserver.py", line 747, in __init__
    self.handle()
  File "/usr/lib/python3.10/http/server.py", line 433, in handle
    self.handle_one_request()
  File "/usr/lib/python3.10/http/server.py", line 421, in handle_one_request
    method()
  File "/home/cihebi/抗菌肽/数据集/batch/5-team/pipeline_v2/review_server.py", line 286, in do_GET
    return self._send(200, data, ct)
  File "/home/cihebi/抗菌肽/数据集/batch/5-team/pipeline_v2/review_server.py", line 265, in _send
    self.wfile.write(b)
  File "/usr/lib/python3.10/socketserver.py", line 826, in write
    self._sock.sendall(b)
ConnectionResetError: [Errno 104] Connection reset by peer
----------------------------------------
----------------------------------------
Exception occurred during processing of request from ('127.0.0.1', 52466)
Traceback (most recent call last):
  File "/usr/lib/python3.10/socketserver.py", line 683, in process_request_thread
    self.finish_request(request, client_address)
  File "/usr/lib/python3.10/socketserver.py", line 360, in finish_request
    self.RequestHandlerClass(request, client_address, self)
  File "/usr/lib/python3.10/socketserver.py", line 747, in __init__
    self.handle()
  File "/usr/lib/python3.10/http/server.py", line 433, in handle
    self.handle_one_request()
  File "/usr/lib/python3.10/http/server.py", line 421, in handle_one_request
    method()
  File "/home/cihebi/抗菌肽/数据集/batch/5-team/pipeline_v2/review_server.py", line 286, in do_GET
    return self._send(200, data, ct)
  File "/home/cihebi/抗菌肽/数据集/batch/5-team/pipeline_v2/review_server.py", line 265, in _send
    self.wfile.write(b)
  File "/usr/lib/python3.10/socketserver.py", line 826, in write
    self._sock.sendall(b)
ConnectionResetError: [Errno 104] Connection reset by peer
----------------------------------------
----------------------------------------
Exception occurred during processing of request from ('127.0.0.1', 56994)
Traceback (most recent call last):
  File "/usr/lib/python3.10/socketserver.py", line 683, in process_request_thread
    self.finish_request(request, client_address)
  File "/usr/lib/python3.10/socketserver.py", line 360, in finish_request
    self.RequestHandlerClass(request, client_address, self)
  File "/usr/lib/python3.10/socketserver.py", line 747, in __init__
    self.handle()
  File "/usr/lib/python3.10/http/server.py", line 433, in handle
    self.handle_one_request()
  File "/usr/lib/python3.10/http/server.py", line 421, in handle_one_request
    method()
  File "/home/cihebi/抗菌肽/数据集/batch/5-team/pipeline_v2/review_server.py", line 286, in do_GET
    return self._send(200, data, ct)
  File "/home/cihebi/抗菌肽/数据集/batch/5-team/pipeline_v2/review_server.py", line 265, in _send
    self.wfile.write(b)
  File "/usr/lib/python3.10/socketserver.py", line 826, in write
    self._sock.sendall(b)
ConnectionResetError: [Errno 104] Connection reset by peer
----------------------------------------
