{
  "generated_at_utc": "2026-07-13T07:09:40.899324+00:00",
  "manifest": "pipeline_v2/deepmine/dbaasp_strict_pilot/papers/PMC13036000/work/activity_evidence/one_paper_packet_gate_manifest.json",
  "paper_count": 1,
  "review_status": {
    "accepted_with_cautions": 1
  },
  "counts": {
    "activity_records": 8,
    "mechanism_claims": 5
  },
  "issue_log_counts": {},
  "risk_counts": {
    "invalid_normalization_status": 10
  },
  "risk_examples": {
    "invalid_normalization_status": [
      {
        "paper_id": "PMC13036000",
        "normalization_status": "not_normalized_zone_diameter_endpoint",
        "evidence_kind": "activity",
        "record_index": 0,
        "record_id": "PMC13036000-ACT-001"
      },
      {
        "paper_id": "PMC13036000",
        "normalization_status": "not_normalized_zone_diameter_endpoint",
        "evidence_kind": "activity",
        "record_index": 1,
        "record_id": "PMC13036000-ACT-002"
      },
      {
        "paper_id": "PMC13036000",
        "normalization_status": "not_normalized_zone_diameter_endpoint",
        "evidence_kind": "activity",
        "record_index": 2,
        "record_id": "PMC13036000-ACT-003"
      },
      {
        "paper_id": "PMC13036000",
        "normalization_status": "not_normalized_zone_diameter_endpoint",
        "evidence_kind": "activity",
        "record_index": 3,
        "record_id": "PMC13036000-ACT-004"
      },
      {
        "paper_id": "PMC13036000",
        "normalization_status": "not_normalized_zone_diameter_endpoint",
        "evidence_kind": "activity",
        "record_index": 4,
        "record_id": "PMC13036000-ACT-005"
      }
    ]
  },
  "publication_grade_pass": false
}
