{
  "paper_count": 1,
  "publication_grade_pass_count": 0,
  "publication_grade_fail_count": 1,
  "failed_papers": [
    "PMC13036000"
  ],
  "results": [
    {
      "paper_id": "PMC13036000",
      "publication_grade_pass": false,
      "issue_count": 12,
      "issues": [
        {
          "severity": "hard",
          "layer": "activity",
          "code": "invalid_normalization_status",
          "normalization_status": "not_normalized_zone_diameter_endpoint",
          "evidence_kind": "activity",
          "record_index": 0,
          "record_id": "PMC13036000-ACT-001"
        },
        {
          "severity": "hard",
          "layer": "activity",
          "code": "invalid_normalization_status",
          "normalization_status": "not_normalized_zone_diameter_endpoint",
          "evidence_kind": "activity",
          "record_index": 1,
          "record_id": "PMC13036000-ACT-002"
        },
        {
          "severity": "hard",
          "layer": "activity",
          "code": "invalid_normalization_status",
          "normalization_status": "not_normalized_zone_diameter_endpoint",
          "evidence_kind": "activity",
          "record_index": 2,
          "record_id": "PMC13036000-ACT-003"
        },
        {
          "severity": "hard",
          "layer": "activity",
          "code": "invalid_normalization_status",
          "normalization_status": "not_normalized_zone_diameter_endpoint",
          "evidence_kind": "activity",
          "record_index": 3,
          "record_id": "PMC13036000-ACT-004"
        },
        {
          "severity": "hard",
          "layer": "activity",
          "code": "invalid_normalization_status",
          "normalization_status": "not_normalized_zone_diameter_endpoint",
          "evidence_kind": "activity",
          "record_index": 4,
          "record_id": "PMC13036000-ACT-005"
        },
        {
          "severity": "hard",
          "layer": "activity",
          "code": "invalid_normalization_status",
          "normalization_status": "not_normalized_zone_diameter_endpoint",
          "evidence_kind": "activity",
          "record_index": 5,
          "record_id": "PMC13036000-ACT-006"
        },
        {
          "severity": "hard",
          "layer": "activity",
          "code": "invalid_normalization_status",
          "normalization_status": "not_normalized_nanoparticle_mass_concentration",
          "evidence_kind": "activity",
          "record_index": 6,
          "record_id": "PMC13036000-ACT-007"
        },
        {
          "severity": "hard",
          "layer": "activity",
          "code": "invalid_normalization_status",
          "normalization_status": "not_normalized_nanoparticle_mass_concentration",
          "evidence_kind": "activity",
          "record_index": 7,
          "record_id": "PMC13036000-ACT-008"
        },
        {
          "severity": "hard",
          "layer": "activity",
          "code": "invalid_normalization_status",
          "normalization_status": "not_normalized_nanoparticle_mass_concentration",
          "evidence_kind": "toxicity",
          "record_index": 0,
          "record_id": "PMC13036000-TOX-001"
        },
        {
          "severity": "hard",
          "layer": "activity",
          "code": "invalid_normalization_status",
          "normalization_status": "percentage_not_normalized",
          "evidence_kind": "toxicity",
          "record_index": 1,
          "record_id": "PMC13036000-TOX-002"
        },
        {
          "severity": "hard",
          "layer": "review",
          "code": "accepted_despite_hard_gate_issues"
        },
        {
          "severity": "hard",
          "layer": "review",
          "code": "missing_rework_targets_for_hard_gate_issues"
        }
      ]
    }
  ]
}
