[1/6] true rework queue doi__10.1016_j.antiviral.2005.10.005
[2/6] true rework queue doi__10.1021_acs.jmedchem.9b01078
[3/6] true rework queue doi__10.1038_s41392-021-00698-x
[4/6] true rework queue doi__10.1038_s41467-019-10754-4
[5/6] true rework queue doi__10.1080_22221751.2021.1937329
[6/6] true rework queue doi__10.1186_1743-422x-6-187
{
  "ok": true,
  "summary_path": "/root/work/抗菌肽/数据库/batch/4-team/reports/true_rework_queue_needs_targeted_owner_nonzero_gate_return_lane01_20260620T090048Z_20260620T094234Z.json",
  "latest_path": "/root/work/抗菌肽/数据库/batch/4-team/reports/true_rework_queue_needs_targeted_owner_nonzero_gate_return_lane01_20260620T090048Z_latest.json",
  "terminal_status_counts": {
    "accepted_before_worker_rework": 2,
    "accepted_after_rework": 1,
    "blocked_after_best_effort": 3
  },
  "result_status_counts": {
    "accepted_before_worker_rework": 2,
    "accepted_after_rework": 1,
    "blocked_missing_external_supplement": 1,
    "infrastructure_codex_worker_failed": 2
  },
  "refined_status_counts": {
    "accepted_after_rework_attempt1": 1,
    "accepted_clean_initial_gate_pass": 2,
    "blocked_source_gap_missing_external_supplement": 1,
    "unclassified_queue_status": 2
  },
  "followup_queue_manifest_paths": {
    "infra_recovery": "/root/work/抗菌肽/数据库/batch/4-team/reports/followup_queues/true_rework_queue_needs_targeted_owner_nonzero_gate_return_lane01_20260620T090048Z_20260620T094234Z_infra_recovery.json",
    "watchdog_retry": "/root/work/抗菌肽/数据库/batch/4-team/reports/followup_queues/true_rework_queue_needs_targeted_owner_nonzero_gate_return_lane01_20260620T090048Z_20260620T094234Z_watchdog_retry.json",
    "source_staging_needed": "/root/work/抗菌肽/数据库/batch/4-team/reports/followup_queues/true_rework_queue_needs_targeted_owner_nonzero_gate_return_lane01_20260620T090048Z_20260620T094234Z_source_staging_needed.json",
    "parser_manual_extraction_needed": "/root/work/抗菌肽/数据库/batch/4-team/reports/followup_queues/true_rework_queue_needs_targeted_owner_nonzero_gate_return_lane01_20260620T090048Z_20260620T094234Z_parser_manual_extraction_needed.json",
    "owner_context_rework_needed": "/root/work/抗菌肽/数据库/batch/4-team/reports/followup_queues/true_rework_queue_needs_targeted_owner_nonzero_gate_return_lane01_20260620T090048Z_20260620T094234Z_owner_context_rework_needed.json"
  },
  "accepted_sample_audit_manifest_path": "/root/work/抗菌肽/数据库/batch/4-team/reports/followup_queues/true_rework_queue_needs_targeted_owner_nonzero_gate_return_lane01_20260620T090048Z_20260620T094234Z_accepted_sample_audit.json"
}
