[1/6] true rework queue doi__10.1016_j.antiviral.2008.10.001
[2/6] true rework queue doi__10.1021_acs.jnatprod.0c01104
[3/6] true rework queue doi__10.1038_s41422-020-0305-x
[4/6] true rework queue doi__10.1038_s41467-020-17736-x
[5/6] true rework queue doi__10.1093_infdis_jiv325
[6/6] true rework queue doi__10.1371_journal.pone.0080050
{
  "ok": true,
  "summary_path": "/root/work/抗菌肽/数据库/batch/4-team/reports/true_rework_queue_needs_targeted_owner_nonzero_gate_return_lane02_20260620T090048Z_20260620T093834Z.json",
  "latest_path": "/root/work/抗菌肽/数据库/batch/4-team/reports/true_rework_queue_needs_targeted_owner_nonzero_gate_return_lane02_20260620T090048Z_latest.json",
  "terminal_status_counts": {
    "accepted_before_worker_rework": 1,
    "accepted_after_rework": 2,
    "blocked_after_best_effort": 3
  },
  "result_status_counts": {
    "accepted_before_worker_rework": 1,
    "accepted_after_rework": 2,
    "infrastructure_codex_worker_failed": 3
  },
  "refined_status_counts": {
    "accepted_after_rework_attempt1": 2,
    "accepted_clean_initial_gate_pass": 1,
    "unclassified_queue_status": 3
  },
  "followup_queue_manifest_paths": {
    "infra_recovery": "/root/work/抗菌肽/数据库/batch/4-team/reports/followup_queues/true_rework_queue_needs_targeted_owner_nonzero_gate_return_lane02_20260620T090048Z_20260620T093834Z_infra_recovery.json",
    "watchdog_retry": "/root/work/抗菌肽/数据库/batch/4-team/reports/followup_queues/true_rework_queue_needs_targeted_owner_nonzero_gate_return_lane02_20260620T090048Z_20260620T093834Z_watchdog_retry.json",
    "source_staging_needed": "/root/work/抗菌肽/数据库/batch/4-team/reports/followup_queues/true_rework_queue_needs_targeted_owner_nonzero_gate_return_lane02_20260620T090048Z_20260620T093834Z_source_staging_needed.json",
    "parser_manual_extraction_needed": "/root/work/抗菌肽/数据库/batch/4-team/reports/followup_queues/true_rework_queue_needs_targeted_owner_nonzero_gate_return_lane02_20260620T090048Z_20260620T093834Z_parser_manual_extraction_needed.json",
    "owner_context_rework_needed": "/root/work/抗菌肽/数据库/batch/4-team/reports/followup_queues/true_rework_queue_needs_targeted_owner_nonzero_gate_return_lane02_20260620T090048Z_20260620T093834Z_owner_context_rework_needed.json"
  },
  "accepted_sample_audit_manifest_path": "/root/work/抗菌肽/数据库/batch/4-team/reports/followup_queues/true_rework_queue_needs_targeted_owner_nonzero_gate_return_lane02_20260620T090048Z_20260620T093834Z_accepted_sample_audit.json"
}
