[1/6] true rework queue doi__10.1016_j.apsb.2021.07.026
[2/6] true rework queue doi__10.1021_acsinfecdis.9b00157
[3/6] true rework queue doi__10.1038_s41422-022-00617-x
[4/6] true rework queue doi__10.1038_s41467-020-17986-9
[5/6] true rework queue doi__10.1099_jgv.0.001453
[6/6] true rework queue doi__10.1371_journal.ppat.1007552
{
  "ok": true,
  "summary_path": "/root/work/抗菌肽/数据库/batch/4-team/reports/true_rework_queue_needs_targeted_owner_nonzero_gate_return_lane03_20260620T090048Z_20260620T100828Z.json",
  "latest_path": "/root/work/抗菌肽/数据库/batch/4-team/reports/true_rework_queue_needs_targeted_owner_nonzero_gate_return_lane03_20260620T090048Z_latest.json",
  "terminal_status_counts": {
    "accepted_after_rework": 4,
    "blocked_after_best_effort": 2
  },
  "result_status_counts": {
    "accepted_after_rework": 4,
    "infrastructure_codex_worker_failed": 2
  },
  "refined_status_counts": {
    "accepted_after_rework_attempt1": 4,
    "unclassified_queue_status": 2
  },
  "followup_queue_manifest_paths": {
    "infra_recovery": "/root/work/抗菌肽/数据库/batch/4-team/reports/followup_queues/true_rework_queue_needs_targeted_owner_nonzero_gate_return_lane03_20260620T090048Z_20260620T100828Z_infra_recovery.json",
    "watchdog_retry": "/root/work/抗菌肽/数据库/batch/4-team/reports/followup_queues/true_rework_queue_needs_targeted_owner_nonzero_gate_return_lane03_20260620T090048Z_20260620T100828Z_watchdog_retry.json",
    "source_staging_needed": "/root/work/抗菌肽/数据库/batch/4-team/reports/followup_queues/true_rework_queue_needs_targeted_owner_nonzero_gate_return_lane03_20260620T090048Z_20260620T100828Z_source_staging_needed.json",
    "parser_manual_extraction_needed": "/root/work/抗菌肽/数据库/batch/4-team/reports/followup_queues/true_rework_queue_needs_targeted_owner_nonzero_gate_return_lane03_20260620T090048Z_20260620T100828Z_parser_manual_extraction_needed.json",
    "owner_context_rework_needed": "/root/work/抗菌肽/数据库/batch/4-team/reports/followup_queues/true_rework_queue_needs_targeted_owner_nonzero_gate_return_lane03_20260620T090048Z_20260620T100828Z_owner_context_rework_needed.json"
  },
  "accepted_sample_audit_manifest_path": "/root/work/抗菌肽/数据库/batch/4-team/reports/followup_queues/true_rework_queue_needs_targeted_owner_nonzero_gate_return_lane03_20260620T090048Z_20260620T100828Z_accepted_sample_audit.json"
}
