[1/6] true rework queue doi__10.1021_acs.jmedchem.1c00477
[2/6] true rework queue doi__10.1038_ncomms4067
[3/6] true rework queue doi__10.1038_s41467-017-00419-5
[4/6] true rework queue doi__10.1073_pnas.2210990119
[5/6] true rework queue doi__10.1126_science.abf4896
[6/6] true rework queue doi__10.3390_v11010056
{
  "ok": true,
  "summary_path": "/root/work/抗菌肽/数据库/batch/4-team/reports/true_rework_queue_needs_targeted_owner_nonzero_gate_return_lane05_20260620T090048Z_20260620T094320Z.json",
  "latest_path": "/root/work/抗菌肽/数据库/batch/4-team/reports/true_rework_queue_needs_targeted_owner_nonzero_gate_return_lane05_20260620T090048Z_latest.json",
  "terminal_status_counts": {
    "accepted_before_worker_rework": 1,
    "blocked_after_best_effort": 4,
    "accepted_after_rework": 1
  },
  "result_status_counts": {
    "accepted_before_worker_rework": 1,
    "infrastructure_codex_worker_failed": 4,
    "accepted_after_rework": 1
  },
  "refined_status_counts": {
    "accepted_after_rework_attempt1": 1,
    "accepted_clean_initial_gate_pass": 1,
    "unclassified_queue_status": 4
  },
  "followup_queue_manifest_paths": {
    "infra_recovery": "/root/work/抗菌肽/数据库/batch/4-team/reports/followup_queues/true_rework_queue_needs_targeted_owner_nonzero_gate_return_lane05_20260620T090048Z_20260620T094320Z_infra_recovery.json",
    "watchdog_retry": "/root/work/抗菌肽/数据库/batch/4-team/reports/followup_queues/true_rework_queue_needs_targeted_owner_nonzero_gate_return_lane05_20260620T090048Z_20260620T094320Z_watchdog_retry.json",
    "source_staging_needed": "/root/work/抗菌肽/数据库/batch/4-team/reports/followup_queues/true_rework_queue_needs_targeted_owner_nonzero_gate_return_lane05_20260620T090048Z_20260620T094320Z_source_staging_needed.json",
    "parser_manual_extraction_needed": "/root/work/抗菌肽/数据库/batch/4-team/reports/followup_queues/true_rework_queue_needs_targeted_owner_nonzero_gate_return_lane05_20260620T090048Z_20260620T094320Z_parser_manual_extraction_needed.json",
    "owner_context_rework_needed": "/root/work/抗菌肽/数据库/batch/4-team/reports/followup_queues/true_rework_queue_needs_targeted_owner_nonzero_gate_return_lane05_20260620T090048Z_20260620T094320Z_owner_context_rework_needed.json"
  },
  "accepted_sample_audit_manifest_path": "/root/work/抗菌肽/数据库/batch/4-team/reports/followup_queues/true_rework_queue_needs_targeted_owner_nonzero_gate_return_lane05_20260620T090048Z_20260620T094320Z_accepted_sample_audit.json"
}
