[1/6] true rework queue doi__10.1016_j.peptides.2011.05.015
[2/6] true rework queue doi__10.1021_acsomega.2c02203
[3/6] true rework queue doi__10.1038_s41423-020-0374-2
[4/6] true rework queue doi__10.1038_s41467-021-21825-w
[5/6] true rework queue doi__10.1126_science.abd9909
[6/6] true rework queue doi__10.3390_v11010031
{
  "ok": true,
  "summary_path": "/root/work/抗菌肽/数据库/batch/4-team/reports/true_rework_queue_needs_targeted_owner_nonzero_gate_return_lane04_20260620T090048Z_20260620T093152Z.json",
  "latest_path": "/root/work/抗菌肽/数据库/batch/4-team/reports/true_rework_queue_needs_targeted_owner_nonzero_gate_return_lane04_20260620T090048Z_latest.json",
  "terminal_status_counts": {
    "accepted_before_worker_rework": 1,
    "accepted_after_rework": 1,
    "blocked_after_best_effort": 4
  },
  "result_status_counts": {
    "accepted_before_worker_rework": 1,
    "accepted_after_rework": 1,
    "infrastructure_codex_worker_failed": 4
  },
  "refined_status_counts": {
    "accepted_after_rework_attempt1": 1,
    "accepted_clean_initial_gate_pass": 1,
    "unclassified_queue_status": 4
  },
  "followup_queue_manifest_paths": {
    "infra_recovery": "/root/work/抗菌肽/数据库/batch/4-team/reports/followup_queues/true_rework_queue_needs_targeted_owner_nonzero_gate_return_lane04_20260620T090048Z_20260620T093152Z_infra_recovery.json",
    "watchdog_retry": "/root/work/抗菌肽/数据库/batch/4-team/reports/followup_queues/true_rework_queue_needs_targeted_owner_nonzero_gate_return_lane04_20260620T090048Z_20260620T093152Z_watchdog_retry.json",
    "source_staging_needed": "/root/work/抗菌肽/数据库/batch/4-team/reports/followup_queues/true_rework_queue_needs_targeted_owner_nonzero_gate_return_lane04_20260620T090048Z_20260620T093152Z_source_staging_needed.json",
    "parser_manual_extraction_needed": "/root/work/抗菌肽/数据库/batch/4-team/reports/followup_queues/true_rework_queue_needs_targeted_owner_nonzero_gate_return_lane04_20260620T090048Z_20260620T093152Z_parser_manual_extraction_needed.json",
    "owner_context_rework_needed": "/root/work/抗菌肽/数据库/batch/4-team/reports/followup_queues/true_rework_queue_needs_targeted_owner_nonzero_gate_return_lane04_20260620T090048Z_20260620T093152Z_owner_context_rework_needed.json"
  },
  "accepted_sample_audit_manifest_path": "/root/work/抗菌肽/数据库/batch/4-team/reports/followup_queues/true_rework_queue_needs_targeted_owner_nonzero_gate_return_lane04_20260620T090048Z_20260620T093152Z_accepted_sample_audit.json"
}
