{
  "generated_at_utc": "2026-07-15T10:41:46.226725+00:00",
  "manifest": "pipeline_v2/deepmine/dbaasp_strict_pilot/manifests/dbaasp_strict_pilot_PMC11752523_acceptance_manifest.json",
  "paper_count": 1,
  "review_status": {
    "needs_targeted_rework": 1
  },
  "counts": {
    "activity_records": 40,
    "mechanism_claims": 5
  },
  "issue_log_counts": {},
  "risk_counts": {
    "open_rework_targets": 1
  },
  "risk_examples": {
    "open_rework_targets": [
      {
        "paper_id": "PMC11752523",
        "count": null
      }
    ]
  },
  "publication_grade_pass": false
}
