{
  "generated_at_utc": "2026-07-27T09:30:10.234428+00:00",
  "manifest": "pipeline_v2/deepmine/dbaasp_strict_pilot/papers/PMC13066039/work/mechanism_ontology/worker5_single_paper_manifest.json",
  "paper_count": 1,
  "review_status": {
    "needs_targeted_rework": 1
  },
  "counts": {
    "activity_records": 1,
    "mechanism_claims": 5
  },
  "issue_log_counts": {},
  "risk_counts": {
    "open_rework_targets": 1
  },
  "risk_examples": {
    "open_rework_targets": [
      {
        "paper_id": "PMC13066039",
        "count": null
      }
    ]
  },
  "publication_grade_pass": false
}
